Archive member included to satisfy reference by file (symbol)

d:/pico/armcc/10 2021.10/bin/../lib/gcc/arm-none-eabi/10.3.1/thumb/v6-m/nofp\libgcc.a(_dvmd_tls.o)
                              CMakeFiles/main_blinky.dir/D_/pico/pico-sdk/src/rp2_common/pico_divider/divider.S.obj (__aeabi_idiv0)
d:/pico/armcc/10 2021.10/bin/../lib/gcc/arm-none-eabi/10.3.1/../../../../arm-none-eabi/lib/thumb/v6-m/nofp\libg.a(lib_a-calloc.o)
                              CMakeFiles/main_blinky.dir/D_/pico/pico-sdk/src/rp2_common/pico_malloc/pico_malloc.c.obj (calloc)
d:/pico/armcc/10 2021.10/bin/../lib/gcc/arm-none-eabi/10.3.1/../../../../arm-none-eabi/lib/thumb/v6-m/nofp\libg.a(lib_a-callocr.o)
                              d:/pico/armcc/10 2021.10/bin/../lib/gcc/arm-none-eabi/10.3.1/../../../../arm-none-eabi/lib/thumb/v6-m/nofp\libg.a(lib_a-calloc.o) (_calloc_r)
d:/pico/armcc/10 2021.10/bin/../lib/gcc/arm-none-eabi/10.3.1/../../../../arm-none-eabi/lib/thumb/v6-m/nofp\libg.a(lib_a-errno.o)
                              d:/pico/armcc/10 2021.10/bin/../lib/gcc/arm-none-eabi/10.3.1/../../../../arm-none-eabi/lib/thumb/v6-m/nofp\libg.a(lib_a-callocr.o) (__errno)
d:/pico/armcc/10 2021.10/bin/../lib/gcc/arm-none-eabi/10.3.1/../../../../arm-none-eabi/lib/thumb/v6-m/nofp\libg.a(lib_a-impure.o)
                              d:/pico/armcc/10 2021.10/bin/../lib/gcc/arm-none-eabi/10.3.1/../../../../arm-none-eabi/lib/thumb/v6-m/nofp\libg.a(lib_a-calloc.o) (_impure_ptr)
d:/pico/armcc/10 2021.10/bin/../lib/gcc/arm-none-eabi/10.3.1/../../../../arm-none-eabi/lib/thumb/v6-m/nofp\libg.a(lib_a-init.o)
                              d:/pico/armcc/10 2021.10/bin/../lib/gcc/arm-none-eabi/10.3.1/../../../../arm-none-eabi/lib/thumb/v6-m/nofp/crt0.o (__libc_init_array)
d:/pico/armcc/10 2021.10/bin/../lib/gcc/arm-none-eabi/10.3.1/../../../../arm-none-eabi/lib/thumb/v6-m/nofp\libg.a(lib_a-malloc.o)
                              CMakeFiles/main_blinky.dir/D_/pico/pico-sdk/src/rp2_common/pico_malloc/pico_malloc.c.obj (malloc)
d:/pico/armcc/10 2021.10/bin/../lib/gcc/arm-none-eabi/10.3.1/../../../../arm-none-eabi/lib/thumb/v6-m/nofp\libg.a(lib_a-mallocr.o)
                              d:/pico/armcc/10 2021.10/bin/../lib/gcc/arm-none-eabi/10.3.1/../../../../arm-none-eabi/lib/thumb/v6-m/nofp\libg.a(lib_a-callocr.o) (_malloc_r)
d:/pico/armcc/10 2021.10/bin/../lib/gcc/arm-none-eabi/10.3.1/../../../../arm-none-eabi/lib/thumb/v6-m/nofp\libg.a(lib_a-mlock.o)
                              d:/pico/armcc/10 2021.10/bin/../lib/gcc/arm-none-eabi/10.3.1/../../../../arm-none-eabi/lib/thumb/v6-m/nofp\libg.a(lib_a-mallocr.o) (__malloc_lock)
d:/pico/armcc/10 2021.10/bin/../lib/gcc/arm-none-eabi/10.3.1/../../../../arm-none-eabi/lib/thumb/v6-m/nofp\libg.a(lib_a-realloc.o)
                              CMakeFiles/main_blinky.dir/D_/pico/pico-sdk/src/rp2_common/pico_malloc/pico_malloc.c.obj (realloc)
d:/pico/armcc/10 2021.10/bin/../lib/gcc/arm-none-eabi/10.3.1/../../../../arm-none-eabi/lib/thumb/v6-m/nofp\libg.a(lib_a-reallocr.o)
                              d:/pico/armcc/10 2021.10/bin/../lib/gcc/arm-none-eabi/10.3.1/../../../../arm-none-eabi/lib/thumb/v6-m/nofp\libg.a(lib_a-realloc.o) (_realloc_r)
d:/pico/armcc/10 2021.10/bin/../lib/gcc/arm-none-eabi/10.3.1/../../../../arm-none-eabi/lib/thumb/v6-m/nofp\libg.a(lib_a-sbrkr.o)
                              d:/pico/armcc/10 2021.10/bin/../lib/gcc/arm-none-eabi/10.3.1/../../../../arm-none-eabi/lib/thumb/v6-m/nofp\libg.a(lib_a-mallocr.o) (_sbrk_r)
d:/pico/armcc/10 2021.10/bin/../lib/gcc/arm-none-eabi/10.3.1/../../../../arm-none-eabi/lib/thumb/v6-m/nofp\libg.a(lib_a-strlen-stub.o)
                              CMakeFiles/main_blinky.dir/D_/pico/pico-sdk/src/rp2_common/pico_stdio/stdio.c.obj (strlen)
d:/pico/armcc/10 2021.10/bin/../lib/gcc/arm-none-eabi/10.3.1/../../../../arm-none-eabi/lib/thumb/v6-m/nofp\libg.a(lib_a-freer.o)
                              d:/pico/armcc/10 2021.10/bin/../lib/gcc/arm-none-eabi/10.3.1/../../../../arm-none-eabi/lib/thumb/v6-m/nofp\libg.a(lib_a-malloc.o) (_free_r)
d:/pico/armcc/10 2021.10/bin/../lib/gcc/arm-none-eabi/10.3.1/../../../../arm-none-eabi/lib/thumb/v6-m/nofp\libg.a(lib_a-lock.o)
                              d:/pico/armcc/10 2021.10/bin/../lib/gcc/arm-none-eabi/10.3.1/../../../../arm-none-eabi/lib/thumb/v6-m/nofp\libg.a(lib_a-mlock.o) (__retarget_lock_acquire_recursive)
d:/pico/armcc/10 2021.10/bin/../lib/gcc/arm-none-eabi/10.3.1/../../../../arm-none-eabi/lib/thumb/v6-m/nofp\libg.a(lib_a-memmove.o)
                              d:/pico/armcc/10 2021.10/bin/../lib/gcc/arm-none-eabi/10.3.1/../../../../arm-none-eabi/lib/thumb/v6-m/nofp\libg.a(lib_a-reallocr.o) (memmove)
d:/pico/armcc/10 2021.10/bin/../lib/gcc/arm-none-eabi/10.3.1/../../../../arm-none-eabi/lib/thumb/v6-m/nofp\libg.a(lib_a-reent.o)
                              d:/pico/armcc/10 2021.10/bin/../lib/gcc/arm-none-eabi/10.3.1/../../../../arm-none-eabi/lib/thumb/v6-m/nofp\libg.a(lib_a-sbrkr.o) (errno)

[...]
Memory Configuration

Name             Origin             Length             Attributes
FLASH            0x10000000         0x00200000         xr
RAM              0x20000000         0x00040000         xrw
SCRATCH_X        0x20040000         0x00001000         xrw
SCRATCH_Y        0x20041000         0x00001000         xrw
*default*        0x00000000         0xffffffff

Linker script and memory map

LOAD d:/pico/armcc/10 2021.10/bin/../lib/gcc/arm-none-eabi/10.3.1/thumb/v6-m/nofp/crti.o
LOAD d:/pico/armcc/10 2021.10/bin/../lib/gcc/arm-none-eabi/10.3.1/thumb/v6-m/nofp/crtbegin.o
LOAD d:/pico/armcc/10 2021.10/bin/../lib/gcc/arm-none-eabi/10.3.1/../../../../arm-none-eabi/lib/thumb/v6-m/nofp/crt0.o

.flash_begin    0x10000000        0x0
                0x10000000                __flash_binary_start = .

.boot2          0x10000000      0x100
                0x10000000                __boot2_start__ = .
 *(.boot2)
 .boot2         0x10000000      0x100 C:\Users\ployy\AppData\Local\Temp\ccSEzidY.o
                0x10000100                __boot2_end__ = .
                0x00000001                ASSERT (((__boot2_end__ - __boot2_start__) == 0x100), ERROR: Pico second stage bootloader must be 256 bytes in size)

.text           0x10000100     0x55a8
                0x10000100                __logical_binary_start = .
 *(.vectors)
 .vectors       0x10000100       0xd4 CMakeFiles/main_blinky.dir/D_/pico/pico-sdk/src/rp2_common/pico_standard_link/crt0.S.obj
                0x10000100                __VECTOR_TABLE
                0x10000100                __vectors
                0x100001c0                isr_invalid
                0x100001c0                __default_isrs_start
                0x100001c2                isr_nmi
                0x100001c4                isr_hardfault
                0x100001c6                isr_svcall
                0x100001c8                isr_pendsv
                0x100001ca                isr_systick
                0x100001cc                isr_irq23
                0x100001cc                isr_irq18
                0x100001cc                isr_irq11
                0x100001cc                isr_irq28
                0x100001cc                isr_irq19
                0x100001cc                isr_irq0
                0x100001cc                isr_irq6
                0x100001cc                isr_irq5
                0x100001cc                isr_irq12
                0x100001cc                isr_irq22
                0x100001cc                isr_irq31
                0x100001cc                isr_irq17
                0x100001cc                isr_irq27
                0x100001cc                isr_irq30
                0x100001cc                isr_irq2
                0x100001cc                isr_irq10
                0x100001cc                isr_irq8
                0x100001cc                isr_irq24
                0x100001cc                isr_irq1
                0x100001cc                isr_irq7
                0x100001cc                isr_irq21
                0x100001cc                isr_irq20
                0x100001cc                isr_irq15
                0x100001cc                isr_irq25
                0x100001cc                isr_irq13
                0x100001cc                __unhandled_user_irq
                0x100001cc                isr_irq4
                0x100001cc                isr_irq16
                0x100001cc                isr_irq29
                0x100001cc                isr_irq26
                0x100001cc                __default_isrs_end
                0x100001cc                isr_irq3
                0x100001cc                isr_irq14
                0x100001cc                isr_irq9
                0x100001d2                unhandled_user_irq_num_in_r0
 *(.binary_info_header)
 .binary_info_header
                0x100001d4       0x14 CMakeFiles/main_blinky.dir/D_/pico/pico-sdk/src/rp2_common/pico_standard_link/crt0.S.obj
                0x100001e8                __binary_info_header_end = .
 *(.reset)
 .reset         0x100001e8       0xa8 CMakeFiles/main_blinky.dir/D_/pico/pico-sdk/src/rp2_common/pico_standard_link/crt0.S.obj
                0x100001e8                _entry_point
                0x10000266                __get_current_exception
 .reset         0x10000290       0x30 CMakeFiles/main_blinky.dir/D_/pico/pico-sdk/src/rp2_common/pico_standard_link/binary_info.c.obj
 *(.init)
 .init          0x100002c0        0x4 d:/pico/armcc/10 2021.10/bin/../lib/gcc/arm-none-eabi/10.3.1/thumb/v6-m/nofp/crti.o
                0x100002c0                _init
 *(EXCLUDE_FILE(*libm.a: *libc.a:*lib_a-mem*.o *libgcc.a:) .text*)
 .text          0x100002c4       0x48 d:/pico/armcc/10 2021.10/bin/../lib/gcc/arm-none-eabi/10.3.1/thumb/v6-m/nofp/crtbegin.o
 .text.prvSetupHardware
                0x1000030c       0x1a CMakeFiles/main_blinky.dir/main.c.obj
 .text.main     0x10000326        0xa CMakeFiles/main_blinky.dir/main.c.obj
                0x10000326                main
 .text.vApplicationMallocFailedHook
                0x10000330       0x1c CMakeFiles/main_blinky.dir/main.c.obj
                0x10000330                vApplicationMallocFailedHook
 .text.vApplicationTickHook
                0x1000034c        0x2 CMakeFiles/main_blinky.dir/main.c.obj
                0x1000034c                vApplicationTickHook
 *fill*         0x1000034e        0x2 
 .text.gpio_set_function
                0x10000350       0x30 CMakeFiles/main_blinky.dir/D_/pico/pico-sdk/src/rp2_common/hardware_gpio/gpio.c.obj
                0x10000350                gpio_set_function
 .text.gpio_init
                0x10000380       0x16 CMakeFiles/main_blinky.dir/D_/pico/pico-sdk/src/rp2_common/hardware_gpio/gpio.c.obj
                0x10000380                gpio_init
 *fill*         0x10000396        0x2 
 .text.hw_claim_lock
                0x10000398       0x18 CMakeFiles/main_blinky.dir/D_/pico/pico-sdk/src/rp2_common/hardware_claim/claim.c.obj
                0x10000398                hw_claim_lock
 .text.hw_claim_unlock
                0x100003b0       0x14 CMakeFiles/main_blinky.dir/D_/pico/pico-sdk/src/rp2_common/hardware_claim/claim.c.obj
                0x100003b0                hw_claim_unlock
 .text.hw_claim_or_assert
                0x100003c4       0x32 CMakeFiles/main_blinky.dir/D_/pico/pico-sdk/src/rp2_common/hardware_claim/claim.c.obj
                0x100003c4                hw_claim_or_assert
 *fill*         0x100003f6        0x2 
 .text.running_on_fpga
                0x100003f8       0x14 CMakeFiles/main_blinky.dir/D_/pico/pico-sdk/src/rp2_common/pico_platform/platform.c.obj
                0x100003f8                running_on_fpga
 .text.spin_locks_reset
                0x1000040c       0x20 CMakeFiles/main_blinky.dir/D_/pico/pico-sdk/src/rp2_common/hardware_sync/sync.c.obj
                0x1000040c                spin_locks_reset
 .text.next_striped_spin_lock_num
                0x1000042c       0x1c CMakeFiles/main_blinky.dir/D_/pico/pico-sdk/src/rp2_common/hardware_sync/sync.c.obj
                0x1000042c                next_striped_spin_lock_num
 .text.set_raw_irq_handler_and_unlock
                0x10000448       0x28 CMakeFiles/main_blinky.dir/D_/pico/pico-sdk/src/rp2_common/hardware_irq/irq.c.obj
 .text.make_branch
                0x10000470       0x48 CMakeFiles/main_blinky.dir/D_/pico/pico-sdk/src/rp2_common/hardware_irq/irq.c.obj
 .text.insert_branch_and_link
                0x100004b8       0x40 CMakeFiles/main_blinky.dir/D_/pico/pico-sdk/src/rp2_common/hardware_irq/irq.c.obj
 .text.irq_is_enabled
                0x100004f8       0x18 CMakeFiles/main_blinky.dir/D_/pico/pico-sdk/src/rp2_common/hardware_irq/irq.c.obj
                0x100004f8                irq_is_enabled
 .text.irq_set_mask_enabled
                0x10000510       0x20 CMakeFiles/main_blinky.dir/D_/pico/pico-sdk/src/rp2_common/hardware_irq/irq.c.obj
                0x10000510                irq_set_mask_enabled
 .text.irq_set_enabled
                0x10000530        0xe CMakeFiles/main_blinky.dir/D_/pico/pico-sdk/src/rp2_common/hardware_irq/irq.c.obj
                0x10000530                irq_set_enabled
 *fill*         0x1000053e        0x2 
 .text.irq_get_vtable_handler
                0x10000540       0x10 CMakeFiles/main_blinky.dir/D_/pico/pico-sdk/src/rp2_common/hardware_irq/irq.c.obj
                0x10000540                irq_get_vtable_handler
 .text.irq_set_exclusive_handler
                0x10000550       0x54 CMakeFiles/main_blinky.dir/D_/pico/pico-sdk/src/rp2_common/hardware_irq/irq.c.obj
                0x10000550                irq_set_exclusive_handler
 .text.irq_remove_handler
                0x100005a4      0x1a8 CMakeFiles/main_blinky.dir/D_/pico/pico-sdk/src/rp2_common/hardware_irq/irq.c.obj
                0x100005a4                irq_remove_handler
 .text.irq_add_tail_to_free_list
                0x1000074c       0xf0 CMakeFiles/main_blinky.dir/D_/pico/pico-sdk/src/rp2_common/hardware_irq/irq.c.obj
                0x1000074c                irq_add_tail_to_free_list
 .text.irq_init_priorities
                0x1000083c       0x1c CMakeFiles/main_blinky.dir/D_/pico/pico-sdk/src/rp2_common/hardware_irq/irq.c.obj
                0x1000083c                irq_init_priorities
 .text.lock_init
                0x10000858       0x10 CMakeFiles/main_blinky.dir/D_/pico/pico-sdk/src/common/pico_sync/lock_core.c.obj
                0x10000858                lock_init
 .text.alarm_pool_post_alloc_init
                0x10000868       0x40 CMakeFiles/main_blinky.dir/D_/pico/pico-sdk/src/common/pico_time/time.c.obj
 .text.timer_pool_entry_comparator
                0x100008a8       0x7c CMakeFiles/main_blinky.dir/D_/pico/pico-sdk/src/common/pico_time/time.c.obj
                0x100008a8                timer_pool_entry_comparator
 .text.ph_add_child_node
                0x10000924       0xa4 CMakeFiles/main_blinky.dir/D_/pico/pico-sdk/src/common/pico_time/time.c.obj
 .text.ph_merge_nodes
                0x100009c8       0x3e CMakeFiles/main_blinky.dir/D_/pico/pico-sdk/src/common/pico_time/time.c.obj
 *fill*         0x10000a06        0x2 
 .text.add_alarm_under_lock
                0x10000a08      0x174 CMakeFiles/main_blinky.dir/D_/pico/pico-sdk/src/common/pico_time/time.c.obj
 .text.alarm_pool_alarm_callback
                0x10000b7c      0x328 CMakeFiles/main_blinky.dir/D_/pico/pico-sdk/src/common/pico_time/time.c.obj
 .text.alarm_pool_init_default
                0x10000ea4       0x38 CMakeFiles/main_blinky.dir/D_/pico/pico-sdk/src/common/pico_time/time.c.obj
                0x10000ea4                alarm_pool_init_default
 .text.hardware_alarm_irq_handler
                0x10000edc       0x8c CMakeFiles/main_blinky.dir/D_/pico/pico-sdk/src/rp2_common/hardware_timer/timer.c.obj
 .text.hardware_alarm_claim
                0x10000f68       0x18 CMakeFiles/main_blinky.dir/D_/pico/pico-sdk/src/rp2_common/hardware_timer/timer.c.obj
                0x10000f68                hardware_alarm_claim
 .text.time_us_64
                0x10000f80       0x18 CMakeFiles/main_blinky.dir/D_/pico/pico-sdk/src/rp2_common/hardware_timer/timer.c.obj
                0x10000f80                time_us_64
 .text.hardware_alarm_set_callback
                0x10000f98       0x90 CMakeFiles/main_blinky.dir/D_/pico/pico-sdk/src/rp2_common/hardware_timer/timer.c.obj
                0x10000f98                hardware_alarm_set_callback
 .text.hardware_alarm_set_target
                0x10001028       0xe8 CMakeFiles/main_blinky.dir/D_/pico/pico-sdk/src/rp2_common/hardware_timer/timer.c.obj
                0x10001028                hardware_alarm_set_target
 .text.hardware_alarm_cancel
                0x10001110       0x40 CMakeFiles/main_blinky.dir/D_/pico/pico-sdk/src/rp2_common/hardware_timer/timer.c.obj
                0x10001110                hardware_alarm_cancel
 .text.ph_add_child_node
                0x10001150       0xa4 CMakeFiles/main_blinky.dir/D_/pico/pico-sdk/src/common/pico_util/pheap.c.obj
 .text.ph_merge_nodes
                0x100011f4       0x3e CMakeFiles/main_blinky.dir/D_/pico/pico-sdk/src/common/pico_util/pheap.c.obj
 *fill*         0x10001232        0x2 
 .text.ph_clear
                0x10001234       0x70 CMakeFiles/main_blinky.dir/D_/pico/pico-sdk/src/common/pico_util/pheap.c.obj
                0x10001234                ph_clear
 .text.ph_post_alloc_init
                0x100012a4        0xe CMakeFiles/main_blinky.dir/D_/pico/pico-sdk/src/common/pico_util/pheap.c.obj
                0x100012a4                ph_post_alloc_init
 *fill*         0x100012b2        0x2 
 .text.ph_merge_two_pass
                0x100012b4       0xa8 CMakeFiles/main_blinky.dir/D_/pico/pico-sdk/src/common/pico_util/pheap.c.obj
                0x100012b4                ph_merge_two_pass
 .text.ph_remove_any_head
                0x1000135c      0x108 CMakeFiles/main_blinky.dir/D_/pico/pico-sdk/src/common/pico_util/pheap.c.obj
 .text.ph_remove_head
                0x10001464       0x14 CMakeFiles/main_blinky.dir/D_/pico/pico-sdk/src/common/pico_util/pheap.c.obj
                0x10001464                ph_remove_head
 .text.ph_remove_and_free_node
                0x10001478       0xf8 CMakeFiles/main_blinky.dir/D_/pico/pico-sdk/src/common/pico_util/pheap.c.obj
                0x10001478                ph_remove_and_free_node
 .text.mutex_init
                0x10001570       0x1c CMakeFiles/main_blinky.dir/D_/pico/pico-sdk/src/common/pico_sync/mutex.c.obj
                0x10001570                mutex_init
 .text.recursive_mutex_init
                0x1000158c       0x20 CMakeFiles/main_blinky.dir/D_/pico/pico-sdk/src/common/pico_sync/mutex.c.obj
                0x1000158c                recursive_mutex_init
 .text.uart_set_baudrate
                0x100015ac       0x5c CMakeFiles/main_blinky.dir/D_/pico/pico-sdk/src/rp2_common/hardware_uart/uart.c.obj
                0x100015ac                uart_set_baudrate
 .text.uart_set_translate_crlf
                0x10001608       0x28 CMakeFiles/main_blinky.dir/D_/pico/pico-sdk/src/rp2_common/hardware_uart/uart.c.obj
                0x10001608                uart_set_translate_crlf
 .text.uart_init
                0x10001630       0x80 CMakeFiles/main_blinky.dir/D_/pico/pico-sdk/src/rp2_common/hardware_uart/uart.c.obj
                0x10001630                uart_init
 .text._exit    0x100016b0        0x4 CMakeFiles/main_blinky.dir/D_/pico/pico-sdk/src/rp2_common/pico_runtime/runtime.c.obj
                0x100016b0                _exit
 .text.exit     0x100016b4        0x6 CMakeFiles/main_blinky.dir/D_/pico/pico-sdk/src/rp2_common/pico_runtime/runtime.c.obj
                0x100016b4                exit
 *fill*         0x100016ba        0x2 
 .text.__assert_func
                0x100016bc       0x3c CMakeFiles/main_blinky.dir/D_/pico/pico-sdk/src/rp2_common/pico_runtime/runtime.c.obj
                0x100016bc                __assert_func
 .text.runtime_init
                0x100016f8       0xf8 CMakeFiles/main_blinky.dir/D_/pico/pico-sdk/src/rp2_common/pico_runtime/runtime.c.obj
                0x100016f8                runtime_init
 .text.panic    0x100017f0       0x30 CMakeFiles/main_blinky.dir/D_/pico/pico-sdk/src/rp2_common/pico_runtime/runtime.c.obj
                0x100017f0                panic
 .text.clock_configure
                0x10001820      0x104 CMakeFiles/main_blinky.dir/D_/pico/pico-sdk/src/rp2_common/hardware_clocks/clocks.c.obj
                0x10001820                clock_configure
 .text.clocks_init
                0x10001924      0x100 CMakeFiles/main_blinky.dir/D_/pico/pico-sdk/src/rp2_common/hardware_clocks/clocks.c.obj
                0x10001924                clocks_init
 .text.clock_get_hz
                0x10001a24        0xc CMakeFiles/main_blinky.dir/D_/pico/pico-sdk/src/rp2_common/hardware_clocks/clocks.c.obj
                0x10001a24                clock_get_hz
 .text.pll_init
                0x10001a30      0x140 CMakeFiles/main_blinky.dir/D_/pico/pico-sdk/src/rp2_common/hardware_pll/pll.c.obj
                0x10001a30                pll_init
 .text.watchdog_start_tick
                0x10001b70       0x10 CMakeFiles/main_blinky.dir/D_/pico/pico-sdk/src/rp2_common/hardware_watchdog/watchdog.c.obj
                0x10001b70                watchdog_start_tick
 .text.xosc_init
                0x10001b80       0x28 CMakeFiles/main_blinky.dir/D_/pico/pico-sdk/src/rp2_common/hardware_xosc/xosc.c.obj
                0x10001b80                xosc_init
 .text._out_null
                0x10001ba8        0x2 CMakeFiles/main_blinky.dir/D_/pico/pico-sdk/src/rp2_common/pico_printf/printf.c.obj
 .text._out_fct
                0x10001baa        0xe CMakeFiles/main_blinky.dir/D_/pico/pico-sdk/src/rp2_common/pico_printf/printf.c.obj
 .text._atoi    0x10001bb8       0x24 CMakeFiles/main_blinky.dir/D_/pico/pico-sdk/src/rp2_common/pico_printf/printf.c.obj
 .text._out_rev
                0x10001bdc       0xae CMakeFiles/main_blinky.dir/D_/pico/pico-sdk/src/rp2_common/pico_printf/printf.c.obj
 .text._ntoa_format
                0x10001c8a      0x112 CMakeFiles/main_blinky.dir/D_/pico/pico-sdk/src/rp2_common/pico_printf/printf.c.obj
 .text._ntoa_long
                0x10001d9c       0xbc CMakeFiles/main_blinky.dir/D_/pico/pico-sdk/src/rp2_common/pico_printf/printf.c.obj
 .text._ntoa_long_long
                0x10001e58       0xe2 CMakeFiles/main_blinky.dir/D_/pico/pico-sdk/src/rp2_common/pico_printf/printf.c.obj
 *fill*         0x10001f3a        0x2 
 .text._etoa    0x10001f3c      0x414 CMakeFiles/main_blinky.dir/D_/pico/pico-sdk/src/rp2_common/pico_printf/printf.c.obj
 .text._ftoa    0x10002350      0x354 CMakeFiles/main_blinky.dir/D_/pico/pico-sdk/src/rp2_common/pico_printf/printf.c.obj
 .text._vsnprintf
                0x100026a4      0x624 CMakeFiles/main_blinky.dir/D_/pico/pico-sdk/src/rp2_common/pico_printf/printf.c.obj
 .text.vfctprintf
                0x10002cc8       0x20 CMakeFiles/main_blinky.dir/D_/pico/pico-sdk/src/rp2_common/pico_printf/printf.c.obj
                0x10002cc8                vfctprintf
 .text          0x10002ce8       0x10 CMakeFiles/main_blinky.dir/D_/pico/pico-sdk/src/rp2_common/pico_bit_ops/bit_ops_aeabi.S.obj
 .text.rom_func_lookup
                0x10002cf8       0x10 CMakeFiles/main_blinky.dir/D_/pico/pico-sdk/src/rp2_common/pico_bootrom/bootrom.c.obj
                0x10002cf8                rom_func_lookup
 .text.rom_data_lookup
                0x10002d08       0x10 CMakeFiles/main_blinky.dir/D_/pico/pico-sdk/src/rp2_common/pico_bootrom/bootrom.c.obj
                0x10002d08                rom_data_lookup
 .text.rom_funcs_lookup
                0x10002d18       0x36 CMakeFiles/main_blinky.dir/D_/pico/pico-sdk/src/rp2_common/pico_bootrom/bootrom.c.obj
                0x10002d18                rom_funcs_lookup
 *fill*         0x10002d4e        0x2 
 .text.__wrap___aeabi_idiv
                0x10002d50       0x50 CMakeFiles/main_blinky.dir/D_/pico/pico-sdk/src/rp2_common/pico_divider/divider.S.obj
                0x10002d50                __wrap___aeabi_idivmod
                0x10002d50                divmod_s32s32
                0x10002d50                div_s32s32
                0x10002d50                __wrap___aeabi_idiv
                0x10002d58                divmod_s32s32_unsafe
                0x10002d84                divmod_s32s32_savestate
 .text.__wrap___aeabi_uidiv
                0x10002da0       0x4c CMakeFiles/main_blinky.dir/D_/pico/pico-sdk/src/rp2_common/pico_divider/divider.S.obj
                0x10002da0                __wrap___aeabi_uidiv
                0x10002da0                __wrap___aeabi_uidivmod
                0x10002da0                div_u32u32
                0x10002da0                divmod_u32u32
                0x10002da8                divmod_u32u32_unsafe
                0x10002dd0                divmod_u32u32_savestate
 .text.__wrap___aeabi_ldiv
                0x10002dec      0x434 CMakeFiles/main_blinky.dir/D_/pico/pico-sdk/src/rp2_common/pico_divider/divider.S.obj
                0x10002dec                div_s64s64
                0x10002dec                divmod_s64s64
                0x10002dec                __wrap___aeabi_ldivmod
                0x10002e24                divmod_u64u64
                0x10002e24                div_u64u64
                0x10002e24                __wrap___aeabi_uldivmod
                0x10002e34                divmod_u64u64_savestate
                0x10002e5c                divmod_s64s64_unsafe
                0x10002ee4                divmod_u64u64_unsafe
 .text.__wrap___aeabi_darithmetic
                0x10003220       0x80 CMakeFiles/main_blinky.dir/D_/pico/pico-sdk/src/rp2_common/pico_double/double_aeabi.S.obj
                0x10003220                __wrap___aeabi_drsub
                0x10003226                __wrap___aeabi_dsub
                0x10003238                __wrap___aeabi_dadd
                0x1000324a                __wrap___aeabi_ddiv
                0x10003286                __wrap___aeabi_dmul
 .text.__wrap___aeabi_cdcmple
                0x100032a0       0x6c CMakeFiles/main_blinky.dir/D_/pico/pico-sdk/src/rp2_common/pico_double/double_aeabi.S.obj
                0x100032a0                __wrap___aeabi_cdrcmple
                0x100032b0                __wrap___aeabi_cdcmpeq
                0x100032b0                __wrap___aeabi_cdcmple
 .text.__wrap___aeabi_dcmplt
                0x1000330c        0xc CMakeFiles/main_blinky.dir/D_/pico/pico-sdk/src/rp2_common/pico_double/double_aeabi.S.obj
                0x1000330c                __wrap___aeabi_dcmplt
 .text.__wrap___aeabi_dcmple
                0x10003318       0x10 CMakeFiles/main_blinky.dir/D_/pico/pico-sdk/src/rp2_common/pico_double/double_aeabi.S.obj
                0x10003318                __wrap___aeabi_dcmple
 .text.__wrap___aeabi_dcmpge
                0x10003328       0x10 CMakeFiles/main_blinky.dir/D_/pico/pico-sdk/src/rp2_common/pico_double/double_aeabi.S.obj
                0x10003328                __wrap___aeabi_dcmpge
 .text.__wrap___aeabi_dcmpgt
                0x10003338        0xa CMakeFiles/main_blinky.dir/D_/pico/pico-sdk/src/rp2_common/pico_double/double_aeabi.S.obj
                0x10003338                __wrap___aeabi_dcmpgt
 .text.__wrap___aeabi_dcmpun
                0x10003342       0x1c CMakeFiles/main_blinky.dir/D_/pico/pico-sdk/src/rp2_common/pico_double/double_aeabi.S.obj
                0x10003342                __wrap___aeabi_dcmpun
 *fill*         0x1000335e        0x2 
 .text.__wrap___aeabi_i2d
                0x10003360       0x38 CMakeFiles/main_blinky.dir/D_/pico/pico-sdk/src/rp2_common/pico_double/double_aeabi.S.obj
                0x10003360                __wrap___aeabi_ui2d
                0x10003368                __wrap___aeabi_i2d
 .text.__wrap___aeabi_d2iz
                0x10003398       0x48 CMakeFiles/main_blinky.dir/D_/pico/pico-sdk/src/rp2_common/pico_double/double_aeabi.S.obj
                0x10003398                double2int_z
                0x10003398                __wrap___aeabi_d2iz
 .text.__wrap___aeabi_d2uiz
                0x100033e0       0x18 CMakeFiles/main_blinky.dir/D_/pico/pico-sdk/src/rp2_common/pico_double/double_aeabi.S.obj
                0x100033e0                __wrap___aeabi_d2uiz
                0x100033e0                double2uint
 .text.__aeabi_double_init
                0x100033f8       0xc8 CMakeFiles/main_blinky.dir/D_/pico/pico-sdk/src/rp2_common/pico_double/double_init_rom.c.obj
                0x100033f8                __aeabi_double_init
 .text.double_table_shim_on_use_helper
                0x100034c0       0x34 CMakeFiles/main_blinky.dir/D_/pico/pico-sdk/src/rp2_common/pico_double/double_v1_rom_shim.S.obj
                0x100034c0                double_table_shim_on_use_helper
 .text.__wrap___aeabi_dsub
                0x100034f4       0x10 CMakeFiles/main_blinky.dir/D_/pico/pico-sdk/src/rp2_common/pico_double/double_v1_rom_shim.S.obj
                0x100034f4                drsub_shim
                0x100034fa                dsub_shim
 .text.dadd_shim
                0x10003504      0x15c CMakeFiles/main_blinky.dir/D_/pico/pico-sdk/src/rp2_common/pico_double/double_v1_rom_shim.S.obj
                0x10003504                dadd_shim
 .text.dmul_shim
                0x10003660      0x15c CMakeFiles/main_blinky.dir/D_/pico/pico-sdk/src/rp2_common/pico_double/double_v1_rom_shim.S.obj
                0x10003660                dmul_shim
 .text.ddiv_shim
                0x100037bc      0x1b0 CMakeFiles/main_blinky.dir/D_/pico/pico-sdk/src/rp2_common/pico_double/double_v1_rom_shim.S.obj
                0x100037bc                ddiv_shim
 .text.double2uint_shim
                0x1000396c        0xe CMakeFiles/main_blinky.dir/D_/pico/pico-sdk/src/rp2_common/pico_double/double_v1_rom_shim.S.obj
                0x1000396c                double2uint_shim
                0x1000396e                double2ufix_shim
 *fill*         0x1000397a        0x2 
 .text.double2uint64_shim
                0x1000397c       0x70 CMakeFiles/main_blinky.dir/D_/pico/pico-sdk/src/rp2_common/pico_double/double_v1_rom_shim.S.obj
                0x1000397c                double2uint64_shim
                0x1000397e                double2ufix64_shim
                0x1000399e                d2fix_a
 .text.dunpacks
                0x100039ec       0x3c CMakeFiles/main_blinky.dir/D_/pico/pico-sdk/src/rp2_common/pico_double/double_v1_rom_shim.S.obj
                0x100039ec                dunpacks
 .text.__aeabi_float_init
                0x10003a28       0xfc CMakeFiles/main_blinky.dir/D_/pico/pico-sdk/src/rp2_common/pico_float/float_init_rom.c.obj
                0x10003a28                __aeabi_float_init
 .text.float_table_shim_on_use_helper
                0x10003b24       0x34 CMakeFiles/main_blinky.dir/D_/pico/pico-sdk/src/rp2_common/pico_float/float_v1_rom_shim.S.obj
                0x10003b24                float_table_shim_on_use_helper
 .text          0x10003b58       0x10 CMakeFiles/main_blinky.dir/D_/pico/pico-sdk/src/rp2_common/pico_mem_ops/mem_ops_aeabi.S.obj
                0x10003b58                __aeabi_mem_init
 .text.memset   0x10003b68        0xc CMakeFiles/main_blinky.dir/D_/pico/pico-sdk/src/rp2_common/pico_mem_ops/mem_ops_aeabi.S.obj
                0x10003b68                __wrap_memset
 .text.memcpy   0x10003b74        0xc CMakeFiles/main_blinky.dir/D_/pico/pico-sdk/src/rp2_common/pico_mem_ops/mem_ops_aeabi.S.obj
                0x10003b74                __wrap_memcpy
                0x10003b74                __wrap___aeabi_memcpy
 .text.stdio_out_chars_no_crlf
                0x10003b80        0xe CMakeFiles/main_blinky.dir/D_/pico/pico-sdk/src/rp2_common/pico_stdio/stdio.c.obj
 *fill*         0x10003b8e        0x2 
 .text.stdio_out_chars_crlf
                0x10003b90       0x80 CMakeFiles/main_blinky.dir/D_/pico/pico-sdk/src/rp2_common/pico_stdio/stdio.c.obj
 .text.stdio_stack_buffer_flush
                0x10003c10       0x44 CMakeFiles/main_blinky.dir/D_/pico/pico-sdk/src/rp2_common/pico_stdio/stdio.c.obj
 .text.stdio_buffered_printer
                0x10003c54       0x20 CMakeFiles/main_blinky.dir/D_/pico/pico-sdk/src/rp2_common/pico_stdio/stdio.c.obj
 .text.stdout_serialize_begin
                0x10003c74       0x2c CMakeFiles/main_blinky.dir/D_/pico/pico-sdk/src/rp2_common/pico_stdio/stdio.c.obj
                0x10003c74                stdout_serialize_begin
 .text.stdout_serialize_end
                0x10003ca0       0x10 CMakeFiles/main_blinky.dir/D_/pico/pico-sdk/src/rp2_common/pico_stdio/stdio.c.obj
                0x10003ca0                stdout_serialize_end
 .text.stdio_put_string
                0x10003cb0       0x98 CMakeFiles/main_blinky.dir/D_/pico/pico-sdk/src/rp2_common/pico_stdio/stdio.c.obj
 .text.stdio_set_driver_enabled
                0x10003d48       0x2c CMakeFiles/main_blinky.dir/D_/pico/pico-sdk/src/rp2_common/pico_stdio/stdio.c.obj
                0x10003d48                stdio_set_driver_enabled
 .text.stdio_flush
                0x10003d74       0x20 CMakeFiles/main_blinky.dir/D_/pico/pico-sdk/src/rp2_common/pico_stdio/stdio.c.obj
                0x10003d74                stdio_flush
 .text.__wrap_puts
                0x10003d94       0x1e CMakeFiles/main_blinky.dir/D_/pico/pico-sdk/src/rp2_common/pico_stdio/stdio.c.obj
                0x10003d94                __wrap_puts
 *fill*         0x10003db2        0x2 
 .text.__wrap_vprintf
                0x10003db4       0x44 CMakeFiles/main_blinky.dir/D_/pico/pico-sdk/src/rp2_common/pico_stdio/stdio.c.obj
                0x10003db4                __wrap_vprintf
 .text.__wrap_printf
                0x10003df8       0x18 CMakeFiles/main_blinky.dir/D_/pico/pico-sdk/src/rp2_common/pico_stdio/stdio.c.obj
                0x10003df8                __wrap_printf
 .text.stdio_init_all
                0x10003e10        0x8 CMakeFiles/main_blinky.dir/D_/pico/pico-sdk/src/rp2_common/pico_stdio/stdio.c.obj
                0x10003e10                stdio_init_all
 .text.stdio_uart_out_chars
                0x10003e18       0x74 CMakeFiles/main_blinky.dir/D_/pico/pico-sdk/src/rp2_common/pico_stdio_uart/stdio_uart.c.obj
 .text.stdio_uart_in_chars
                0x10003e8c       0x58 CMakeFiles/main_blinky.dir/D_/pico/pico-sdk/src/rp2_common/pico_stdio_uart/stdio_uart.c.obj
                0x10003e8c                stdio_uart_in_chars
 .text.stdio_uart_init_full
                0x10003ee4       0x3c CMakeFiles/main_blinky.dir/D_/pico/pico-sdk/src/rp2_common/pico_stdio_uart/stdio_uart.c.obj
                0x10003ee4                stdio_uart_init_full
 .text.stdio_uart_init
                0x10003f20       0x28 CMakeFiles/main_blinky.dir/D_/pico/pico-sdk/src/rp2_common/pico_stdio_uart/stdio_uart.c.obj
                0x10003f20                stdio_uart_init
 .text.vPortYield
                0x10003f48       0x40 CMakeFiles/main_blinky.dir/D_/pico/pico-FreeRTOS/Source/portable/ThirdParty/GCC/RP2040/port.c.obj
                0x10003f48                vPortYield
 .text.vPortEnableInterrupts
                0x10003f88       0x28 CMakeFiles/main_blinky.dir/D_/pico/pico-FreeRTOS/Source/portable/ThirdParty/GCC/RP2040/port.c.obj
                0x10003f88                vPortEnableInterrupts
 .text.vYieldCore
                0x10003fb0       0x30 CMakeFiles/main_blinky.dir/D_/pico/pico-FreeRTOS/Source/portable/ThirdParty/GCC/RP2040/port.c.obj
                0x10003fb0                vYieldCore
 .text.ulPortLockGetCurrentOwnerId
                0x10003fe0       0x30 CMakeFiles/main_blinky.dir/D_/pico/pico-FreeRTOS/Source/portable/ThirdParty/GCC/RP2040/port.c.obj
                0x10003fe0                ulPortLockGetCurrentOwnerId
 .text.vPortLockInternalSpinUnlockWithWait
                0x10004010       0xd4 CMakeFiles/main_blinky.dir/D_/pico/pico-FreeRTOS/Source/portable/ThirdParty/GCC/RP2040/port.c.obj
                0x10004010                vPortLockInternalSpinUnlockWithWait
 .text.vPortLockInternalSpinUnlockWithNotify
                0x100040e4       0x88 CMakeFiles/main_blinky.dir/D_/pico/pico-FreeRTOS/Source/portable/ThirdParty/GCC/RP2040/port.c.obj
                0x100040e4                vPortLockInternalSpinUnlockWithNotify
 .text.prvRuntimeInitializer
                0x1000416c       0x10 CMakeFiles/main_blinky.dir/D_/pico/pico-FreeRTOS/Source/portable/ThirdParty/GCC/RP2040/port.c.obj
 .text.prvTestWaitCondition
                0x1000417c       0x1e CMakeFiles/main_blinky.dir/D_/pico/pico-FreeRTOS/Source/event_groups.c.obj
 .text.xEventGroupCreate
                0x1000419a       0x18 CMakeFiles/main_blinky.dir/D_/pico/pico-FreeRTOS/Source/event_groups.c.obj
                0x1000419a                xEventGroupCreate
 *fill*         0x100041b2        0x2 
 .text.xEventGroupWaitBits
                0x100041b4      0x124 CMakeFiles/main_blinky.dir/D_/pico/pico-FreeRTOS/Source/event_groups.c.obj
                0x100041b4                xEventGroupWaitBits
 .text.xEventGroupSetBits
                0x100042d8       0x98 CMakeFiles/main_blinky.dir/D_/pico/pico-FreeRTOS/Source/event_groups.c.obj
                0x100042d8                xEventGroupSetBits
 .text.vEventGroupSetBitsCallback
                0x10004370        0x8 CMakeFiles/main_blinky.dir/D_/pico/pico-FreeRTOS/Source/event_groups.c.obj
                0x10004370                vEventGroupSetBitsCallback
 .text.xEventGroupSetBitsFromISR
                0x10004378       0x14 CMakeFiles/main_blinky.dir/D_/pico/pico-FreeRTOS/Source/event_groups.c.obj
                0x10004378                xEventGroupSetBitsFromISR
 .text.vListInitialise
                0x1000438c       0x16 CMakeFiles/main_blinky.dir/D_/pico/pico-FreeRTOS/Source/list.c.obj
                0x1000438c                vListInitialise
 .text.vListInsertEnd
                0x100043a2       0x16 CMakeFiles/main_blinky.dir/D_/pico/pico-FreeRTOS/Source/list.c.obj
                0x100043a2                vListInsertEnd
 .text.vListInsert
                0x100043b8       0x2e CMakeFiles/main_blinky.dir/D_/pico/pico-FreeRTOS/Source/list.c.obj
                0x100043b8                vListInsert
 .text.uxListRemove
                0x100043e6       0x26 CMakeFiles/main_blinky.dir/D_/pico/pico-FreeRTOS/Source/list.c.obj
                0x100043e6                uxListRemove
 .text.prvCopyDataToQueue
                0x1000440c       0x82 CMakeFiles/main_blinky.dir/D_/pico/pico-FreeRTOS/Source/queue.c.obj
 *fill*         0x1000448e        0x2 
 .text.prvNotifyQueueSetContainer
                0x10004490       0xa0 CMakeFiles/main_blinky.dir/D_/pico/pico-FreeRTOS/Source/queue.c.obj
 .text.xQueueGenericSendFromISR
                0x10004530      0x134 CMakeFiles/main_blinky.dir/D_/pico/pico-FreeRTOS/Source/queue.c.obj
                0x10004530                xQueueGenericSendFromISR
 .text.prvGetCurrentYieldPending
                0x10004664       0x1c CMakeFiles/main_blinky.dir/D_/pico/pico-FreeRTOS/Source/tasks.c.obj
 .text.prvResetNextTaskUnblockTime
                0x10004680       0x2c CMakeFiles/main_blinky.dir/D_/pico/pico-FreeRTOS/Source/tasks.c.obj
 .text.prvYieldCore
                0x100046ac       0x60 CMakeFiles/main_blinky.dir/D_/pico/pico-FreeRTOS/Source/tasks.c.obj
 .text.xTaskGetCurrentTaskHandle
                0x1000470c       0x1c CMakeFiles/main_blinky.dir/D_/pico/pico-FreeRTOS/Source/tasks.c.obj
                0x1000470c                xTaskGetCurrentTaskHandle
 .text.prvYieldForTask
                0x10004728      0x104 CMakeFiles/main_blinky.dir/D_/pico/pico-FreeRTOS/Source/tasks.c.obj
 .text.xTaskRemoveFromEventList
                0x1000482c       0x98 CMakeFiles/main_blinky.dir/D_/pico/pico-FreeRTOS/Source/tasks.c.obj
                0x1000482c                xTaskRemoveFromEventList
 .text.prvAddCurrentTaskToDelayedList
                0x100048c4       0x84 CMakeFiles/main_blinky.dir/D_/pico/pico-FreeRTOS/Source/tasks.c.obj
 .text.prvCheckForRunStateChange
                0x10004948      0x30c CMakeFiles/main_blinky.dir/D_/pico/pico-FreeRTOS/Source/tasks.c.obj
 .text.vTaskSuspendAll
                0x10004c54      0x17c CMakeFiles/main_blinky.dir/D_/pico/pico-FreeRTOS/Source/tasks.c.obj
                0x10004c54                vTaskSuspendAll
 .text.vTaskPlaceOnUnorderedEventList
                0x10004dd0       0x6c CMakeFiles/main_blinky.dir/D_/pico/pico-FreeRTOS/Source/tasks.c.obj
                0x10004dd0                vTaskPlaceOnUnorderedEventList
 .text.xTaskPriorityDisinherit
                0x10004e3c       0x9c CMakeFiles/main_blinky.dir/D_/pico/pico-FreeRTOS/Source/tasks.c.obj
                0x10004e3c                xTaskPriorityDisinherit
 .text.vTaskYieldWithinAPI
                0x10004ed8       0x28 CMakeFiles/main_blinky.dir/D_/pico/pico-FreeRTOS/Source/tasks.c.obj
                0x10004ed8                vTaskYieldWithinAPI
 .text.vTaskEnterCritical
                0x10004f00      0x13c CMakeFiles/main_blinky.dir/D_/pico/pico-FreeRTOS/Source/tasks.c.obj
                0x10004f00                vTaskEnterCritical
 .text.vTaskExitCritical
                0x1000503c      0x128 CMakeFiles/main_blinky.dir/D_/pico/pico-FreeRTOS/Source/tasks.c.obj
                0x1000503c                vTaskExitCritical
 .text.xTaskIncrementTick
                0x10005164      0x198 CMakeFiles/main_blinky.dir/D_/pico/pico-FreeRTOS/Source/tasks.c.obj
                0x10005164                xTaskIncrementTick
 .text.xTaskResumeAll
                0x100052fc      0x168 CMakeFiles/main_blinky.dir/D_/pico/pico-FreeRTOS/Source/tasks.c.obj
                0x100052fc                xTaskResumeAll
 .text.vTaskRemoveFromUnorderedEventList
                0x10005464       0x90 CMakeFiles/main_blinky.dir/D_/pico/pico-FreeRTOS/Source/tasks.c.obj
                0x10005464                vTaskRemoveFromUnorderedEventList
 .text.xTaskGetSchedulerState
                0x100054f4       0x30 CMakeFiles/main_blinky.dir/D_/pico/pico-FreeRTOS/Source/tasks.c.obj
                0x100054f4                xTaskGetSchedulerState
 .text.uxTaskResetEventItemValue
                0x10005524       0x1c CMakeFiles/main_blinky.dir/D_/pico/pico-FreeRTOS/Source/tasks.c.obj
                0x10005524                uxTaskResetEventItemValue
 .text.xTimerPendFunctionCallFromISR
                0x10005540       0x28 CMakeFiles/main_blinky.dir/D_/pico/pico-FreeRTOS/Source/timers.c.obj
                0x10005540                xTimerPendFunctionCallFromISR
 .text.pvPortMalloc
                0x10005568       0x8c CMakeFiles/main_blinky.dir/D_/pico/pico-FreeRTOS/Source/portable/MemMang/heap_1.c.obj
                0x10005568                pvPortMalloc
 .text.strlen   0x100055f4       0x5c d:/pico/armcc/10 2021.10/bin/../lib/gcc/arm-none-eabi/10.3.1/../../../../arm-none-eabi/lib/thumb/v6-m/nofp\libg.a(lib_a-strlen-stub.o)
                0x100055f4                strlen
 *(.fini)
 .fini          0x10005650        0x4 d:/pico/armcc/10 2021.10/bin/../lib/gcc/arm-none-eabi/10.3.1/thumb/v6-m/nofp/crti.o
                0x10005650                _fini
 *fill*         0x10005654        0x4 
 .fini.__stub   0x10005658       0x50 linker stubs
 *crtbegin.o(.ctors)
 *crtbegin?.o(.ctors)
 *(EXCLUDE_FILE(*crtend.o *crtend?.o) .ctors)
 *(SORT_BY_NAME(.ctors.*))
 *(.ctors)
 *crtbegin.o(.dtors)
 *crtbegin?.o(.dtors)
 *(EXCLUDE_FILE(*crtend.o *crtend?.o) .dtors)
 *(SORT_BY_NAME(.dtors.*))
 *(.dtors)
 *(.eh_frame*)
 .eh_frame      0x100056a8        0x0 d:/pico/armcc/10 2021.10/bin/../lib/gcc/arm-none-eabi/10.3.1/thumb/v6-m/nofp/crtbegin.o
                0x100056a8                . = ALIGN (0x4)

.glue_7         0x100056a8        0x0
 .glue_7        0x100056a8        0x0 linker stubs

.glue_7t        0x100056a8        0x0
 .glue_7t       0x100056a8        0x0 linker stubs

.vfp11_veneer   0x100056a8        0x0
 .vfp11_veneer  0x100056a8        0x0 linker stubs

.v4_bx          0x100056a8        0x0
 .v4_bx         0x100056a8        0x0 linker stubs

.iplt           0x100056a8        0x0
 .iplt          0x100056a8        0x0 d:/pico/armcc/10 2021.10/bin/../lib/gcc/arm-none-eabi/10.3.1/thumb/v6-m/nofp/crtbegin.o

.rodata         0x100056a8     0x1740
 *(EXCLUDE_FILE(*libm.a: *libc.a:*lib_a-mem*.o *libgcc.a:) .rodata*)
 .rodata.vApplicationMallocFailedHook.str1.4
                0x100056a8       0x4f CMakeFiles/main_blinky.dir/main.c.obj
 *fill*         0x100056f7        0x1 
 .rodata.__func__.1
                0x100056f8       0x1d CMakeFiles/main_blinky.dir/main.c.obj
 *fill*         0x10005715        0x3 
 .rodata.make_branch.str1.4
                0x10005718       0x63 CMakeFiles/main_blinky.dir/D_/pico/pico-sdk/src/rp2_common/hardware_irq/irq.c.obj
 *fill*         0x1000577b        0x1 
 .rodata.insert_branch_and_link.str1.4
                0x1000577c       0x10 CMakeFiles/main_blinky.dir/D_/pico/pico-sdk/src/rp2_common/hardware_irq/irq.c.obj
 .rodata.irq_set_exclusive_handler.str1.4
                0x1000578c       0x36 CMakeFiles/main_blinky.dir/D_/pico/pico-sdk/src/rp2_common/hardware_irq/irq.c.obj
 *fill*         0x100057c2        0x2 
 .rodata.irq_add_shared_handler.str1.4
                0x100057c4       0xd9 CMakeFiles/main_blinky.dir/D_/pico/pico-sdk/src/rp2_common/hardware_irq/irq.c.obj
 *fill*         0x1000589d        0x3 
 .rodata.irq_remove_handler.str1.4
                0x100058a0       0x2a CMakeFiles/main_blinky.dir/D_/pico/pico-sdk/src/rp2_common/hardware_irq/irq.c.obj
 *fill*         0x100058ca        0x2 
 .rodata.irq_add_tail_to_free_list.str1.4
                0x100058cc       0x3a CMakeFiles/main_blinky.dir/D_/pico/pico-sdk/src/rp2_common/hardware_irq/irq.c.obj
 *fill*         0x10005906        0x2 
 .rodata.__func__.0
                0x10005908       0x1a CMakeFiles/main_blinky.dir/D_/pico/pico-sdk/src/rp2_common/hardware_irq/irq.c.obj
 *fill*         0x10005922        0x2 
 .rodata.__func__.1
                0x10005924       0x17 CMakeFiles/main_blinky.dir/D_/pico/pico-sdk/src/rp2_common/hardware_irq/irq.c.obj
 *fill*         0x1000593b        0x1 
 .rodata.__func__.2
                0x1000593c       0x13 CMakeFiles/main_blinky.dir/D_/pico/pico-sdk/src/rp2_common/hardware_irq/irq.c.obj
 *fill*         0x1000594f        0x1 
 .rodata.__func__.3
                0x10005950        0xc CMakeFiles/main_blinky.dir/D_/pico/pico-sdk/src/rp2_common/hardware_irq/irq.c.obj
 .rodata.__func__.4
                0x1000595c        0xf CMakeFiles/main_blinky.dir/D_/pico/pico-sdk/src/rp2_common/hardware_irq/irq.c.obj
 *fill*         0x1000596b        0x1 
 .rodata.__func__.6
                0x1000596c       0x1a CMakeFiles/main_blinky.dir/D_/pico/pico-sdk/src/rp2_common/hardware_irq/irq.c.obj
 *fill*         0x10005986        0x2 
 .rodata.repeating_timer_callback.str1.4
                0x10005988       0x41 CMakeFiles/main_blinky.dir/D_/pico/pico-sdk/src/common/pico_time/time.c.obj
 *fill*         0x100059c9        0x3 
 .rodata.alarm_pool_dump_key.str1.4
                0x100059cc       0x33 CMakeFiles/main_blinky.dir/D_/pico/pico-sdk/src/common/pico_time/time.c.obj
 *fill*         0x100059ff        0x1 
 .rodata.ph_add_child_node.str1.4
                0x10005a00       0x8a CMakeFiles/main_blinky.dir/D_/pico/pico-sdk/src/common/pico_time/time.c.obj
 *fill*         0x10005a8a        0x2 
 .rodata.add_alarm_under_lock.str1.4
                0x10005a8c       0x28 CMakeFiles/main_blinky.dir/D_/pico/pico-sdk/src/common/pico_time/time.c.obj
                                 0x2b (size before relaxing)
 .rodata.alarm_pool_alarm_callback.str1.4
                0x10005ab4       0xda CMakeFiles/main_blinky.dir/D_/pico/pico-sdk/src/common/pico_time/time.c.obj
 *fill*         0x10005b8e        0x2 
 .rodata.__func__.10
                0x10005b90       0x15 CMakeFiles/main_blinky.dir/D_/pico/pico-sdk/src/common/pico_time/time.c.obj
 *fill*         0x10005ba5        0x3 
 .rodata.__func__.11
                0x10005ba8       0x1a CMakeFiles/main_blinky.dir/D_/pico/pico-sdk/src/common/pico_time/time.c.obj
 *fill*         0x10005bc2        0x2 
 .rodata.__func__.12
                0x10005bc4        0xa CMakeFiles/main_blinky.dir/D_/pico/pico-sdk/src/common/pico_time/time.c.obj
 *fill*         0x10005bce        0x2 
 .rodata.__func__.4
                0x10005bd0       0x12 CMakeFiles/main_blinky.dir/D_/pico/pico-sdk/src/common/pico_time/time.c.obj
 *fill*         0x10005be2        0x2 
 .rodata.__func__.5
                0x10005be4        0xd CMakeFiles/main_blinky.dir/D_/pico/pico-sdk/src/common/pico_time/time.c.obj
 *fill*         0x10005bf1        0x3 
 .rodata.__func__.6
                0x10005bf4       0x12 CMakeFiles/main_blinky.dir/D_/pico/pico-sdk/src/common/pico_time/time.c.obj
 *fill*         0x10005c06        0x2 
 .rodata.__func__.7
                0x10005c08        0xf CMakeFiles/main_blinky.dir/D_/pico/pico-sdk/src/common/pico_time/time.c.obj
 *fill*         0x10005c17        0x1 
 .rodata.__func__.8
                0x10005c18        0xc CMakeFiles/main_blinky.dir/D_/pico/pico-sdk/src/common/pico_time/time.c.obj
 .rodata.__func__.9
                0x10005c24       0x15 CMakeFiles/main_blinky.dir/D_/pico/pico-sdk/src/common/pico_time/time.c.obj
 *fill*         0x10005c39        0x3 
 .rodata.hardware_alarm_claim.str1.4
                0x10005c3c       0x22 CMakeFiles/main_blinky.dir/D_/pico/pico-sdk/src/rp2_common/hardware_timer/timer.c.obj
 *fill*         0x10005c5e        0x2 
 .rodata.hardware_alarm_set_target.str1.4
                0x10005c60       0x5b CMakeFiles/main_blinky.dir/D_/pico/pico-sdk/src/rp2_common/hardware_timer/timer.c.obj
 *fill*         0x10005cbb        0x1 
 .rodata.__func__.0
                0x10005cbc       0x1a CMakeFiles/main_blinky.dir/D_/pico/pico-sdk/src/rp2_common/hardware_timer/timer.c.obj
 .rodata.ph_add_child_node.str1.4
                0x10005cd6       0x8a CMakeFiles/main_blinky.dir/D_/pico/pico-sdk/src/common/pico_util/pheap.c.obj
 *fill*         0x10005cd6        0x2 
 .rodata.ph_remove_any_head.str1.4
                0x10005cd8       0x84 CMakeFiles/main_blinky.dir/D_/pico/pico-sdk/src/common/pico_util/pheap.c.obj
 .rodata.ph_remove_and_free_node.str1.4
                0x10005d5c       0x1e CMakeFiles/main_blinky.dir/D_/pico/pico-sdk/src/common/pico_util/pheap.c.obj
                                 0x26 (size before relaxing)
 *fill*         0x10005d7a        0x2 
 .rodata.__func__.0
                0x10005d7c       0x18 CMakeFiles/main_blinky.dir/D_/pico/pico-sdk/src/common/pico_util/pheap.c.obj
 .rodata.__func__.1
                0x10005d94       0x13 CMakeFiles/main_blinky.dir/D_/pico/pico-sdk/src/common/pico_util/pheap.c.obj
 *fill*         0x10005da7        0x1 
 .rodata.__func__.2
                0x10005da8       0x12 CMakeFiles/main_blinky.dir/D_/pico/pico-sdk/src/common/pico_util/pheap.c.obj
 *fill*         0x10005dba        0x2 
 .rodata.__func__.3
                0x10005dbc        0xc CMakeFiles/main_blinky.dir/D_/pico/pico-sdk/src/common/pico_util/pheap.c.obj
 .rodata.str1.4
                0x10005dc8       0x81 CMakeFiles/main_blinky.dir/D_/pico/pico-sdk/src/common/pico_sync/mutex.c.obj
                                 0xd9 (size before relaxing)
 *fill*         0x10005e49        0x3 
 .rodata.__func__.1
                0x10005e4c        0xb CMakeFiles/main_blinky.dir/D_/pico/pico-sdk/src/common/pico_sync/mutex.c.obj
 *fill*         0x10005e57        0x1 
 .rodata.__assert_func.str1.4
                0x10005e58       0x3f CMakeFiles/main_blinky.dir/D_/pico/pico-sdk/src/rp2_common/pico_runtime/runtime.c.obj
                                 0x43 (size before relaxing)
 *fill*         0x10005e97        0x1 
 .rodata.runtime_init.str1.4
                0x10005e98       0x57 CMakeFiles/main_blinky.dir/D_/pico/pico-sdk/src/rp2_common/pico_runtime/runtime.c.obj
 *fill*         0x10005eef        0x1 
 .rodata.panic.str1.4
                0x10005ef0       0x12 CMakeFiles/main_blinky.dir/D_/pico/pico-sdk/src/rp2_common/pico_runtime/runtime.c.obj
 *fill*         0x10005f02        0x2 
 .rodata.__func__.1
                0x10005f04        0xd CMakeFiles/main_blinky.dir/D_/pico/pico-sdk/src/rp2_common/pico_runtime/runtime.c.obj
 *fill*         0x10005f11        0x3 
 .rodata.clock_configure.str1.4
                0x10005f14       0x4d CMakeFiles/main_blinky.dir/D_/pico/pico-sdk/src/rp2_common/hardware_clocks/clocks.c.obj
 *fill*         0x10005f61        0x3 
 .rodata.__func__.1
                0x10005f64       0x10 CMakeFiles/main_blinky.dir/D_/pico/pico-sdk/src/rp2_common/hardware_clocks/clocks.c.obj
 .rodata.pll_init.str1.4
                0x10005f74      0x12f CMakeFiles/main_blinky.dir/D_/pico/pico-sdk/src/rp2_common/hardware_pll/pll.c.obj
 *fill*         0x100060a3        0x1 
 .rodata.__func__.0
                0x100060a4        0x9 CMakeFiles/main_blinky.dir/D_/pico/pico-sdk/src/rp2_common/hardware_pll/pll.c.obj
 *fill*         0x100060ad        0x3 
 .rodata._ftoa.str1.4
                0x100060b0       0x15 CMakeFiles/main_blinky.dir/D_/pico/pico-sdk/src/rp2_common/pico_printf/printf.c.obj
 *fill*         0x100060c5        0x3 
 .rodata._vsnprintf
                0x100060c8      0x1e0 CMakeFiles/main_blinky.dir/D_/pico/pico-sdk/src/rp2_common/pico_printf/printf.c.obj
 .rodata.pow10.0
                0x100062a8       0x50 CMakeFiles/main_blinky.dir/D_/pico/pico-sdk/src/rp2_common/pico_printf/printf.c.obj
 .rodata.__aeabi_double_init.str1.4
                0x100062f8       0x9e CMakeFiles/main_blinky.dir/D_/pico/pico-sdk/src/rp2_common/pico_double/double_init_rom.c.obj
 *fill*         0x10006396        0x2 
 .rodata.__func__.0
                0x10006398       0x14 CMakeFiles/main_blinky.dir/D_/pico/pico-sdk/src/rp2_common/pico_double/double_init_rom.c.obj
 .rodata.__aeabi_float_init.str1.4
                0x100063ac       0x70 CMakeFiles/main_blinky.dir/D_/pico/pico-sdk/src/rp2_common/pico_float/float_init_rom.c.obj
                                 0x74 (size before relaxing)
 .rodata.__func__.0
                0x1000641c       0x13 CMakeFiles/main_blinky.dir/D_/pico/pico-sdk/src/rp2_common/pico_float/float_init_rom.c.obj
 *fill*         0x1000642f        0x1 
 .rodata.str1.4
                0x10006430       0x40 CMakeFiles/main_blinky.dir/D_/pico/pico-sdk/src/rp2_common/pico_standard_link/binary_info.c.obj
 .rodata.__bi_44
                0x10006470        0xc CMakeFiles/main_blinky.dir/D_/pico/pico-sdk/src/rp2_common/pico_standard_link/binary_info.c.obj
 .rodata.__bi_75
                0x1000647c        0xc CMakeFiles/main_blinky.dir/D_/pico/pico-sdk/src/rp2_common/pico_standard_link/binary_info.c.obj
 .rodata.__bi_81
                0x10006488        0xc CMakeFiles/main_blinky.dir/D_/pico/pico-sdk/src/rp2_common/pico_standard_link/binary_info.c.obj
 .rodata.crlf_str.3
                0x10006494        0x2 CMakeFiles/main_blinky.dir/D_/pico/pico-sdk/src/rp2_common/pico_stdio/stdio.c.obj
 *fill*         0x10006496        0x2 
 .rodata.str1.4
                0x10006498       0x2c CMakeFiles/main_blinky.dir/D_/pico/pico-sdk/src/rp2_common/pico_stdio_uart/stdio_uart.c.obj
 .rodata.__bi_28.4
                0x100064c4        0xc CMakeFiles/main_blinky.dir/D_/pico/pico-sdk/src/rp2_common/pico_stdio_uart/stdio_uart.c.obj
 .rodata.__bi_29.5
                0x100064d0        0x8 CMakeFiles/main_blinky.dir/D_/pico/pico-sdk/src/rp2_common/pico_stdio_uart/stdio_uart.c.obj
 .rodata.vPortYield.str1.4
                0x100064d8       0x63 CMakeFiles/main_blinky.dir/D_/pico/pico-FreeRTOS/Source/portable/ThirdParty/GCC/RP2040/port.c.obj
 *fill*         0x1000653b        0x1 
 .rodata.vYieldCore.str1.4
                0x1000653c       0x1a CMakeFiles/main_blinky.dir/D_/pico/pico-FreeRTOS/Source/portable/ThirdParty/GCC/RP2040/port.c.obj
 *fill*         0x10006556        0x2 
 .rodata.vPortLockInternalSpinUnlockWithWait.str1.4
                0x10006558       0x72 CMakeFiles/main_blinky.dir/D_/pico/pico-FreeRTOS/Source/portable/ThirdParty/GCC/RP2040/port.c.obj
 *fill*         0x100065ca        0x2 
 .rodata.__func__.2
                0x100065cc       0x24 CMakeFiles/main_blinky.dir/D_/pico/pico-FreeRTOS/Source/portable/ThirdParty/GCC/RP2040/port.c.obj
 .rodata.__func__.3
                0x100065f0        0xb CMakeFiles/main_blinky.dir/D_/pico/pico-FreeRTOS/Source/portable/ThirdParty/GCC/RP2040/port.c.obj
 *fill*         0x100065fb        0x1 
 .rodata.__func__.4
                0x100065fc        0xb CMakeFiles/main_blinky.dir/D_/pico/pico-FreeRTOS/Source/portable/ThirdParty/GCC/RP2040/port.c.obj
 *fill*         0x10006607        0x1 
 .rodata.xEventGroupWaitBits.str1.4
                0x10006608       0xcb CMakeFiles/main_blinky.dir/D_/pico/pico-FreeRTOS/Source/event_groups.c.obj
 *fill*         0x100066d3        0x1 
 .rodata.xEventGroupSetBits.str1.4
                0x100066d4       0x24 CMakeFiles/main_blinky.dir/D_/pico/pico-FreeRTOS/Source/event_groups.c.obj
 .rodata.__func__.1
                0x100066f8       0x13 CMakeFiles/main_blinky.dir/D_/pico/pico-FreeRTOS/Source/event_groups.c.obj
 *fill*         0x1000670b        0x1 
 .rodata.__func__.3
                0x1000670c       0x14 CMakeFiles/main_blinky.dir/D_/pico/pico-FreeRTOS/Source/event_groups.c.obj
 .rodata.prvNotifyQueueSetContainer.str1.4
                0x10006720       0xa2 CMakeFiles/main_blinky.dir/D_/pico/pico-FreeRTOS/Source/queue.c.obj
 *fill*         0x100067c2        0x2 
 .rodata.xQueueGenericReset.str1.4
                0x100067c4        0x8 CMakeFiles/main_blinky.dir/D_/pico/pico-FreeRTOS/Source/queue.c.obj
 .rodata.xQueueGenericSend.str1.4
                0x100067cc       0xa5 CMakeFiles/main_blinky.dir/D_/pico/pico-FreeRTOS/Source/queue.c.obj
                                 0xfb (size before relaxing)
 *fill*         0x10006871        0x3 
 .rodata.__func__.15
                0x10006874       0x19 CMakeFiles/main_blinky.dir/D_/pico/pico-FreeRTOS/Source/queue.c.obj
 *fill*         0x1000688d        0x3 
 .rodata.__func__.16
                0x10006890       0x1b CMakeFiles/main_blinky.dir/D_/pico/pico-FreeRTOS/Source/queue.c.obj
 *fill*         0x100068ab        0x1 
 .rodata.prvTaskIsTaskSuspended.str1.4
                0x100068ac       0x2d CMakeFiles/main_blinky.dir/D_/pico/pico-FreeRTOS/Source/tasks.c.obj
 *fill*         0x100068d9        0x3 
 .rodata.prvYieldForTask.str1.4
                0x100068dc       0xfe CMakeFiles/main_blinky.dir/D_/pico/pico-FreeRTOS/Source/tasks.c.obj
 *fill*         0x100069da        0x2 
 .rodata.xTaskRemoveFromEventList.str1.4
                0x100069dc        0xf CMakeFiles/main_blinky.dir/D_/pico/pico-FreeRTOS/Source/tasks.c.obj
 *fill*         0x100069eb        0x1 
 .rodata.prvCheckForRunStateChange.str1.4
                0x100069ec      0x1e1 CMakeFiles/main_blinky.dir/D_/pico/pico-FreeRTOS/Source/tasks.c.obj
 *fill*         0x10006bcd        0x3 
 .rodata.vTaskPlaceOnEventList.str1.4
                0x10006bd0        0xc CMakeFiles/main_blinky.dir/D_/pico/pico-FreeRTOS/Source/tasks.c.obj
 .rodata.vTaskPlaceOnUnorderedEventList.str1.4
                0x10006bdc       0x1a CMakeFiles/main_blinky.dir/D_/pico/pico-FreeRTOS/Source/tasks.c.obj
 *fill*         0x10006bf6        0x2 
 .rodata.xTaskPriorityDisinherit.str1.4
                0x10006bf8       0x3d CMakeFiles/main_blinky.dir/D_/pico/pico-FreeRTOS/Source/tasks.c.obj
 *fill*         0x10006c35        0x3 
 .rodata.xTaskIncrementTick.str1.4
                0x10006c38       0x76 CMakeFiles/main_blinky.dir/D_/pico/pico-FreeRTOS/Source/tasks.c.obj
 *fill*         0x10006cae        0x2 
 .rodata.xTaskResumeAll.str1.4
                0x10006cb0       0x15 CMakeFiles/main_blinky.dir/D_/pico/pico-FreeRTOS/Source/tasks.c.obj
 *fill*         0x10006cc5        0x3 
 .rodata.vTaskRemoveFromUnorderedEventList.str1.4
                0x10006cc8       0x2d CMakeFiles/main_blinky.dir/D_/pico/pico-FreeRTOS/Source/tasks.c.obj
 *fill*         0x10006cf5        0x3 
 .rodata.__func__.12
                0x10006cf8       0x22 CMakeFiles/main_blinky.dir/D_/pico/pico-FreeRTOS/Source/tasks.c.obj
 *fill*         0x10006d1a        0x2 
 .rodata.__func__.13
                0x10006d1c       0x19 CMakeFiles/main_blinky.dir/D_/pico/pico-FreeRTOS/Source/tasks.c.obj
 *fill*         0x10006d35        0x3 
 .rodata.__func__.15
                0x10006d38       0x1f CMakeFiles/main_blinky.dir/D_/pico/pico-FreeRTOS/Source/tasks.c.obj
 *fill*         0x10006d57        0x1 
 .rodata.__func__.18
                0x10006d58       0x13 CMakeFiles/main_blinky.dir/D_/pico/pico-FreeRTOS/Source/tasks.c.obj
 *fill*         0x10006d6b        0x1 
 .rodata.__func__.23
                0x10006d6c        0xf CMakeFiles/main_blinky.dir/D_/pico/pico-FreeRTOS/Source/tasks.c.obj
 *fill*         0x10006d7b        0x1 
 .rodata.__func__.24
                0x10006d7c       0x1a CMakeFiles/main_blinky.dir/D_/pico/pico-FreeRTOS/Source/tasks.c.obj
 *fill*         0x10006d96        0x2 
 .rodata.__func__.27
                0x10006d98       0x13 CMakeFiles/main_blinky.dir/D_/pico/pico-FreeRTOS/Source/tasks.c.obj
 *fill*         0x10006dab        0x1 
 .rodata.__func__.39
                0x10006dac       0x10 CMakeFiles/main_blinky.dir/D_/pico/pico-FreeRTOS/Source/tasks.c.obj
 .rodata.__func__.6
                0x10006dbc       0x12 CMakeFiles/main_blinky.dir/D_/pico/pico-FreeRTOS/Source/tasks.c.obj
 *fill*         0x10006dce        0x2 
 .rodata.__func__.8
                0x10006dd0       0x18 CMakeFiles/main_blinky.dir/D_/pico/pico-FreeRTOS/Source/tasks.c.obj
                0x10006de8                . = ALIGN (0x4)
 *(SORT_BY_ALIGNMENT(SORT_BY_NAME(.flashdata*)))
                0x10006de8                . = ALIGN (0x4)

.rel.dyn        0x10006de8        0x0
 .rel.iplt      0x10006de8        0x0 d:/pico/armcc/10 2021.10/bin/../lib/gcc/arm-none-eabi/10.3.1/thumb/v6-m/nofp/crtbegin.o

.ARM.extab
 *(.ARM.extab* .gnu.linkonce.armextab.*)
                0x10006de8                __exidx_start = .

.ARM.exidx
 *(.ARM.exidx* .gnu.linkonce.armexidx.*)
                0x10006de8                __exidx_end = .
                0x10006de8                . = ALIGN (0x4)
                0x10006de8                __binary_info_start = .

.binary_info    0x10006de8       0x24
 *(.binary_info.keep.*)
 .binary_info.keep.__bi_ptr22
                0x10006de8        0x4 CMakeFiles/main_blinky.dir/D_/pico/pico-sdk/src/rp2_common/pico_standard_link/binary_info.c.obj
 .binary_info.keep.__bi_ptr30
                0x10006dec        0x4 CMakeFiles/main_blinky.dir/D_/pico/pico-sdk/src/rp2_common/pico_standard_link/binary_info.c.obj
 .binary_info.keep.__bi_ptr38
                0x10006df0        0x4 CMakeFiles/main_blinky.dir/D_/pico/pico-sdk/src/rp2_common/pico_standard_link/binary_info.c.obj
 .binary_info.keep.__bi_ptr44
                0x10006df4        0x4 CMakeFiles/main_blinky.dir/D_/pico/pico-sdk/src/rp2_common/pico_standard_link/binary_info.c.obj
 .binary_info.keep.__bi_ptr50
                0x10006df8        0x4 CMakeFiles/main_blinky.dir/D_/pico/pico-sdk/src/rp2_common/pico_standard_link/binary_info.c.obj
 .binary_info.keep.__bi_ptr75
                0x10006dfc        0x4 CMakeFiles/main_blinky.dir/D_/pico/pico-sdk/src/rp2_common/pico_standard_link/binary_info.c.obj
 .binary_info.keep.__bi_ptr81
                0x10006e00        0x4 CMakeFiles/main_blinky.dir/D_/pico/pico-sdk/src/rp2_common/pico_standard_link/binary_info.c.obj
 *(.binary_info.*)
 .binary_info.__bi_ptr28
                0x10006e04        0x4 CMakeFiles/main_blinky.dir/D_/pico/pico-sdk/src/rp2_common/pico_stdio_uart/stdio_uart.c.obj
 .binary_info.__bi_ptr29
                0x10006e08        0x4 CMakeFiles/main_blinky.dir/D_/pico/pico-sdk/src/rp2_common/pico_stdio_uart/stdio_uart.c.obj
                0x10006e0c                __binary_info_end = .
                0x10006e0c                . = ALIGN (0x4)
                0x10006e0c                __etext = .

.ram_vector_table
                0x20000000       0xc0
 *(.ram_vector_table)
 .ram_vector_table
                0x20000000       0xc0 CMakeFiles/main_blinky.dir/D_/pico/pico-sdk/src/rp2_common/pico_runtime/runtime.c.obj
                0x20000000                ram_vector_table

.data           0x200000c0      0x1e0 load address 0x10006e0c
                0x200000c0                __data_start__ = .
 *(vtable)
 *(.time_critical*)
 .time_critical.mutex_enter_blocking
                0x200000c0       0x3c CMakeFiles/main_blinky.dir/D_/pico/pico-sdk/src/common/pico_sync/mutex.c.obj
                0x200000c0                mutex_enter_blocking
 .time_critical.mutex_try_enter
                0x200000fc       0x42 CMakeFiles/main_blinky.dir/D_/pico/pico-sdk/src/common/pico_sync/mutex.c.obj
                0x200000fc                mutex_try_enter
 *fill*         0x2000013e        0x2 
 .time_critical.mutex_exit
                0x20000140       0x40 CMakeFiles/main_blinky.dir/D_/pico/pico-sdk/src/common/pico_sync/mutex.c.obj
                0x20000140                mutex_exit
 *(.text*)
 .text          0x20000180        0x4 d:/pico/armcc/10 2021.10/bin/../lib/gcc/arm-none-eabi/10.3.1/thumb/v6-m/nofp\libgcc.a(_dvmd_tls.o)
                0x20000180                __aeabi_idiv0
                0x20000180                __aeabi_ldiv0
 *fill*         0x20000184        0x4 
 .text.__stub   0x20000188       0x40 linker stubs
                0x200001c8                . = ALIGN (0x4)
 *(.rodata*)
                0x200001c8                . = ALIGN (0x4)
 *(.data*)
 .data.striped_spin_lock_num
                0x200001c8        0x1 CMakeFiles/main_blinky.dir/D_/pico/pico-sdk/src/rp2_common/hardware_sync/sync.c.obj
 *fill*         0x200001c9        0x3 
 .data          0x200001cc       0x48 CMakeFiles/main_blinky.dir/D_/pico/pico-sdk/src/rp2_common/hardware_irq/irq_handler_chain.S.obj
                0x200001cc                irq_handler_chain_slots
                0x200001fc                irq_handler_chain_first_slot
                0x20000206                irq_handler_chain_remove_tail
 .data.default_alarm_pool
                0x20000214       0x18 CMakeFiles/main_blinky.dir/D_/pico/pico-sdk/src/common/pico_time/time.c.obj
 .data.default_alarm_pool_heap
                0x2000022c       0x10 CMakeFiles/main_blinky.dir/D_/pico/pico-sdk/src/common/pico_time/time.c.obj
 *fill*         0x2000023c        0x4 
 .data.aeabi_bits_funcs
                0x20000240       0x10 CMakeFiles/main_blinky.dir/D_/pico/pico-sdk/src/rp2_common/pico_bit_ops/bit_ops_aeabi.S.obj
                0x20000240                aeabi_bits_funcs
                0x20000250                aeabi_bits_funcs_end
 .data.aeabi_mem_funcs
                0x20000250       0x10 CMakeFiles/main_blinky.dir/D_/pico/pico-sdk/src/rp2_common/pico_mem_ops/mem_ops_aeabi.S.obj
                0x20000250                aeabi_mem_funcs
                0x20000260                aeabi_mem_funcs_end
 .data.stdio_uart
                0x20000260       0x14 CMakeFiles/main_blinky.dir/D_/pico/pico-sdk/src/rp2_common/pico_stdio_uart/stdio_uart.c.obj
                0x20000260                stdio_uart
 .data.ucPrimaryCoreNum
                0x20000274        0x1 CMakeFiles/main_blinky.dir/D_/pico/pico-FreeRTOS/Source/portable/ThirdParty/GCC/RP2040/port.c.obj
                0x20000278                . = ALIGN (0x4)
 *fill*         0x20000275        0x3 
 *(.after_data.*)
                0x20000278                . = ALIGN (0x4)
                0x20000278                PROVIDE (__mutex_array_start = .)
 *(SORT_BY_NAME(.mutex_array.*))
 *(.mutex_array)
 .mutex_array   0x20000278        0x8 CMakeFiles/main_blinky.dir/D_/pico/pico-sdk/src/rp2_common/pico_malloc/pico_malloc.c.obj
 .mutex_array   0x20000280        0x8 CMakeFiles/main_blinky.dir/D_/pico/pico-sdk/src/rp2_common/pico_stdio/stdio.c.obj
                0x20000288                PROVIDE (__mutex_array_end = .)
                0x20000288                . = ALIGN (0x4)
                0x20000288                PROVIDE (__preinit_array_start = .)
 *(SORT_BY_NAME(.preinit_array.*))
 .preinit_array.00001
                0x20000288        0x4 CMakeFiles/main_blinky.dir/D_/pico/pico-sdk/src/rp2_common/pico_mem_ops/mem_ops_aeabi.S.obj
 .preinit_array.00010
                0x2000028c        0x4 CMakeFiles/main_blinky.dir/D_/pico/pico-sdk/src/rp2_common/pico_bit_ops/bit_ops_aeabi.S.obj
 .preinit_array.00020
                0x20000290        0x4 CMakeFiles/main_blinky.dir/D_/pico/pico-sdk/src/rp2_common/pico_double/double_aeabi.S.obj
 .preinit_array.00020
                0x20000294        0x4 CMakeFiles/main_blinky.dir/D_/pico/pico-sdk/src/rp2_common/pico_float/float_aeabi.S.obj
 *(.preinit_array)
                0x20000298                PROVIDE (__preinit_array_end = .)
                0x20000298                . = ALIGN (0x4)
                0x20000298                PROVIDE (__init_array_start = .)
 *(SORT_BY_NAME(.init_array.*))
 *(.init_array)
 .init_array    0x20000298        0x4 d:/pico/armcc/10 2021.10/bin/../lib/gcc/arm-none-eabi/10.3.1/thumb/v6-m/nofp/crtbegin.o
 .init_array    0x2000029c        0x4 CMakeFiles/main_blinky.dir/D_/pico/pico-FreeRTOS/Source/portable/ThirdParty/GCC/RP2040/port.c.obj
                0x200002a0                PROVIDE (__init_array_end = .)
                0x200002a0                . = ALIGN (0x4)
                [!provide]                PROVIDE (__fini_array_start = .)
 *(SORT_BY_NAME(.fini_array.*))
 *(.fini_array)
                [!provide]                PROVIDE (__fini_array_end = .)
 *(.jcr)
                0x200002a0                . = ALIGN (0x4)
                0x200002a0                __data_end__ = .

.igot.plt       0x200002a0        0x0 load address 0x10006fec
 .igot.plt      0x200002a0        0x0 d:/pico/armcc/10 2021.10/bin/../lib/gcc/arm-none-eabi/10.3.1/thumb/v6-m/nofp/crtbegin.o

.uninitialized_data
                0x200002a0        0x0 load address 0x10006fec
                0x200002a0                . = ALIGN (0x4)
 *(.uninitialized_data*)

.scratch_x      0x20040000        0x0 load address 0x10006fec
                0x20040000                __scratch_x_start__ = .
 *(.scratch_x.*)
                0x20040000                . = ALIGN (0x4)
                0x20040000                __scratch_x_end__ = .
                0x10006fec                __scratch_x_source__ = LOADADDR (.scratch_x)

.scratch_y      0x20041000        0x0 load address 0x10006fec
                0x20041000                __scratch_y_start__ = .
 *(.scratch_y.*)
                0x20041000                . = ALIGN (0x4)
                0x20041000                __scratch_y_end__ = .
                0x10006fec                __scratch_y_source__ = LOADADDR (.scratch_y)

.bss            0x200002a0    0x206d0
                0x200002a0                . = ALIGN (0x4)
                0x200002a0                __bss_start__ = .
 *(SORT_BY_ALIGNMENT(SORT_BY_NAME(.bss*)))
 .bss.default_alarm_pool_entries
                0x200002a0      0x100 CMakeFiles/main_blinky.dir/D_/pico/pico-sdk/src/common/pico_time/time.c.obj
 .bss           0x200003a0       0x1c d:/pico/armcc/10 2021.10/bin/../lib/gcc/arm-none-eabi/10.3.1/thumb/v6-m/nofp/crtbegin.o
 .bss.alarm_callbacks
                0x200003bc       0x10 CMakeFiles/main_blinky.dir/D_/pico/pico-sdk/src/rp2_common/hardware_timer/timer.c.obj
 .bss.configured_freq
                0x200003cc       0x28 CMakeFiles/main_blinky.dir/D_/pico/pico-sdk/src/rp2_common/hardware_clocks/clocks.c.obj
 .bss.default_alarm_pool_entry_ids_high
                0x200003f4       0x10 CMakeFiles/main_blinky.dir/D_/pico/pico-sdk/src/common/pico_time/time.c.obj
 .bss.default_alarm_pool_heap_nodes
                0x20000404       0x30 CMakeFiles/main_blinky.dir/D_/pico/pico-sdk/src/common/pico_time/time.c.obj
 .bss.drivers   0x20000434        0x4 CMakeFiles/main_blinky.dir/D_/pico/pico-sdk/src/rp2_common/pico_stdio/stdio.c.obj
 .bss.filter    0x20000438        0x4 CMakeFiles/main_blinky.dir/D_/pico/pico-sdk/src/rp2_common/pico_stdio/stdio.c.obj
 .bss.pools     0x2000043c       0x10 CMakeFiles/main_blinky.dir/D_/pico/pico-sdk/src/common/pico_time/time.c.obj
 .bss.pucAlignedHeap.1
                0x2000044c        0x4 CMakeFiles/main_blinky.dir/D_/pico/pico-FreeRTOS/Source/portable/MemMang/heap_1.c.obj
 .bss.pxCurrentTCBs
                0x20000450        0x8 CMakeFiles/main_blinky.dir/D_/pico/pico-FreeRTOS/Source/tasks.c.obj
                0x20000450                pxCurrentTCBs
 .bss.pxDelayedTaskList
                0x20000458        0x4 CMakeFiles/main_blinky.dir/D_/pico/pico-FreeRTOS/Source/tasks.c.obj
 .bss.pxOverflowDelayedTaskList
                0x2000045c        0x4 CMakeFiles/main_blinky.dir/D_/pico/pico-FreeRTOS/Source/tasks.c.obj
 .bss.pxReadyTasksLists
                0x20000460      0x280 CMakeFiles/main_blinky.dir/D_/pico/pico-FreeRTOS/Source/tasks.c.obj
 .bss.pxYieldSpinLock
                0x200006e0        0x4 CMakeFiles/main_blinky.dir/D_/pico/pico-FreeRTOS/Source/portable/ThirdParty/GCC/RP2040/port.c.obj
 .bss.sd_table  0x200006e4      0x100 CMakeFiles/main_blinky.dir/D_/pico/pico-sdk/src/rp2_common/pico_double/double_init_rom.c.obj
                0x200006e4                sd_table
 .bss.sf_clz_func
                0x200007e4        0x4 CMakeFiles/main_blinky.dir/D_/pico/pico-sdk/src/rp2_common/pico_double/double_init_rom.c.obj
                0x200007e4                sf_clz_func
 .bss.sf_table  0x200007e8      0x100 CMakeFiles/main_blinky.dir/D_/pico/pico-sdk/src/rp2_common/pico_float/float_init_rom.c.obj
                0x200007e8                sf_table
 .bss.sleep_notifier
                0x200008e8        0x4 CMakeFiles/main_blinky.dir/D_/pico/pico-sdk/src/common/pico_time/time.c.obj
 .bss.target_hi
                0x200008ec       0x10 CMakeFiles/main_blinky.dir/D_/pico/pico-sdk/src/rp2_common/hardware_timer/timer.c.obj
 .bss.uart_char_to_line_feed
                0x200008fc        0x4 CMakeFiles/main_blinky.dir/D_/pico/pico-sdk/src/rp2_common/hardware_uart/uart.c.obj
                0x200008fc                uart_char_to_line_feed
 .bss.uart_instance
                0x20000900        0x4 CMakeFiles/main_blinky.dir/D_/pico/pico-sdk/src/rp2_common/pico_stdio_uart/stdio_uart.c.obj
 .bss.ucHeap    0x20000904    0x20000 CMakeFiles/main_blinky.dir/D_/pico/pico-FreeRTOS/Source/portable/MemMang/heap_1.c.obj
 .bss.ucOwnedByCore.26
                0x20020904        0x2 CMakeFiles/main_blinky.dir/D_/pico/pico-FreeRTOS/Source/tasks.c.obj
 *fill*         0x20020906        0x2 
 .bss.ucRecursionCountByLock.25
                0x20020908        0x2 CMakeFiles/main_blinky.dir/D_/pico/pico-FreeRTOS/Source/tasks.c.obj
 *fill*         0x2002090a        0x2 
 .bss.ulYieldSpinLockSaveValue
                0x2002090c        0x4 CMakeFiles/main_blinky.dir/D_/pico/pico-FreeRTOS/Source/portable/ThirdParty/GCC/RP2040/port.c.obj
 .bss.uxCurrentNumberOfTasks
                0x20020910        0x4 CMakeFiles/main_blinky.dir/D_/pico/pico-FreeRTOS/Source/tasks.c.obj
 .bss.uxSchedulerSuspended
                0x20020914        0x4 CMakeFiles/main_blinky.dir/D_/pico/pico-FreeRTOS/Source/tasks.c.obj
 .bss.uxTopReadyPriority
                0x20020918        0x4 CMakeFiles/main_blinky.dir/D_/pico/pico-FreeRTOS/Source/tasks.c.obj
 .bss.xEventGroup
                0x2002091c        0x4 CMakeFiles/main_blinky.dir/D_/pico/pico-FreeRTOS/Source/portable/ThirdParty/GCC/RP2040/port.c.obj
 .bss.xNextFreeByte
                0x20020920        0x4 CMakeFiles/main_blinky.dir/D_/pico/pico-FreeRTOS/Source/portable/MemMang/heap_1.c.obj
 .bss.xNextTaskUnblockTime
                0x20020924        0x4 CMakeFiles/main_blinky.dir/D_/pico/pico-FreeRTOS/Source/tasks.c.obj
 .bss.xNumOfOverflows
                0x20020928        0x4 CMakeFiles/main_blinky.dir/D_/pico/pico-FreeRTOS/Source/tasks.c.obj
 .bss.xPendedTicks
                0x2002092c        0x4 CMakeFiles/main_blinky.dir/D_/pico/pico-FreeRTOS/Source/tasks.c.obj
 .bss.xPendingReadyList
                0x20020930       0x14 CMakeFiles/main_blinky.dir/D_/pico/pico-FreeRTOS/Source/tasks.c.obj
 .bss.xSchedulerRunning
                0x20020944        0x4 CMakeFiles/main_blinky.dir/D_/pico/pico-FreeRTOS/Source/tasks.c.obj
 .bss.xSuspendedTaskList
                0x20020948       0x14 CMakeFiles/main_blinky.dir/D_/pico/pico-FreeRTOS/Source/tasks.c.obj
 .bss.xTickCount
                0x2002095c        0x4 CMakeFiles/main_blinky.dir/D_/pico/pico-FreeRTOS/Source/tasks.c.obj
 .bss.xTimerQueue
                0x20020960        0x4 CMakeFiles/main_blinky.dir/D_/pico/pico-FreeRTOS/Source/timers.c.obj
 .bss.xYieldPendings
                0x20020964        0x8 CMakeFiles/main_blinky.dir/D_/pico/pico-FreeRTOS/Source/tasks.c.obj
 .bss.claimed   0x2002096c        0x1 CMakeFiles/main_blinky.dir/D_/pico/pico-sdk/src/rp2_common/hardware_timer/timer.c.obj
 .bss.irq_hander_chain_free_slot_head
                0x2002096d        0x1 CMakeFiles/main_blinky.dir/D_/pico/pico-sdk/src/rp2_common/hardware_irq/irq.c.obj
 .bss.timer_callbacks_pending
                0x2002096e        0x1 CMakeFiles/main_blinky.dir/D_/pico/pico-sdk/src/rp2_common/hardware_timer/timer.c.obj
 *(COMMON)
                0x20020970                . = ALIGN (0x4)
 *fill*         0x2002096f        0x1 
                0x20020970                __bss_end__ = .

.heap           0x20020970      0x800
                0x20020970                __end__ = .
                0x20020970                end = __end__
 *(.heap*)
 .heap          0x20020970      0x800 CMakeFiles/main_blinky.dir/D_/pico/pico-sdk/src/rp2_common/pico_standard_link/crt0.S.obj
                0x20021170                __HeapLimit = .

.stack1_dummy   0x20040000        0x0
 *(.stack1*)

.stack_dummy    0x20041000      0x800
 *(.stack*)
 .stack         0x20041000      0x800 CMakeFiles/main_blinky.dir/D_/pico/pico-sdk/src/rp2_common/pico_standard_link/crt0.S.obj

.flash_end      0x10006fec        0x0
                0x10006fec                __flash_binary_end = .
                0x20040000                __StackLimit = (ORIGIN (RAM) + LENGTH (RAM))
                0x20041000                __StackOneTop = (ORIGIN (SCRATCH_X) + LENGTH (SCRATCH_X))
                0x20042000                __StackTop = (ORIGIN (SCRATCH_Y) + LENGTH (SCRATCH_Y))
                0x20041000                __StackOneBottom = (__StackOneTop - SIZEOF (.stack1_dummy))
                0x20041800                __StackBottom = (__StackTop - SIZEOF (.stack_dummy))
                0x20042000                PROVIDE (__stack = __StackTop)
                0x00000001                ASSERT ((__StackLimit >= __HeapLimit), region RAM overflowed)
                0x00000001                ASSERT (((__binary_info_header_end - __logical_binary_start) <= 0x100), Binary info must be in first 256 bytes of the binary)
LOAD CMakeFiles/main_blinky.dir/main.c.obj
LOAD CMakeFiles/main_blinky.dir/D_/pico/pico-sdk/src/rp2_common/pico_stdlib/stdlib.c.obj
LOAD CMakeFiles/main_blinky.dir/D_/pico/pico-sdk/src/rp2_common/hardware_gpio/gpio.c.obj
LOAD CMakeFiles/main_blinky.dir/D_/pico/pico-sdk/src/rp2_common/hardware_claim/claim.c.obj
LOAD CMakeFiles/main_blinky.dir/D_/pico/pico-sdk/src/rp2_common/pico_platform/platform.c.obj
LOAD CMakeFiles/main_blinky.dir/D_/pico/pico-sdk/src/rp2_common/hardware_sync/sync.c.obj
LOAD CMakeFiles/main_blinky.dir/D_/pico/pico-sdk/src/rp2_common/hardware_irq/irq.c.obj
LOAD CMakeFiles/main_blinky.dir/D_/pico/pico-sdk/src/rp2_common/hardware_irq/irq_handler_chain.S.obj
LOAD CMakeFiles/main_blinky.dir/D_/pico/pico-sdk/src/common/pico_sync/sem.c.obj
LOAD CMakeFiles/main_blinky.dir/D_/pico/pico-sdk/src/common/pico_sync/lock_core.c.obj
LOAD CMakeFiles/main_blinky.dir/D_/pico/pico-sdk/src/common/pico_time/time.c.obj
LOAD CMakeFiles/main_blinky.dir/D_/pico/pico-sdk/src/common/pico_time/timeout_helper.c.obj
LOAD CMakeFiles/main_blinky.dir/D_/pico/pico-sdk/src/rp2_common/hardware_timer/timer.c.obj
LOAD CMakeFiles/main_blinky.dir/D_/pico/pico-sdk/src/common/pico_util/datetime.c.obj
LOAD CMakeFiles/main_blinky.dir/D_/pico/pico-sdk/src/common/pico_util/pheap.c.obj
LOAD CMakeFiles/main_blinky.dir/D_/pico/pico-sdk/src/common/pico_util/queue.c.obj
LOAD CMakeFiles/main_blinky.dir/D_/pico/pico-sdk/src/common/pico_sync/mutex.c.obj
LOAD CMakeFiles/main_blinky.dir/D_/pico/pico-sdk/src/common/pico_sync/critical_section.c.obj
LOAD CMakeFiles/main_blinky.dir/D_/pico/pico-sdk/src/rp2_common/hardware_uart/uart.c.obj
LOAD CMakeFiles/main_blinky.dir/D_/pico/pico-sdk/src/rp2_common/hardware_divider/divider.S.obj
LOAD CMakeFiles/main_blinky.dir/D_/pico/pico-sdk/src/rp2_common/pico_runtime/runtime.c.obj
LOAD CMakeFiles/main_blinky.dir/D_/pico/pico-sdk/src/rp2_common/hardware_clocks/clocks.c.obj
LOAD CMakeFiles/main_blinky.dir/D_/pico/pico-sdk/src/rp2_common/hardware_pll/pll.c.obj
LOAD CMakeFiles/main_blinky.dir/D_/pico/pico-sdk/src/rp2_common/hardware_vreg/vreg.c.obj
LOAD CMakeFiles/main_blinky.dir/D_/pico/pico-sdk/src/rp2_common/hardware_watchdog/watchdog.c.obj
LOAD CMakeFiles/main_blinky.dir/D_/pico/pico-sdk/src/rp2_common/hardware_xosc/xosc.c.obj
LOAD CMakeFiles/main_blinky.dir/D_/pico/pico-sdk/src/rp2_common/pico_printf/printf.c.obj
LOAD CMakeFiles/main_blinky.dir/D_/pico/pico-sdk/src/rp2_common/pico_bit_ops/bit_ops_aeabi.S.obj
LOAD CMakeFiles/main_blinky.dir/D_/pico/pico-sdk/src/rp2_common/pico_bootrom/bootrom.c.obj
LOAD CMakeFiles/main_blinky.dir/D_/pico/pico-sdk/src/rp2_common/pico_divider/divider.S.obj
LOAD CMakeFiles/main_blinky.dir/D_/pico/pico-sdk/src/rp2_common/pico_double/double_aeabi.S.obj
LOAD CMakeFiles/main_blinky.dir/D_/pico/pico-sdk/src/rp2_common/pico_double/double_init_rom.c.obj
LOAD CMakeFiles/main_blinky.dir/D_/pico/pico-sdk/src/rp2_common/pico_double/double_math.c.obj
LOAD CMakeFiles/main_blinky.dir/D_/pico/pico-sdk/src/rp2_common/pico_double/double_v1_rom_shim.S.obj
LOAD CMakeFiles/main_blinky.dir/D_/pico/pico-sdk/src/rp2_common/pico_int64_ops/pico_int64_ops_aeabi.S.obj
LOAD CMakeFiles/main_blinky.dir/D_/pico/pico-sdk/src/rp2_common/pico_float/float_aeabi.S.obj
LOAD CMakeFiles/main_blinky.dir/D_/pico/pico-sdk/src/rp2_common/pico_float/float_init_rom.c.obj
LOAD CMakeFiles/main_blinky.dir/D_/pico/pico-sdk/src/rp2_common/pico_float/float_math.c.obj
LOAD CMakeFiles/main_blinky.dir/D_/pico/pico-sdk/src/rp2_common/pico_float/float_v1_rom_shim.S.obj
LOAD CMakeFiles/main_blinky.dir/D_/pico/pico-sdk/src/rp2_common/pico_malloc/pico_malloc.c.obj
LOAD CMakeFiles/main_blinky.dir/D_/pico/pico-sdk/src/rp2_common/pico_mem_ops/mem_ops_aeabi.S.obj
LOAD CMakeFiles/main_blinky.dir/D_/pico/pico-sdk/src/rp2_common/pico_standard_link/crt0.S.obj
LOAD CMakeFiles/main_blinky.dir/D_/pico/pico-sdk/src/rp2_common/pico_standard_link/new_delete.cpp.obj
LOAD CMakeFiles/main_blinky.dir/D_/pico/pico-sdk/src/rp2_common/pico_standard_link/binary_info.c.obj
LOAD CMakeFiles/main_blinky.dir/D_/pico/pico-sdk/src/rp2_common/pico_stdio/stdio.c.obj
LOAD CMakeFiles/main_blinky.dir/D_/pico/pico-sdk/src/rp2_common/pico_stdio_uart/stdio_uart.c.obj
LOAD CMakeFiles/main_blinky.dir/D_/pico/pico-FreeRTOS/Source/portable/ThirdParty/GCC/RP2040/port.c.obj
LOAD CMakeFiles/main_blinky.dir/D_/pico/pico-FreeRTOS/Source/croutine.c.obj
LOAD CMakeFiles/main_blinky.dir/D_/pico/pico-FreeRTOS/Source/event_groups.c.obj
LOAD CMakeFiles/main_blinky.dir/D_/pico/pico-FreeRTOS/Source/list.c.obj
LOAD CMakeFiles/main_blinky.dir/D_/pico/pico-FreeRTOS/Source/queue.c.obj
LOAD CMakeFiles/main_blinky.dir/D_/pico/pico-FreeRTOS/Source/stream_buffer.c.obj
LOAD CMakeFiles/main_blinky.dir/D_/pico/pico-FreeRTOS/Source/tasks.c.obj
LOAD CMakeFiles/main_blinky.dir/D_/pico/pico-FreeRTOS/Source/timers.c.obj
LOAD CMakeFiles/main_blinky.dir/D_/pico/pico-sdk/src/rp2_common/hardware_exception/exception.c.obj
LOAD CMakeFiles/main_blinky.dir/D_/pico/pico-sdk/src/rp2_common/pico_multicore/multicore.c.obj
LOAD CMakeFiles/main_blinky.dir/D_/pico/pico-FreeRTOS/Source/portable/MemMang/heap_1.c.obj
LOAD C:\Users\ployy\AppData\Local\Temp\ccSEzidY.o
LOAD d:/pico/armcc/10 2021.10/bin/../lib/gcc/arm-none-eabi/10.3.1/../../../../arm-none-eabi/lib/thumb/v6-m/nofp\libstdc++.a
LOAD d:/pico/armcc/10 2021.10/bin/../lib/gcc/arm-none-eabi/10.3.1/../../../../arm-none-eabi/lib/thumb/v6-m/nofp\libm.a
START GROUP
LOAD d:/pico/armcc/10 2021.10/bin/../lib/gcc/arm-none-eabi/10.3.1/thumb/v6-m/nofp\libgcc.a
LOAD d:/pico/armcc/10 2021.10/bin/../lib/gcc/arm-none-eabi/10.3.1/../../../../arm-none-eabi/lib/thumb/v6-m/nofp\libg.a
LOAD d:/pico/armcc/10 2021.10/bin/../lib/gcc/arm-none-eabi/10.3.1/../../../../arm-none-eabi/lib/thumb/v6-m/nofp\libc.a
END GROUP
START GROUP
LOAD d:/pico/armcc/10 2021.10/bin/../lib/gcc/arm-none-eabi/10.3.1/thumb/v6-m/nofp\libgcc.a
LOAD d:/pico/armcc/10 2021.10/bin/../lib/gcc/arm-none-eabi/10.3.1/../../../../arm-none-eabi/lib/thumb/v6-m/nofp\libc.a
LOAD d:/pico/armcc/10 2021.10/bin/../lib/gcc/arm-none-eabi/10.3.1/../../../../arm-none-eabi/lib/thumb/v6-m/nofp\libnosys.a
END GROUP
LOAD d:/pico/armcc/10 2021.10/bin/../lib/gcc/arm-none-eabi/10.3.1/thumb/v6-m/nofp/crtend.o
LOAD d:/pico/armcc/10 2021.10/bin/../lib/gcc/arm-none-eabi/10.3.1/thumb/v6-m/nofp/crtn.o
OUTPUT(main_blinky.elf elf32-littlearm)
LOAD linker stubs

.ARM.attributes
                0x00000000       0x28
 .ARM.attributes
                0x00000000       0x1e d:/pico/armcc/10 2021.10/bin/../lib/gcc/arm-none-eabi/10.3.1/thumb/v6-m/nofp/crti.o
 .ARM.attributes
                0x0000001e       0x2c d:/pico/armcc/10 2021.10/bin/../lib/gcc/arm-none-eabi/10.3.1/thumb/v6-m/nofp/crtbegin.o
 .ARM.attributes
                0x0000004a       0x2c CMakeFiles/main_blinky.dir/main.c.obj
 .ARM.attributes
                0x00000076       0x2c CMakeFiles/main_blinky.dir/D_/pico/pico-sdk/src/rp2_common/hardware_gpio/gpio.c.obj
 .ARM.attributes
                0x000000a2       0x2c CMakeFiles/main_blinky.dir/D_/pico/pico-sdk/src/rp2_common/hardware_claim/claim.c.obj
 .ARM.attributes
                0x000000ce       0x2c CMakeFiles/main_blinky.dir/D_/pico/pico-sdk/src/rp2_common/pico_platform/platform.c.obj
 .ARM.attributes
                0x000000fa       0x2c CMakeFiles/main_blinky.dir/D_/pico/pico-sdk/src/rp2_common/hardware_sync/sync.c.obj
 .ARM.attributes
                0x00000126       0x2c CMakeFiles/main_blinky.dir/D_/pico/pico-sdk/src/rp2_common/hardware_irq/irq.c.obj
 .ARM.attributes
                0x00000152       0x22 CMakeFiles/main_blinky.dir/D_/pico/pico-sdk/src/rp2_common/hardware_irq/irq_handler_chain.S.obj
 .ARM.attributes
                0x00000174       0x2c CMakeFiles/main_blinky.dir/D_/pico/pico-sdk/src/common/pico_sync/lock_core.c.obj
 .ARM.attributes
                0x000001a0       0x2c CMakeFiles/main_blinky.dir/D_/pico/pico-sdk/src/common/pico_time/time.c.obj
 .ARM.attributes
                0x000001cc       0x2c CMakeFiles/main_blinky.dir/D_/pico/pico-sdk/src/rp2_common/hardware_timer/timer.c.obj
 .ARM.attributes
                0x000001f8       0x2c CMakeFiles/main_blinky.dir/D_/pico/pico-sdk/src/common/pico_util/pheap.c.obj
 .ARM.attributes
                0x00000224       0x2c CMakeFiles/main_blinky.dir/D_/pico/pico-sdk/src/common/pico_sync/mutex.c.obj
 .ARM.attributes
                0x00000250       0x2c CMakeFiles/main_blinky.dir/D_/pico/pico-sdk/src/rp2_common/hardware_uart/uart.c.obj
 .ARM.attributes
                0x0000027c       0x2c CMakeFiles/main_blinky.dir/D_/pico/pico-sdk/src/rp2_common/pico_runtime/runtime.c.obj
 .ARM.attributes
                0x000002a8       0x2c CMakeFiles/main_blinky.dir/D_/pico/pico-sdk/src/rp2_common/hardware_clocks/clocks.c.obj
 .ARM.attributes
                0x000002d4       0x2c CMakeFiles/main_blinky.dir/D_/pico/pico-sdk/src/rp2_common/hardware_pll/pll.c.obj
 .ARM.attributes
                0x00000300       0x2c CMakeFiles/main_blinky.dir/D_/pico/pico-sdk/src/rp2_common/hardware_watchdog/watchdog.c.obj
 .ARM.attributes
                0x0000032c       0x2c CMakeFiles/main_blinky.dir/D_/pico/pico-sdk/src/rp2_common/hardware_xosc/xosc.c.obj
 .ARM.attributes
                0x00000358       0x2c CMakeFiles/main_blinky.dir/D_/pico/pico-sdk/src/rp2_common/pico_printf/printf.c.obj
 .ARM.attributes
                0x00000384       0x22 CMakeFiles/main_blinky.dir/D_/pico/pico-sdk/src/rp2_common/pico_bit_ops/bit_ops_aeabi.S.obj
 .ARM.attributes
                0x000003a6       0x2c CMakeFiles/main_blinky.dir/D_/pico/pico-sdk/src/rp2_common/pico_bootrom/bootrom.c.obj
 .ARM.attributes
                0x000003d2       0x22 CMakeFiles/main_blinky.dir/D_/pico/pico-sdk/src/rp2_common/pico_divider/divider.S.obj
 .ARM.attributes
                0x000003f4       0x22 CMakeFiles/main_blinky.dir/D_/pico/pico-sdk/src/rp2_common/pico_double/double_aeabi.S.obj
 .ARM.attributes
                0x00000416       0x2c CMakeFiles/main_blinky.dir/D_/pico/pico-sdk/src/rp2_common/pico_double/double_init_rom.c.obj
 .ARM.attributes
                0x00000442       0x22 CMakeFiles/main_blinky.dir/D_/pico/pico-sdk/src/rp2_common/pico_double/double_v1_rom_shim.S.obj
 .ARM.attributes
                0x00000464       0x22 CMakeFiles/main_blinky.dir/D_/pico/pico-sdk/src/rp2_common/pico_float/float_aeabi.S.obj
 .ARM.attributes
                0x00000486       0x2c CMakeFiles/main_blinky.dir/D_/pico/pico-sdk/src/rp2_common/pico_float/float_init_rom.c.obj
 .ARM.attributes
                0x000004b2       0x22 CMakeFiles/main_blinky.dir/D_/pico/pico-sdk/src/rp2_common/pico_float/float_v1_rom_shim.S.obj
 .ARM.attributes
                0x000004d4       0x2c CMakeFiles/main_blinky.dir/D_/pico/pico-sdk/src/rp2_common/pico_malloc/pico_malloc.c.obj
 .ARM.attributes
                0x00000500       0x22 CMakeFiles/main_blinky.dir/D_/pico/pico-sdk/src/rp2_common/pico_mem_ops/mem_ops_aeabi.S.obj
 .ARM.attributes
                0x00000522       0x22 CMakeFiles/main_blinky.dir/D_/pico/pico-sdk/src/rp2_common/pico_standard_link/crt0.S.obj
 .ARM.attributes
                0x00000544       0x2c CMakeFiles/main_blinky.dir/D_/pico/pico-sdk/src/rp2_common/pico_standard_link/binary_info.c.obj
 .ARM.attributes
                0x00000570       0x2c CMakeFiles/main_blinky.dir/D_/pico/pico-sdk/src/rp2_common/pico_stdio/stdio.c.obj
 .ARM.attributes
                0x0000059c       0x2c CMakeFiles/main_blinky.dir/D_/pico/pico-sdk/src/rp2_common/pico_stdio_uart/stdio_uart.c.obj
 .ARM.attributes
                0x000005c8       0x2c CMakeFiles/main_blinky.dir/D_/pico/pico-FreeRTOS/Source/portable/ThirdParty/GCC/RP2040/port.c.obj
 .ARM.attributes
                0x000005f4       0x2c CMakeFiles/main_blinky.dir/D_/pico/pico-FreeRTOS/Source/event_groups.c.obj
 .ARM.attributes
                0x00000620       0x2c CMakeFiles/main_blinky.dir/D_/pico/pico-FreeRTOS/Source/list.c.obj
 .ARM.attributes
                0x0000064c       0x2c CMakeFiles/main_blinky.dir/D_/pico/pico-FreeRTOS/Source/queue.c.obj
 .ARM.attributes
                0x00000678       0x2c CMakeFiles/main_blinky.dir/D_/pico/pico-FreeRTOS/Source/tasks.c.obj
 .ARM.attributes
                0x000006a4       0x2c CMakeFiles/main_blinky.dir/D_/pico/pico-FreeRTOS/Source/timers.c.obj
 .ARM.attributes
                0x000006d0       0x2c CMakeFiles/main_blinky.dir/D_/pico/pico-FreeRTOS/Source/portable/MemMang/heap_1.c.obj
 .ARM.attributes
                0x000006fc       0x22 C:\Users\ployy\AppData\Local\Temp\ccSEzidY.o
 .ARM.attributes
                0x0000071e       0x1e d:/pico/armcc/10 2021.10/bin/../lib/gcc/arm-none-eabi/10.3.1/thumb/v6-m/nofp\libgcc.a(_dvmd_tls.o)
 .ARM.attributes
                0x0000073c       0x2c d:/pico/armcc/10 2021.10/bin/../lib/gcc/arm-none-eabi/10.3.1/../../../../arm-none-eabi/lib/thumb/v6-m/nofp\libg.a(lib_a-strlen-stub.o)

.comment        0x00000000       0x49
 .comment       0x00000000       0x49 CMakeFiles/main_blinky.dir/main.c.obj
                                 0x4a (size before relaxing)
 .comment       0x00000049       0x4a CMakeFiles/main_blinky.dir/D_/pico/pico-sdk/src/rp2_common/hardware_gpio/gpio.c.obj
 .comment       0x00000049       0x4a CMakeFiles/main_blinky.dir/D_/pico/pico-sdk/src/rp2_common/hardware_claim/claim.c.obj
 .comment       0x00000049       0x4a CMakeFiles/main_blinky.dir/D_/pico/pico-sdk/src/rp2_common/pico_platform/platform.c.obj
 .comment       0x00000049       0x4a CMakeFiles/main_blinky.dir/D_/pico/pico-sdk/src/rp2_common/hardware_sync/sync.c.obj
 .comment       0x00000049       0x4a CMakeFiles/main_blinky.dir/D_/pico/pico-sdk/src/rp2_common/hardware_irq/irq.c.obj
 .comment       0x00000049       0x4a CMakeFiles/main_blinky.dir/D_/pico/pico-sdk/src/common/pico_sync/lock_core.c.obj
 .comment       0x00000049       0x4a CMakeFiles/main_blinky.dir/D_/pico/pico-sdk/src/common/pico_time/time.c.obj
 .comment       0x00000049       0x4a CMakeFiles/main_blinky.dir/D_/pico/pico-sdk/src/rp2_common/hardware_timer/timer.c.obj
 .comment       0x00000049       0x4a CMakeFiles/main_blinky.dir/D_/pico/pico-sdk/src/common/pico_util/pheap.c.obj
 .comment       0x00000049       0x4a CMakeFiles/main_blinky.dir/D_/pico/pico-sdk/src/common/pico_sync/mutex.c.obj
 .comment       0x00000049       0x4a CMakeFiles/main_blinky.dir/D_/pico/pico-sdk/src/rp2_common/hardware_uart/uart.c.obj
 .comment       0x00000049       0x4a CMakeFiles/main_blinky.dir/D_/pico/pico-sdk/src/rp2_common/pico_runtime/runtime.c.obj
 .comment       0x00000049       0x4a CMakeFiles/main_blinky.dir/D_/pico/pico-sdk/src/rp2_common/hardware_clocks/clocks.c.obj
 .comment       0x00000049       0x4a CMakeFiles/main_blinky.dir/D_/pico/pico-sdk/src/rp2_common/hardware_pll/pll.c.obj
 .comment       0x00000049       0x4a CMakeFiles/main_blinky.dir/D_/pico/pico-sdk/src/rp2_common/hardware_watchdog/watchdog.c.obj
 .comment       0x00000049       0x4a CMakeFiles/main_blinky.dir/D_/pico/pico-sdk/src/rp2_common/hardware_xosc/xosc.c.obj
 .comment       0x00000049       0x4a CMakeFiles/main_blinky.dir/D_/pico/pico-sdk/src/rp2_common/pico_printf/printf.c.obj
 .comment       0x00000049       0x4a CMakeFiles/main_blinky.dir/D_/pico/pico-sdk/src/rp2_common/pico_bootrom/bootrom.c.obj
 .comment       0x00000049       0x4a CMakeFiles/main_blinky.dir/D_/pico/pico-sdk/src/rp2_common/pico_double/double_init_rom.c.obj
 .comment       0x00000049       0x4a CMakeFiles/main_blinky.dir/D_/pico/pico-sdk/src/rp2_common/pico_float/float_init_rom.c.obj
 .comment       0x00000049       0x4a CMakeFiles/main_blinky.dir/D_/pico/pico-sdk/src/rp2_common/pico_malloc/pico_malloc.c.obj
 .comment       0x00000049       0x4a CMakeFiles/main_blinky.dir/D_/pico/pico-sdk/src/rp2_common/pico_standard_link/binary_info.c.obj
 .comment       0x00000049       0x4a CMakeFiles/main_blinky.dir/D_/pico/pico-sdk/src/rp2_common/pico_stdio/stdio.c.obj
 .comment       0x00000049       0x4a CMakeFiles/main_blinky.dir/D_/pico/pico-sdk/src/rp2_common/pico_stdio_uart/stdio_uart.c.obj
 .comment       0x00000049       0x4a CMakeFiles/main_blinky.dir/D_/pico/pico-FreeRTOS/Source/portable/ThirdParty/GCC/RP2040/port.c.obj
 .comment       0x00000049       0x4a CMakeFiles/main_blinky.dir/D_/pico/pico-FreeRTOS/Source/event_groups.c.obj
 .comment       0x00000049       0x4a CMakeFiles/main_blinky.dir/D_/pico/pico-FreeRTOS/Source/list.c.obj
 .comment       0x00000049       0x4a CMakeFiles/main_blinky.dir/D_/pico/pico-FreeRTOS/Source/queue.c.obj
 .comment       0x00000049       0x4a CMakeFiles/main_blinky.dir/D_/pico/pico-FreeRTOS/Source/tasks.c.obj
 .comment       0x00000049       0x4a CMakeFiles/main_blinky.dir/D_/pico/pico-FreeRTOS/Source/timers.c.obj
 .comment       0x00000049       0x4a CMakeFiles/main_blinky.dir/D_/pico/pico-FreeRTOS/Source/portable/MemMang/heap_1.c.obj

.debug_info     0x00000000    0x2142b
 .debug_info    0x00000000      0x71f CMakeFiles/main_blinky.dir/main.c.obj
 .debug_info    0x0000071f     0x16d7 CMakeFiles/main_blinky.dir/D_/pico/pico-sdk/src/rp2_common/hardware_gpio/gpio.c.obj
 .debug_info    0x00001df6      0x6bb CMakeFiles/main_blinky.dir/D_/pico/pico-sdk/src/rp2_common/hardware_claim/claim.c.obj
 .debug_info    0x000024b1      0x1e3 CMakeFiles/main_blinky.dir/D_/pico/pico-sdk/src/rp2_common/pico_platform/platform.c.obj
 .debug_info    0x00002694      0x58e CMakeFiles/main_blinky.dir/D_/pico/pico-sdk/src/rp2_common/hardware_sync/sync.c.obj
 .debug_info    0x00002c22     0x1c49 CMakeFiles/main_blinky.dir/D_/pico/pico-sdk/src/rp2_common/hardware_irq/irq.c.obj
 .debug_info    0x0000486b      0x1a4 CMakeFiles/main_blinky.dir/D_/pico/pico-sdk/src/common/pico_sync/lock_core.c.obj
 .debug_info    0x00004a0f     0x39f6 CMakeFiles/main_blinky.dir/D_/pico/pico-sdk/src/common/pico_time/time.c.obj
 .debug_info    0x00008405     0x1134 CMakeFiles/main_blinky.dir/D_/pico/pico-sdk/src/rp2_common/hardware_timer/timer.c.obj
 .debug_info    0x00009539     0x120c CMakeFiles/main_blinky.dir/D_/pico/pico-sdk/src/common/pico_util/pheap.c.obj
 .debug_info    0x0000a745     0x1c21 CMakeFiles/main_blinky.dir/D_/pico/pico-sdk/src/common/pico_sync/mutex.c.obj
 .debug_info    0x0000c366      0xb65 CMakeFiles/main_blinky.dir/D_/pico/pico-sdk/src/rp2_common/hardware_uart/uart.c.obj
 .debug_info    0x0000cecb      0xa6f CMakeFiles/main_blinky.dir/D_/pico/pico-sdk/src/rp2_common/pico_runtime/runtime.c.obj
 .debug_info    0x0000d93a      0xf63 CMakeFiles/main_blinky.dir/D_/pico/pico-sdk/src/rp2_common/hardware_clocks/clocks.c.obj
 .debug_info    0x0000e89d      0x54a CMakeFiles/main_blinky.dir/D_/pico/pico-sdk/src/rp2_common/hardware_pll/pll.c.obj
 .debug_info    0x0000ede7      0x4ee CMakeFiles/main_blinky.dir/D_/pico/pico-sdk/src/rp2_common/hardware_watchdog/watchdog.c.obj
 .debug_info    0x0000f2d5      0x1d8 CMakeFiles/main_blinky.dir/D_/pico/pico-sdk/src/rp2_common/hardware_xosc/xosc.c.obj
 .debug_info    0x0000f4ad     0x1a5f CMakeFiles/main_blinky.dir/D_/pico/pico-sdk/src/rp2_common/pico_printf/printf.c.obj
 .debug_info    0x00010f0c       0x22 CMakeFiles/main_blinky.dir/D_/pico/pico-sdk/src/rp2_common/pico_bit_ops/bit_ops_aeabi.S.obj
 .debug_info    0x00010f2e      0x27c CMakeFiles/main_blinky.dir/D_/pico/pico-sdk/src/rp2_common/pico_bootrom/bootrom.c.obj
 .debug_info    0x000111aa       0x22 CMakeFiles/main_blinky.dir/D_/pico/pico-sdk/src/rp2_common/pico_divider/divider.S.obj
 .debug_info    0x000111cc       0x22 CMakeFiles/main_blinky.dir/D_/pico/pico-sdk/src/rp2_common/pico_double/double_aeabi.S.obj
 .debug_info    0x000111ee      0x2d1 CMakeFiles/main_blinky.dir/D_/pico/pico-sdk/src/rp2_common/pico_double/double_init_rom.c.obj