Archive member included to satisfy reference by file (symbol)

d:/pico/armcc/10 2021.10/bin/../lib/gcc/arm-none-eabi/10.3.1/thumb/v6-m/nofp\libgcc.a(_dvmd_tls.o)
                              CMakeFiles/ex1_create_task.dir/D_/pico/pico-sdk/src/rp2_common/pico_divider/divider.S.obj (__aeabi_idiv0)
d:/pico/armcc/10 2021.10/bin/../lib/gcc/arm-none-eabi/10.3.1/../../../../arm-none-eabi/lib/thumb/v6-m/nofp\libg.a(lib_a-calloc.o)
                              CMakeFiles/ex1_create_task.dir/D_/pico/pico-sdk/src/rp2_common/pico_malloc/pico_malloc.c.obj (calloc)
d:/pico/armcc/10 2021.10/bin/../lib/gcc/arm-none-eabi/10.3.1/../../../../arm-none-eabi/lib/thumb/v6-m/nofp\libg.a(lib_a-callocr.o)
                              d:/pico/armcc/10 2021.10/bin/../lib/gcc/arm-none-eabi/10.3.1/../../../../arm-none-eabi/lib/thumb/v6-m/nofp\libg.a(lib_a-calloc.o) (_calloc_r)
d:/pico/armcc/10 2021.10/bin/../lib/gcc/arm-none-eabi/10.3.1/../../../../arm-none-eabi/lib/thumb/v6-m/nofp\libg.a(lib_a-ctype_.o)
                              CMakeFiles/ex1_create_task.dir/D_/pico/pico-sdk/lib/tinyusb/src/tusb.c.obj (_ctype_)
d:/pico/armcc/10 2021.10/bin/../lib/gcc/arm-none-eabi/10.3.1/../../../../arm-none-eabi/lib/thumb/v6-m/nofp\libg.a(lib_a-errno.o)
                              d:/pico/armcc/10 2021.10/bin/../lib/gcc/arm-none-eabi/10.3.1/../../../../arm-none-eabi/lib/thumb/v6-m/nofp\libg.a(lib_a-callocr.o) (__errno)
d:/pico/armcc/10 2021.10/bin/../lib/gcc/arm-none-eabi/10.3.1/../../../../arm-none-eabi/lib/thumb/v6-m/nofp\libg.a(lib_a-impure.o)
                              d:/pico/armcc/10 2021.10/bin/../lib/gcc/arm-none-eabi/10.3.1/../../../../arm-none-eabi/lib/thumb/v6-m/nofp\libg.a(lib_a-calloc.o) (_impure_ptr)
d:/pico/armcc/10 2021.10/bin/../lib/gcc/arm-none-eabi/10.3.1/../../../../arm-none-eabi/lib/thumb/v6-m/nofp\libg.a(lib_a-init.o)
                              d:/pico/armcc/10 2021.10/bin/../lib/gcc/arm-none-eabi/10.3.1/../../../../arm-none-eabi/lib/thumb/v6-m/nofp/crt0.o (__libc_init_array)
d:/pico/armcc/10 2021.10/bin/../lib/gcc/arm-none-eabi/10.3.1/../../../../arm-none-eabi/lib/thumb/v6-m/nofp\libg.a(lib_a-malloc.o)
                              CMakeFiles/ex1_create_task.dir/D_/pico/pico-sdk/src/rp2_common/pico_malloc/pico_malloc.c.obj (malloc)
d:/pico/armcc/10 2021.10/bin/../lib/gcc/arm-none-eabi/10.3.1/../../../../arm-none-eabi/lib/thumb/v6-m/nofp\libg.a(lib_a-mallocr.o)
                              d:/pico/armcc/10 2021.10/bin/../lib/gcc/arm-none-eabi/10.3.1/../../../../arm-none-eabi/lib/thumb/v6-m/nofp\libg.a(lib_a-callocr.o) (_malloc_r)
d:/pico/armcc/10 2021.10/bin/../lib/gcc/arm-none-eabi/10.3.1/../../../../arm-none-eabi/lib/thumb/v6-m/nofp\libg.a(lib_a-mlock.o)
                              d:/pico/armcc/10 2021.10/bin/../lib/gcc/arm-none-eabi/10.3.1/../../../../arm-none-eabi/lib/thumb/v6-m/nofp\libg.a(lib_a-mallocr.o) (__malloc_lock)
d:/pico/armcc/10 2021.10/bin/../lib/gcc/arm-none-eabi/10.3.1/../../../../arm-none-eabi/lib/thumb/v6-m/nofp\libg.a(lib_a-realloc.o)
                              CMakeFiles/ex1_create_task.dir/D_/pico/pico-sdk/src/rp2_common/pico_malloc/pico_malloc.c.obj (realloc)
d:/pico/armcc/10 2021.10/bin/../lib/gcc/arm-none-eabi/10.3.1/../../../../arm-none-eabi/lib/thumb/v6-m/nofp\libg.a(lib_a-reallocr.o)
                              d:/pico/armcc/10 2021.10/bin/../lib/gcc/arm-none-eabi/10.3.1/../../../../arm-none-eabi/lib/thumb/v6-m/nofp\libg.a(lib_a-realloc.o) (_realloc_r)
d:/pico/armcc/10 2021.10/bin/../lib/gcc/arm-none-eabi/10.3.1/../../../../arm-none-eabi/lib/thumb/v6-m/nofp\libg.a(lib_a-sbrkr.o)
                              d:/pico/armcc/10 2021.10/bin/../lib/gcc/arm-none-eabi/10.3.1/../../../../arm-none-eabi/lib/thumb/v6-m/nofp\libg.a(lib_a-mallocr.o) (_sbrk_r)
d:/pico/armcc/10 2021.10/bin/../lib/gcc/arm-none-eabi/10.3.1/../../../../arm-none-eabi/lib/thumb/v6-m/nofp\libg.a(lib_a-strlen-stub.o)
                              CMakeFiles/ex1_create_task.dir/D_/pico/pico-sdk/src/rp2_common/pico_stdio/stdio.c.obj (strlen)
d:/pico/armcc/10 2021.10/bin/../lib/gcc/arm-none-eabi/10.3.1/../../../../arm-none-eabi/lib/thumb/v6-m/nofp\libg.a(lib_a-freer.o)
                              d:/pico/armcc/10 2021.10/bin/../lib/gcc/arm-none-eabi/10.3.1/../../../../arm-none-eabi/lib/thumb/v6-m/nofp\libg.a(lib_a-malloc.o) (_free_r)
d:/pico/armcc/10 2021.10/bin/../lib/gcc/arm-none-eabi/10.3.1/../../../../arm-none-eabi/lib/thumb/v6-m/nofp\libg.a(lib_a-lock.o)
                              d:/pico/armcc/10 2021.10/bin/../lib/gcc/arm-none-eabi/10.3.1/../../../../arm-none-eabi/lib/thumb/v6-m/nofp\libg.a(lib_a-mlock.o) (__retarget_lock_acquire_recursive)
d:/pico/armcc/10 2021.10/bin/../lib/gcc/arm-none-eabi/10.3.1/../../../../arm-none-eabi/lib/thumb/v6-m/nofp\libg.a(lib_a-memmove.o)
                              d:/pico/armcc/10 2021.10/bin/../lib/gcc/arm-none-eabi/10.3.1/../../../../arm-none-eabi/lib/thumb/v6-m/nofp\libg.a(lib_a-reallocr.o) (memmove)
[...]
Memory Configuration

Name             Origin             Length             Attributes
FLASH            0x10000000         0x00200000         xr
RAM              0x20000000         0x00040000         xrw
SCRATCH_X        0x20040000         0x00001000         xrw
SCRATCH_Y        0x20041000         0x00001000         xrw
*default*        0x00000000         0xffffffff

Linker script and memory map

LOAD d:/pico/armcc/10 2021.10/bin/../lib/gcc/arm-none-eabi/10.3.1/thumb/v6-m/nofp/crti.o
LOAD d:/pico/armcc/10 2021.10/bin/../lib/gcc/arm-none-eabi/10.3.1/thumb/v6-m/nofp/crtbegin.o
LOAD d:/pico/armcc/10 2021.10/bin/../lib/gcc/arm-none-eabi/10.3.1/../../../../arm-none-eabi/lib/thumb/v6-m/nofp/crt0.o

.flash_begin    0x10000000        0x0
                0x10000000                __flash_binary_start = .

.boot2          0x10000000      0x100
                0x10000000                __boot2_start__ = .
 *(.boot2)
 .boot2         0x10000000      0x100 C:\Users\ployy\AppData\Local\Temp\ccERXrNO.o
                0x10000100                __boot2_end__ = .
                0x00000001                ASSERT (((__boot2_end__ - __boot2_start__) == 0x100), ERROR: Pico second stage bootloader must be 256 bytes in size)

.text           0x10000100     0xa2b8
                0x10000100                __logical_binary_start = .
 *(.vectors)
 .vectors       0x10000100       0xd4 CMakeFiles/ex1_create_task.dir/D_/pico/pico-sdk/src/rp2_common/pico_standard_link/crt0.S.obj
                0x10000100                __VECTOR_TABLE
                0x10000100                __vectors
                0x100001c0                isr_invalid
                0x100001c0                __default_isrs_start
                0x100001c2                isr_nmi
                0x100001c4                isr_hardfault
                0x100001c6                isr_svcall
                0x100001c8                isr_pendsv
                0x100001ca                isr_systick
                0x100001cc                isr_irq23
                0x100001cc                isr_irq18
                0x100001cc                isr_irq11
                0x100001cc                isr_irq28
                0x100001cc                isr_irq19
                0x100001cc                isr_irq0
                0x100001cc                isr_irq6
                0x100001cc                isr_irq5
                0x100001cc                isr_irq12
                0x100001cc                isr_irq22
                0x100001cc                isr_irq31
                0x100001cc                isr_irq17
                0x100001cc                isr_irq27
                0x100001cc                isr_irq30
                0x100001cc                isr_irq2
                0x100001cc                isr_irq10
                0x100001cc                isr_irq8
                0x100001cc                isr_irq24
                0x100001cc                isr_irq1
                0x100001cc                isr_irq7
                0x100001cc                isr_irq21
                0x100001cc                isr_irq20
                0x100001cc                isr_irq15
                0x100001cc                isr_irq25
                0x100001cc                isr_irq13
                0x100001cc                __unhandled_user_irq
                0x100001cc                isr_irq4
                0x100001cc                isr_irq16
                0x100001cc                isr_irq29
                0x100001cc                isr_irq26
                0x100001cc                __default_isrs_end
                0x100001cc                isr_irq3
                0x100001cc                isr_irq14
                0x100001cc                isr_irq9
                0x100001d2                unhandled_user_irq_num_in_r0
 *(.binary_info_header)
 .binary_info_header
                0x100001d4       0x14 CMakeFiles/ex1_create_task.dir/D_/pico/pico-sdk/src/rp2_common/pico_standard_link/crt0.S.obj
                0x100001e8                __binary_info_header_end = .
 *(.reset)
 .reset         0x100001e8       0xa8 CMakeFiles/ex1_create_task.dir/D_/pico/pico-sdk/src/rp2_common/pico_standard_link/crt0.S.obj
                0x100001e8                _entry_point
                0x10000266                __get_current_exception
 .reset         0x10000290       0x30 CMakeFiles/ex1_create_task.dir/D_/pico/pico-sdk/src/rp2_common/pico_standard_link/binary_info.c.obj
 *(.init)
 .init          0x100002c0        0x4 d:/pico/armcc/10 2021.10/bin/../lib/gcc/arm-none-eabi/10.3.1/thumb/v6-m/nofp/crti.o
                0x100002c0                _init
 *(EXCLUDE_FILE(*libm.a: *libc.a:*lib_a-mem*.o *libgcc.a:) .text*)
 .text          0x100002c4       0x48 d:/pico/armcc/10 2021.10/bin/../lib/gcc/arm-none-eabi/10.3.1/thumb/v6-m/nofp/crtbegin.o
 .text.prvSetupHardware
                0x1000030c        0x8 CMakeFiles/ex1_create_task.dir/main.c.obj
 .text.vTask1   0x10000314       0x18 CMakeFiles/ex1_create_task.dir/main.c.obj
                0x10000314                vTask1
 .text.vTask2   0x1000032c       0x18 CMakeFiles/ex1_create_task.dir/main.c.obj
                0x1000032c                vTask2
 .text.main     0x10000344       0x48 CMakeFiles/ex1_create_task.dir/main.c.obj
                0x10000344                main
 .text.vApplicationMallocFailedHook
                0x1000038c       0x1c CMakeFiles/ex1_create_task.dir/main.c.obj
                0x1000038c                vApplicationMallocFailedHook
 .text.vApplicationStackOverflowHook
                0x100003a8       0x1c CMakeFiles/ex1_create_task.dir/main.c.obj
                0x100003a8                vApplicationStackOverflowHook
 .text.vApplicationTickHook
                0x100003c4        0x2 CMakeFiles/ex1_create_task.dir/main.c.obj
                0x100003c4                vApplicationTickHook
 *fill*         0x100003c6        0x2 
 .text.hw_claim_lock
                0x100003c8       0x18 CMakeFiles/ex1_create_task.dir/D_/pico/pico-sdk/src/rp2_common/hardware_claim/claim.c.obj
                0x100003c8                hw_claim_lock
 .text.hw_claim_unlock
                0x100003e0       0x14 CMakeFiles/ex1_create_task.dir/D_/pico/pico-sdk/src/rp2_common/hardware_claim/claim.c.obj
                0x100003e0                hw_claim_unlock
 .text.hw_claim_or_assert
                0x100003f4       0x32 CMakeFiles/ex1_create_task.dir/D_/pico/pico-sdk/src/rp2_common/hardware_claim/claim.c.obj
                0x100003f4                hw_claim_or_assert
 .text.hw_claim_unused_from_range
                0x10000426       0x50 CMakeFiles/ex1_create_task.dir/D_/pico/pico-sdk/src/rp2_common/hardware_claim/claim.c.obj
                0x10000426                hw_claim_unused_from_range
 *fill*         0x10000476        0x2 
 .text.running_on_fpga
                0x10000478       0x14 CMakeFiles/ex1_create_task.dir/D_/pico/pico-sdk/src/rp2_common/pico_platform/platform.c.obj
                0x10000478                running_on_fpga
 .text.spin_locks_reset
                0x1000048c       0x20 CMakeFiles/ex1_create_task.dir/D_/pico/pico-sdk/src/rp2_common/hardware_sync/sync.c.obj
                0x1000048c                spin_locks_reset
 .text.next_striped_spin_lock_num
                0x100004ac       0x1c CMakeFiles/ex1_create_task.dir/D_/pico/pico-sdk/src/rp2_common/hardware_sync/sync.c.obj
                0x100004ac                next_striped_spin_lock_num
 .text.spin_lock_claim
                0x100004c8       0x18 CMakeFiles/ex1_create_task.dir/D_/pico/pico-sdk/src/rp2_common/hardware_sync/sync.c.obj
                0x100004c8                spin_lock_claim
 .text.spin_lock_claim_unused
                0x100004e0       0x20 CMakeFiles/ex1_create_task.dir/D_/pico/pico-sdk/src/rp2_common/hardware_sync/sync.c.obj
                0x100004e0                spin_lock_claim_unused
 .text.set_raw_irq_handler_and_unlock
                0x10000500       0x28 CMakeFiles/ex1_create_task.dir/D_/pico/pico-sdk/src/rp2_common/hardware_irq/irq.c.obj
 .text.make_branch
                0x10000528       0x48 CMakeFiles/ex1_create_task.dir/D_/pico/pico-sdk/src/rp2_common/hardware_irq/irq.c.obj
 .text.insert_branch_and_link
                0x10000570       0x40 CMakeFiles/ex1_create_task.dir/D_/pico/pico-sdk/src/rp2_common/hardware_irq/irq.c.obj
 .text.irq_is_enabled
                0x100005b0       0x18 CMakeFiles/ex1_create_task.dir/D_/pico/pico-sdk/src/rp2_common/hardware_irq/irq.c.obj
                0x100005b0                irq_is_enabled
 .text.irq_set_mask_enabled
                0x100005c8       0x20 CMakeFiles/ex1_create_task.dir/D_/pico/pico-sdk/src/rp2_common/hardware_irq/irq.c.obj
                0x100005c8                irq_set_mask_enabled
 .text.irq_set_enabled
                0x100005e8        0xe CMakeFiles/ex1_create_task.dir/D_/pico/pico-sdk/src/rp2_common/hardware_irq/irq.c.obj
                0x100005e8                irq_set_enabled
 *fill*         0x100005f6        0x2 
 .text.irq_set_pending
                0x100005f8       0x10 CMakeFiles/ex1_create_task.dir/D_/pico/pico-sdk/src/rp2_common/hardware_irq/irq.c.obj
                0x100005f8                irq_set_pending
 .text.irq_get_vtable_handler
                0x10000608       0x10 CMakeFiles/ex1_create_task.dir/D_/pico/pico-sdk/src/rp2_common/hardware_irq/irq.c.obj
                0x10000608                irq_get_vtable_handler
 .text.irq_has_shared_handler
                0x10000618       0x24 CMakeFiles/ex1_create_task.dir/D_/pico/pico-sdk/src/rp2_common/hardware_irq/irq.c.obj
                0x10000618                irq_has_shared_handler
 .text.irq_set_exclusive_handler
                0x1000063c       0x54 CMakeFiles/ex1_create_task.dir/D_/pico/pico-sdk/src/rp2_common/hardware_irq/irq.c.obj
                0x1000063c                irq_set_exclusive_handler
 .text.irq_add_shared_handler
                0x10000690      0x230 CMakeFiles/ex1_create_task.dir/D_/pico/pico-sdk/src/rp2_common/hardware_irq/irq.c.obj
                0x10000690                irq_add_shared_handler
 .text.irq_remove_handler
                0x100008c0      0x1a8 CMakeFiles/ex1_create_task.dir/D_/pico/pico-sdk/src/rp2_common/hardware_irq/irq.c.obj
                0x100008c0                irq_remove_handler
 .text.irq_set_priority
                0x10000a68       0x28 CMakeFiles/ex1_create_task.dir/D_/pico/pico-sdk/src/rp2_common/hardware_irq/irq.c.obj
                0x10000a68                irq_set_priority
 .text.irq_add_tail_to_free_list
                0x10000a90       0xf0 CMakeFiles/ex1_create_task.dir/D_/pico/pico-sdk/src/rp2_common/hardware_irq/irq.c.obj
                0x10000a90                irq_add_tail_to_free_list
 .text.irq_init_priorities
                0x10000b80       0x1c CMakeFiles/ex1_create_task.dir/D_/pico/pico-sdk/src/rp2_common/hardware_irq/irq.c.obj
                0x10000b80                irq_init_priorities
 .text.user_irq_claim_unused
                0x10000b9c       0x30 CMakeFiles/ex1_create_task.dir/D_/pico/pico-sdk/src/rp2_common/hardware_irq/irq.c.obj
                0x10000b9c                user_irq_claim_unused
 .text.lock_init
                0x10000bcc       0x10 CMakeFiles/ex1_create_task.dir/D_/pico/pico-sdk/src/common/pico_sync/lock_core.c.obj
                0x10000bcc                lock_init
 .text.alarm_pool_post_alloc_init
                0x10000bdc       0x40 CMakeFiles/ex1_create_task.dir/D_/pico/pico-sdk/src/common/pico_time/time.c.obj
 .text.sleep_until_callback
                0x10000c1c       0x28 CMakeFiles/ex1_create_task.dir/D_/pico/pico-sdk/src/common/pico_time/time.c.obj
 .text.timer_pool_entry_comparator
                0x10000c44       0x7c CMakeFiles/ex1_create_task.dir/D_/pico/pico-sdk/src/common/pico_time/time.c.obj
                0x10000c44                timer_pool_entry_comparator
 .text.ph_add_child_node
                0x10000cc0       0xa4 CMakeFiles/ex1_create_task.dir/D_/pico/pico-sdk/src/common/pico_time/time.c.obj
 .text.ph_merge_nodes
                0x10000d64       0x3e CMakeFiles/ex1_create_task.dir/D_/pico/pico-sdk/src/common/pico_time/time.c.obj
 *fill*         0x10000da2        0x2 
 .text.add_alarm_under_lock
                0x10000da4      0x174 CMakeFiles/ex1_create_task.dir/D_/pico/pico-sdk/src/common/pico_time/time.c.obj
 .text.alarm_pool_alarm_callback
                0x10000f18      0x328 CMakeFiles/ex1_create_task.dir/D_/pico/pico-sdk/src/common/pico_time/time.c.obj
 .text.alarm_pool_init_default
                0x10001240       0x38 CMakeFiles/ex1_create_task.dir/D_/pico/pico-sdk/src/common/pico_time/time.c.obj
                0x10001240                alarm_pool_init_default
 .text.alarm_pool_get_default
                0x10001278       0x2c CMakeFiles/ex1_create_task.dir/D_/pico/pico-sdk/src/common/pico_time/time.c.obj
                0x10001278                alarm_pool_get_default
 .text.alarm_pool_add_alarm_at
                0x100012a4      0x170 CMakeFiles/ex1_create_task.dir/D_/pico/pico-sdk/src/common/pico_time/time.c.obj
                0x100012a4                alarm_pool_add_alarm_at
 .text.alarm_pool_cancel_alarm
                0x10001414       0xf0 CMakeFiles/ex1_create_task.dir/D_/pico/pico-sdk/src/common/pico_time/time.c.obj
                0x10001414                alarm_pool_cancel_alarm
 .text.best_effort_wfe_or_timeout
                0x10001504       0x80 CMakeFiles/ex1_create_task.dir/D_/pico/pico-sdk/src/common/pico_time/time.c.obj
                0x10001504                best_effort_wfe_or_timeout
 .text.hardware_alarm_irq_handler
                0x10001584       0x8c CMakeFiles/ex1_create_task.dir/D_/pico/pico-sdk/src/rp2_common/hardware_timer/timer.c.obj
 .text.hardware_alarm_claim
                0x10001610       0x18 CMakeFiles/ex1_create_task.dir/D_/pico/pico-sdk/src/rp2_common/hardware_timer/timer.c.obj
                0x10001610                hardware_alarm_claim
 .text.time_us_64
                0x10001628       0x18 CMakeFiles/ex1_create_task.dir/D_/pico/pico-sdk/src/rp2_common/hardware_timer/timer.c.obj
                0x10001628                time_us_64
 .text.hardware_alarm_set_callback
                0x10001640       0x90 CMakeFiles/ex1_create_task.dir/D_/pico/pico-sdk/src/rp2_common/hardware_timer/timer.c.obj
                0x10001640                hardware_alarm_set_callback
 .text.hardware_alarm_set_target
                0x100016d0       0xe8 CMakeFiles/ex1_create_task.dir/D_/pico/pico-sdk/src/rp2_common/hardware_timer/timer.c.obj
                0x100016d0                hardware_alarm_set_target
 .text.hardware_alarm_cancel
                0x100017b8       0x40 CMakeFiles/ex1_create_task.dir/D_/pico/pico-sdk/src/rp2_common/hardware_timer/timer.c.obj
                0x100017b8                hardware_alarm_cancel
 .text.ph_add_child_node
                0x100017f8       0xa4 CMakeFiles/ex1_create_task.dir/D_/pico/pico-sdk/src/common/pico_util/pheap.c.obj
 .text.ph_merge_nodes
                0x1000189c       0x3e CMakeFiles/ex1_create_task.dir/D_/pico/pico-sdk/src/common/pico_util/pheap.c.obj
 *fill*         0x100018da        0x2 
 .text.ph_clear
                0x100018dc       0x70 CMakeFiles/ex1_create_task.dir/D_/pico/pico-sdk/src/common/pico_util/pheap.c.obj
                0x100018dc                ph_clear
 .text.ph_post_alloc_init
                0x1000194c        0xe CMakeFiles/ex1_create_task.dir/D_/pico/pico-sdk/src/common/pico_util/pheap.c.obj
                0x1000194c                ph_post_alloc_init
 *fill*         0x1000195a        0x2 
 .text.ph_merge_two_pass
                0x1000195c       0xa8 CMakeFiles/ex1_create_task.dir/D_/pico/pico-sdk/src/common/pico_util/pheap.c.obj
                0x1000195c                ph_merge_two_pass
 .text.ph_remove_any_head
                0x10001a04      0x108 CMakeFiles/ex1_create_task.dir/D_/pico/pico-sdk/src/common/pico_util/pheap.c.obj
 .text.ph_remove_head
                0x10001b0c       0x14 CMakeFiles/ex1_create_task.dir/D_/pico/pico-sdk/src/common/pico_util/pheap.c.obj
                0x10001b0c                ph_remove_head
 .text.ph_remove_and_free_node
                0x10001b20       0xf8 CMakeFiles/ex1_create_task.dir/D_/pico/pico-sdk/src/common/pico_util/pheap.c.obj
                0x10001b20                ph_remove_and_free_node
 .text.mutex_init
                0x10001c18       0x1c CMakeFiles/ex1_create_task.dir/D_/pico/pico-sdk/src/common/pico_sync/mutex.c.obj
                0x10001c18                mutex_init
 .text.recursive_mutex_init
                0x10001c34       0x20 CMakeFiles/ex1_create_task.dir/D_/pico/pico-sdk/src/common/pico_sync/mutex.c.obj
                0x10001c34                recursive_mutex_init
 .text.critical_section_init_with_lock_num
                0x10001c54       0x14 CMakeFiles/ex1_create_task.dir/D_/pico/pico-sdk/src/common/pico_sync/critical_section.c.obj
                0x10001c54                critical_section_init_with_lock_num
 .text.critical_section_init
                0x10001c68       0x14 CMakeFiles/ex1_create_task.dir/D_/pico/pico-sdk/src/common/pico_sync/critical_section.c.obj
                0x10001c68                critical_section_init
 .text._exit    0x10001c7c        0x4 CMakeFiles/ex1_create_task.dir/D_/pico/pico-sdk/src/rp2_common/pico_runtime/runtime.c.obj
                0x10001c7c                _exit
 .text.exit     0x10001c80        0x6 CMakeFiles/ex1_create_task.dir/D_/pico/pico-sdk/src/rp2_common/pico_runtime/runtime.c.obj
                0x10001c80                exit
 *fill*         0x10001c86        0x2 
 .text.__assert_func
                0x10001c88       0x3c CMakeFiles/ex1_create_task.dir/D_/pico/pico-sdk/src/rp2_common/pico_runtime/runtime.c.obj
                0x10001c88                __assert_func
 .text.runtime_init
                0x10001cc4       0xf8 CMakeFiles/ex1_create_task.dir/D_/pico/pico-sdk/src/rp2_common/pico_runtime/runtime.c.obj
                0x10001cc4                runtime_init
 .text.panic    0x10001dbc       0x30 CMakeFiles/ex1_create_task.dir/D_/pico/pico-sdk/src/rp2_common/pico_runtime/runtime.c.obj
                0x10001dbc                panic
 .text.panic_unsupported
                0x10001dec        0xc CMakeFiles/ex1_create_task.dir/D_/pico/pico-sdk/src/rp2_common/pico_runtime/runtime.c.obj
                0x10001dec                panic_unsupported
 .text.clock_configure
                0x10001df8      0x104 CMakeFiles/ex1_create_task.dir/D_/pico/pico-sdk/src/rp2_common/hardware_clocks/clocks.c.obj
                0x10001df8                clock_configure
 .text.clocks_init
                0x10001efc      0x100 CMakeFiles/ex1_create_task.dir/D_/pico/pico-sdk/src/rp2_common/hardware_clocks/clocks.c.obj
                0x10001efc                clocks_init
 .text.clock_get_hz
                0x10001ffc        0xc CMakeFiles/ex1_create_task.dir/D_/pico/pico-sdk/src/rp2_common/hardware_clocks/clocks.c.obj
                0x10001ffc                clock_get_hz
 .text.pll_init
                0x10002008      0x140 CMakeFiles/ex1_create_task.dir/D_/pico/pico-sdk/src/rp2_common/hardware_pll/pll.c.obj
                0x10002008                pll_init
 .text.watchdog_start_tick
                0x10002148       0x10 CMakeFiles/ex1_create_task.dir/D_/pico/pico-sdk/src/rp2_common/hardware_watchdog/watchdog.c.obj
                0x10002148                watchdog_start_tick
 .text.watchdog_update
                0x10002158       0x14 CMakeFiles/ex1_create_task.dir/D_/pico/pico-sdk/src/rp2_common/hardware_watchdog/watchdog.c.obj
                0x10002158                watchdog_update
 .text._watchdog_enable
                0x1000216c       0x78 CMakeFiles/ex1_create_task.dir/D_/pico/pico-sdk/src/rp2_common/hardware_watchdog/watchdog.c.obj
                0x1000216c                _watchdog_enable
 .text.watchdog_reboot
                0x100021e4       0x48 CMakeFiles/ex1_create_task.dir/D_/pico/pico-sdk/src/rp2_common/hardware_watchdog/watchdog.c.obj
                0x100021e4                watchdog_reboot
 .text.xosc_init
                0x1000222c       0x28 CMakeFiles/ex1_create_task.dir/D_/pico/pico-sdk/src/rp2_common/hardware_xosc/xosc.c.obj
                0x1000222c                xosc_init
 .text._out_null
                0x10002254        0x2 CMakeFiles/ex1_create_task.dir/D_/pico/pico-sdk/src/rp2_common/pico_printf/printf.c.obj
 .text._out_fct
                0x10002256        0xe CMakeFiles/ex1_create_task.dir/D_/pico/pico-sdk/src/rp2_common/pico_printf/printf.c.obj
 .text._atoi    0x10002264       0x24 CMakeFiles/ex1_create_task.dir/D_/pico/pico-sdk/src/rp2_common/pico_printf/printf.c.obj
 .text._out_rev
                0x10002288       0xae CMakeFiles/ex1_create_task.dir/D_/pico/pico-sdk/src/rp2_common/pico_printf/printf.c.obj
 .text._ntoa_format
                0x10002336      0x112 CMakeFiles/ex1_create_task.dir/D_/pico/pico-sdk/src/rp2_common/pico_printf/printf.c.obj
 .text._ntoa_long
                0x10002448       0xbc CMakeFiles/ex1_create_task.dir/D_/pico/pico-sdk/src/rp2_common/pico_printf/printf.c.obj
 .text._ntoa_long_long
                0x10002504       0xe2 CMakeFiles/ex1_create_task.dir/D_/pico/pico-sdk/src/rp2_common/pico_printf/printf.c.obj
 *fill*         0x100025e6        0x2 
 .text._etoa    0x100025e8      0x414 CMakeFiles/ex1_create_task.dir/D_/pico/pico-sdk/src/rp2_common/pico_printf/printf.c.obj
 .text._ftoa    0x100029fc      0x354 CMakeFiles/ex1_create_task.dir/D_/pico/pico-sdk/src/rp2_common/pico_printf/printf.c.obj
 .text._vsnprintf
                0x10002d50      0x624 CMakeFiles/ex1_create_task.dir/D_/pico/pico-sdk/src/rp2_common/pico_printf/printf.c.obj
 .text.vfctprintf
                0x10003374       0x20 CMakeFiles/ex1_create_task.dir/D_/pico/pico-sdk/src/rp2_common/pico_printf/printf.c.obj
                0x10003374                vfctprintf
 .text          0x10003394       0x10 CMakeFiles/ex1_create_task.dir/D_/pico/pico-sdk/src/rp2_common/pico_bit_ops/bit_ops_aeabi.S.obj
 .text.rom_func_lookup
                0x100033a4       0x10 CMakeFiles/ex1_create_task.dir/D_/pico/pico-sdk/src/rp2_common/pico_bootrom/bootrom.c.obj
                0x100033a4                rom_func_lookup
 .text.rom_data_lookup
                0x100033b4       0x10 CMakeFiles/ex1_create_task.dir/D_/pico/pico-sdk/src/rp2_common/pico_bootrom/bootrom.c.obj
                0x100033b4                rom_data_lookup
 .text.rom_funcs_lookup
                0x100033c4       0x36 CMakeFiles/ex1_create_task.dir/D_/pico/pico-sdk/src/rp2_common/pico_bootrom/bootrom.c.obj
                0x100033c4                rom_funcs_lookup
 *fill*         0x100033fa        0x2 
 .text.__wrap___aeabi_idiv
                0x100033fc       0x50 CMakeFiles/ex1_create_task.dir/D_/pico/pico-sdk/src/rp2_common/pico_divider/divider.S.obj
                0x100033fc                __wrap___aeabi_idivmod
                0x100033fc                divmod_s32s32
                0x100033fc                div_s32s32
                0x100033fc                __wrap___aeabi_idiv
                0x10003404                divmod_s32s32_unsafe
                0x10003430                divmod_s32s32_savestate
 .text.__wrap___aeabi_uidiv
                0x1000344c       0x4c CMakeFiles/ex1_create_task.dir/D_/pico/pico-sdk/src/rp2_common/pico_divider/divider.S.obj
                0x1000344c                __wrap___aeabi_uidiv
                0x1000344c                __wrap___aeabi_uidivmod
                0x1000344c                div_u32u32
                0x1000344c                divmod_u32u32
                0x10003454                divmod_u32u32_unsafe
                0x1000347c                divmod_u32u32_savestate
 .text.__wrap___aeabi_ldiv
                0x10003498      0x434 CMakeFiles/ex1_create_task.dir/D_/pico/pico-sdk/src/rp2_common/pico_divider/divider.S.obj
                0x10003498                div_s64s64
                0x10003498                divmod_s64s64
                0x10003498                __wrap___aeabi_ldivmod
                0x100034d0                divmod_u64u64
                0x100034d0                div_u64u64
                0x100034d0                __wrap___aeabi_uldivmod
                0x100034e0                divmod_u64u64_savestate
                0x10003508                divmod_s64s64_unsafe
                0x10003590                divmod_u64u64_unsafe
 .text.__wrap___aeabi_darithmetic
                0x100038cc       0x80 CMakeFiles/ex1_create_task.dir/D_/pico/pico-sdk/src/rp2_common/pico_double/double_aeabi.S.obj
                0x100038cc                __wrap___aeabi_drsub
                0x100038d2                __wrap___aeabi_dsub
                0x100038e4                __wrap___aeabi_dadd
                0x100038f6                __wrap___aeabi_ddiv
                0x10003932                __wrap___aeabi_dmul
 .text.__wrap___aeabi_cdcmple
                0x1000394c       0x6c CMakeFiles/ex1_create_task.dir/D_/pico/pico-sdk/src/rp2_common/pico_double/double_aeabi.S.obj
                0x1000394c                __wrap___aeabi_cdrcmple
                0x1000395c                __wrap___aeabi_cdcmpeq
                0x1000395c                __wrap___aeabi_cdcmple
 .text.__wrap___aeabi_dcmplt
                0x100039b8        0xc CMakeFiles/ex1_create_task.dir/D_/pico/pico-sdk/src/rp2_common/pico_double/double_aeabi.S.obj
                0x100039b8                __wrap___aeabi_dcmplt
 .text.__wrap___aeabi_dcmple
                0x100039c4       0x10 CMakeFiles/ex1_create_task.dir/D_/pico/pico-sdk/src/rp2_common/pico_double/double_aeabi.S.obj
                0x100039c4                __wrap___aeabi_dcmple
 .text.__wrap___aeabi_dcmpge
                0x100039d4       0x10 CMakeFiles/ex1_create_task.dir/D_/pico/pico-sdk/src/rp2_common/pico_double/double_aeabi.S.obj
                0x100039d4                __wrap___aeabi_dcmpge
 .text.__wrap___aeabi_dcmpgt
                0x100039e4        0xa CMakeFiles/ex1_create_task.dir/D_/pico/pico-sdk/src/rp2_common/pico_double/double_aeabi.S.obj
                0x100039e4                __wrap___aeabi_dcmpgt
 .text.__wrap___aeabi_dcmpun
                0x100039ee       0x1c CMakeFiles/ex1_create_task.dir/D_/pico/pico-sdk/src/rp2_common/pico_double/double_aeabi.S.obj
                0x100039ee                __wrap___aeabi_dcmpun
 *fill*         0x10003a0a        0x2 
 .text.__wrap___aeabi_i2d
                0x10003a0c       0x38 CMakeFiles/ex1_create_task.dir/D_/pico/pico-sdk/src/rp2_common/pico_double/double_aeabi.S.obj
                0x10003a0c                __wrap___aeabi_ui2d
                0x10003a14                __wrap___aeabi_i2d
 .text.__wrap___aeabi_d2iz
                0x10003a44       0x48 CMakeFiles/ex1_create_task.dir/D_/pico/pico-sdk/src/rp2_common/pico_double/double_aeabi.S.obj
                0x10003a44                double2int_z
                0x10003a44                __wrap___aeabi_d2iz
 .text.__wrap___aeabi_d2uiz
                0x10003a8c       0x18 CMakeFiles/ex1_create_task.dir/D_/pico/pico-sdk/src/rp2_common/pico_double/double_aeabi.S.obj
                0x10003a8c                __wrap___aeabi_d2uiz
                0x10003a8c                double2uint
 .text.__aeabi_double_init
                0x10003aa4       0xc8 CMakeFiles/ex1_create_task.dir/D_/pico/pico-sdk/src/rp2_common/pico_double/double_init_rom.c.obj
                0x10003aa4                __aeabi_double_init
 .text.double_table_shim_on_use_helper
                0x10003b6c       0x34 CMakeFiles/ex1_create_task.dir/D_/pico/pico-sdk/src/rp2_common/pico_double/double_v1_rom_shim.S.obj
                0x10003b6c                double_table_shim_on_use_helper
 .text.__wrap___aeabi_dsub
                0x10003ba0       0x10 CMakeFiles/ex1_create_task.dir/D_/pico/pico-sdk/src/rp2_common/pico_double/double_v1_rom_shim.S.obj
                0x10003ba0                drsub_shim
                0x10003ba6                dsub_shim
 .text.dadd_shim
                0x10003bb0      0x15c CMakeFiles/ex1_create_task.dir/D_/pico/pico-sdk/src/rp2_common/pico_double/double_v1_rom_shim.S.obj
                0x10003bb0                dadd_shim
 .text.dmul_shim
                0x10003d0c      0x15c CMakeFiles/ex1_create_task.dir/D_/pico/pico-sdk/src/rp2_common/pico_double/double_v1_rom_shim.S.obj
                0x10003d0c                dmul_shim
 .text.ddiv_shim
                0x10003e68      0x1b0 CMakeFiles/ex1_create_task.dir/D_/pico/pico-sdk/src/rp2_common/pico_double/double_v1_rom_shim.S.obj
                0x10003e68                ddiv_shim
 .text.double2uint_shim
                0x10004018        0xe CMakeFiles/ex1_create_task.dir/D_/pico/pico-sdk/src/rp2_common/pico_double/double_v1_rom_shim.S.obj
                0x10004018                double2uint_shim
                0x1000401a                double2ufix_shim
 *fill*         0x10004026        0x2 
 .text.double2uint64_shim
                0x10004028       0x70 CMakeFiles/ex1_create_task.dir/D_/pico/pico-sdk/src/rp2_common/pico_double/double_v1_rom_shim.S.obj
                0x10004028                double2uint64_shim
                0x1000402a                double2ufix64_shim
                0x1000404a                d2fix_a
 .text.dunpacks
                0x10004098       0x3c CMakeFiles/ex1_create_task.dir/D_/pico/pico-sdk/src/rp2_common/pico_double/double_v1_rom_shim.S.obj
                0x10004098                dunpacks
 .text.__aeabi_lmul
                0x100040d4       0x32 CMakeFiles/ex1_create_task.dir/D_/pico/pico-sdk/src/rp2_common/pico_int64_ops/pico_int64_ops_aeabi.S.obj
                0x100040d4                __wrap___aeabi_lmul
 *fill*         0x10004106        0x2 
 .text.__aeabi_float_init
                0x10004108       0xfc CMakeFiles/ex1_create_task.dir/D_/pico/pico-sdk/src/rp2_common/pico_float/float_init_rom.c.obj
                0x10004108                __aeabi_float_init
 .text.float_table_shim_on_use_helper
                0x10004204       0x34 CMakeFiles/ex1_create_task.dir/D_/pico/pico-sdk/src/rp2_common/pico_float/float_v1_rom_shim.S.obj
                0x10004204                float_table_shim_on_use_helper
 .text          0x10004238       0x10 CMakeFiles/ex1_create_task.dir/D_/pico/pico-sdk/src/rp2_common/pico_mem_ops/mem_ops_aeabi.S.obj
                0x10004238                __aeabi_mem_init
 .text.memset   0x10004248        0xc CMakeFiles/ex1_create_task.dir/D_/pico/pico-sdk/src/rp2_common/pico_mem_ops/mem_ops_aeabi.S.obj
                0x10004248                __wrap_memset
 .text.memcpy   0x10004254        0xc CMakeFiles/ex1_create_task.dir/D_/pico/pico-sdk/src/rp2_common/pico_mem_ops/mem_ops_aeabi.S.obj
                0x10004254                __wrap_memcpy
                0x10004254                __wrap___aeabi_memcpy
 .text.stdio_out_chars_no_crlf
                0x10004260        0xe CMakeFiles/ex1_create_task.dir/D_/pico/pico-sdk/src/rp2_common/pico_stdio/stdio.c.obj
 *fill*         0x1000426e        0x2 
 .text.stdio_out_chars_crlf
                0x10004270       0x80 CMakeFiles/ex1_create_task.dir/D_/pico/pico-sdk/src/rp2_common/pico_stdio/stdio.c.obj
 .text.stdio_stack_buffer_flush
                0x100042f0       0x44 CMakeFiles/ex1_create_task.dir/D_/pico/pico-sdk/src/rp2_common/pico_stdio/stdio.c.obj
 .text.stdio_buffered_printer
                0x10004334       0x20 CMakeFiles/ex1_create_task.dir/D_/pico/pico-sdk/src/rp2_common/pico_stdio/stdio.c.obj
 .text.stdout_serialize_begin
                0x10004354       0x2c CMakeFiles/ex1_create_task.dir/D_/pico/pico-sdk/src/rp2_common/pico_stdio/stdio.c.obj
                0x10004354                stdout_serialize_begin
 .text.stdout_serialize_end
                0x10004380       0x10 CMakeFiles/ex1_create_task.dir/D_/pico/pico-sdk/src/rp2_common/pico_stdio/stdio.c.obj
                0x10004380                stdout_serialize_end
 .text.stdio_put_string
                0x10004390       0x98 CMakeFiles/ex1_create_task.dir/D_/pico/pico-sdk/src/rp2_common/pico_stdio/stdio.c.obj
 .text.stdio_set_driver_enabled
                0x10004428       0x2c CMakeFiles/ex1_create_task.dir/D_/pico/pico-sdk/src/rp2_common/pico_stdio/stdio.c.obj
                0x10004428                stdio_set_driver_enabled
 .text.stdio_flush
                0x10004454       0x20 CMakeFiles/ex1_create_task.dir/D_/pico/pico-sdk/src/rp2_common/pico_stdio/stdio.c.obj
                0x10004454                stdio_flush
 .text.__wrap_puts
                0x10004474       0x1e CMakeFiles/ex1_create_task.dir/D_/pico/pico-sdk/src/rp2_common/pico_stdio/stdio.c.obj
                0x10004474                __wrap_puts
 *fill*         0x10004492        0x2 
 .text.__wrap_vprintf
                0x10004494       0x44 CMakeFiles/ex1_create_task.dir/D_/pico/pico-sdk/src/rp2_common/pico_stdio/stdio.c.obj
                0x10004494                __wrap_vprintf
 .text.__wrap_printf
                0x100044d8       0x18 CMakeFiles/ex1_create_task.dir/D_/pico/pico-sdk/src/rp2_common/pico_stdio/stdio.c.obj
                0x100044d8                __wrap_printf
 .text.stdio_init_all
                0x100044f0        0x8 CMakeFiles/ex1_create_task.dir/D_/pico/pico-sdk/src/rp2_common/pico_stdio/stdio.c.obj
                0x100044f0                stdio_init_all
 .text.resetd_init
                0x100044f8        0x2 CMakeFiles/ex1_create_task.dir/D_/pico/pico-sdk/src/rp2_common/pico_stdio_usb/reset_interface.c.obj
 *fill*         0x100044fa        0x2 
 .text.resetd_reset
                0x100044fc        0xc CMakeFiles/ex1_create_task.dir/D_/pico/pico-sdk/src/rp2_common/pico_stdio_usb/reset_interface.c.obj
 .text.resetd_open
                0x10004508       0x34 CMakeFiles/ex1_create_task.dir/D_/pico/pico-sdk/src/rp2_common/pico_stdio_usb/reset_interface.c.obj
 .text.resetd_xfer_cb
                0x1000453c        0x4 CMakeFiles/ex1_create_task.dir/D_/pico/pico-sdk/src/rp2_common/pico_stdio_usb/reset_interface.c.obj
 .text.reset_usb_boot
                0x10004540       0x18 CMakeFiles/ex1_create_task.dir/D_/pico/pico-sdk/src/rp2_common/pico_stdio_usb/reset_interface.c.obj
 .text.resetd_control_xfer_cb
                0x10004558       0x5c CMakeFiles/ex1_create_task.dir/D_/pico/pico-sdk/src/rp2_common/pico_stdio_usb/reset_interface.c.obj
 .text.usbd_app_driver_get_cb
                0x100045b4        0xc CMakeFiles/ex1_create_task.dir/D_/pico/pico-sdk/src/rp2_common/pico_stdio_usb/reset_interface.c.obj
                0x100045b4                usbd_app_driver_get_cb
 .text.tud_cdc_line_coding_cb
                0x100045c0       0x28 CMakeFiles/ex1_create_task.dir/D_/pico/pico-sdk/src/rp2_common/pico_stdio_usb/reset_interface.c.obj
                0x100045c0                tud_cdc_line_coding_cb
 .text.stdio_usb_in_chars
                0x100045e8       0x70 CMakeFiles/ex1_create_task.dir/D_/pico/pico-sdk/src/rp2_common/pico_stdio_usb/stdio_usb.c.obj
                0x100045e8                stdio_usb_in_chars
 .text.low_priority_worker_irq
                0x10004658       0x20 CMakeFiles/ex1_create_task.dir/D_/pico/pico-sdk/src/rp2_common/pico_stdio_usb/stdio_usb.c.obj
 .text.stdio_usb_out_chars
                0x10004678       0xd4 CMakeFiles/ex1_create_task.dir/D_/pico/pico-sdk/src/rp2_common/pico_stdio_usb/stdio_usb.c.obj
 .text.timer_task
                0x1000474c       0x40 CMakeFiles/ex1_create_task.dir/D_/pico/pico-sdk/src/rp2_common/pico_stdio_usb/stdio_usb.c.obj
 .text.usb_irq  0x1000478c       0x10 CMakeFiles/ex1_create_task.dir/D_/pico/pico-sdk/src/rp2_common/pico_stdio_usb/stdio_usb.c.obj
 .text.stdio_usb_init
                0x1000479c       0xec CMakeFiles/ex1_create_task.dir/D_/pico/pico-sdk/src/rp2_common/pico_stdio_usb/stdio_usb.c.obj
                0x1000479c                stdio_usb_init
 .text.tud_descriptor_device_cb
                0x10004888        0x8 CMakeFiles/ex1_create_task.dir/D_/pico/pico-sdk/src/rp2_common/pico_stdio_usb/stdio_usb_descriptors.c.obj
                0x10004888                tud_descriptor_device_cb
 .text.tud_descriptor_configuration_cb
                0x10004890        0x8 CMakeFiles/ex1_create_task.dir/D_/pico/pico-sdk/src/rp2_common/pico_stdio_usb/stdio_usb_descriptors.c.obj
                0x10004890                tud_descriptor_configuration_cb
 .text.tud_descriptor_string_cb
                0x10004898       0x6c CMakeFiles/ex1_create_task.dir/D_/pico/pico-sdk/src/rp2_common/pico_stdio_usb/stdio_usb_descriptors.c.obj
                0x10004898                tud_descriptor_string_cb
 .text.hw_endpoint_get_by_addr
                0x10004904       0x18 CMakeFiles/ex1_create_task.dir/D_/pico/pico-sdk/lib/tinyusb/src/portable/raspberrypi/rp2040/dcd_rp2040.c.obj
 .text.reset_ep0_pid
                0x1000491c       0x28 CMakeFiles/ex1_create_task.dir/D_/pico/pico-sdk/lib/tinyusb/src/portable/raspberrypi/rp2040/dcd_rp2040.c.obj
 .text._hw_endpoint_alloc
                0x10004944       0x70 CMakeFiles/ex1_create_task.dir/D_/pico/pico-sdk/lib/tinyusb/src/portable/raspberrypi/rp2040/dcd_rp2040.c.obj
 .text.hw_endpoint_init
                0x100049b4       0x88 CMakeFiles/ex1_create_task.dir/D_/pico/pico-sdk/lib/tinyusb/src/portable/raspberrypi/rp2040/dcd_rp2040.c.obj
 .text.reset_non_control_endpoints
                0x10004a3c       0x40 CMakeFiles/ex1_create_task.dir/D_/pico/pico-sdk/lib/tinyusb/src/portable/raspberrypi/rp2040/dcd_rp2040.c.obj
 .text.hw_handle_buff_status
                0x10004a7c       0x8c CMakeFiles/ex1_create_task.dir/D_/pico/pico-sdk/lib/tinyusb/src/portable/raspberrypi/rp2040/dcd_rp2040.c.obj
 .text.dcd_rp2040_irq
                0x10004b08       0xc0 CMakeFiles/ex1_create_task.dir/D_/pico/pico-sdk/lib/tinyusb/src/portable/raspberrypi/rp2040/dcd_rp2040.c.obj
 .text.hw_endpoint_xfer
                0x10004bc8       0x14 CMakeFiles/ex1_create_task.dir/D_/pico/pico-sdk/lib/tinyusb/src/portable/raspberrypi/rp2040/dcd_rp2040.c.obj
 .text.dcd_int_enable
                0x10004bdc       0x2c CMakeFiles/ex1_create_task.dir/D_/pico/pico-sdk/lib/tinyusb/src/portable/raspberrypi/rp2040/dcd_rp2040.c.obj
                0x10004bdc                dcd_int_enable
 .text.dcd_set_address
                0x10004c08       0x2c CMakeFiles/ex1_create_task.dir/D_/pico/pico-sdk/lib/tinyusb/src/portable/raspberrypi/rp2040/dcd_rp2040.c.obj
                0x10004c08                dcd_set_address
 .text.dcd_connect
                0x10004c34       0x10 CMakeFiles/ex1_create_task.dir/D_/pico/pico-sdk/lib/tinyusb/src/portable/raspberrypi/rp2040/dcd_rp2040.c.obj
                0x10004c34                dcd_connect
 .text.dcd_init
                0x10004c44       0x7c CMakeFiles/ex1_create_task.dir/D_/pico/pico-sdk/lib/tinyusb/src/portable/raspberrypi/rp2040/dcd_rp2040.c.obj
                0x10004c44                dcd_init
 .text.dcd_edpt0_status_complete
                0x10004cc0       0x1c CMakeFiles/ex1_create_task.dir/D_/pico/pico-sdk/lib/tinyusb/src/portable/raspberrypi/rp2040/dcd_rp2040.c.obj
                0x10004cc0                dcd_edpt0_status_complete
 .text.dcd_edpt_open
                0x10004cdc       0x40 CMakeFiles/ex1_create_task.dir/D_/pico/pico-sdk/lib/tinyusb/src/portable/raspberrypi/rp2040/dcd_rp2040.c.obj
                0x10004cdc                dcd_edpt_open
 .text.dcd_edpt_close_all
                0x10004d1c        0x8 CMakeFiles/ex1_create_task.dir/D_/pico/pico-sdk/lib/tinyusb/src/portable/raspberrypi/rp2040/dcd_rp2040.c.obj
                0x10004d1c                dcd_edpt_close_all
 .text.dcd_edpt_xfer
                0x10004d24       0x30 CMakeFiles/ex1_create_task.dir/D_/pico/pico-sdk/lib/tinyusb/src/portable/raspberrypi/rp2040/dcd_rp2040.c.obj
                0x10004d24                dcd_edpt_xfer
 .text.dcd_edpt_stall
                0x10004d54       0x2c CMakeFiles/ex1_create_task.dir/D_/pico/pico-sdk/lib/tinyusb/src/portable/raspberrypi/rp2040/dcd_rp2040.c.obj
                0x10004d54                dcd_edpt_stall
 .text.dcd_edpt_clear_stall
                0x10004d80       0x20 CMakeFiles/ex1_create_task.dir/D_/pico/pico-sdk/lib/tinyusb/src/portable/raspberrypi/rp2040/dcd_rp2040.c.obj
                0x10004d80                dcd_edpt_clear_stall
 .text.prepare_ep_buffer
                0x10004da0       0x70 CMakeFiles/ex1_create_task.dir/D_/pico/pico-sdk/lib/tinyusb/src/portable/raspberrypi/rp2040/rp2040_usb.c.obj
 .text.sync_ep_buffer
                0x10004e10       0x7c CMakeFiles/ex1_create_task.dir/D_/pico/pico-sdk/lib/tinyusb/src/portable/raspberrypi/rp2040/rp2040_usb.c.obj
 .text._hw_endpoint_xfer_sync
                0x10004e8c       0x28 CMakeFiles/ex1_create_task.dir/D_/pico/pico-sdk/lib/tinyusb/src/portable/raspberrypi/rp2040/rp2040_usb.c.obj
 .text.rp2040_usb_init
                0x10004eb4       0x4c CMakeFiles/ex1_create_task.dir/D_/pico/pico-sdk/lib/tinyusb/src/portable/raspberrypi/rp2040/rp2040_usb.c.obj
                0x10004eb4                rp2040_usb_init
 .text.hw_endpoint_reset_transfer
                0x10004f00        0xc CMakeFiles/ex1_create_task.dir/D_/pico/pico-sdk/lib/tinyusb/src/portable/raspberrypi/rp2040/rp2040_usb.c.obj
                0x10004f00                hw_endpoint_reset_transfer
 .text._hw_endpoint_buffer_control_update32
                0x10004f0c       0x58 CMakeFiles/ex1_create_task.dir/D_/pico/pico-sdk/lib/tinyusb/src/portable/raspberrypi/rp2040/rp2040_usb.c.obj
                0x10004f0c                _hw_endpoint_buffer_control_update32
 .text._hw_endpoint_start_next_buffer
                0x10004f64       0x74 CMakeFiles/ex1_create_task.dir/D_/pico/pico-sdk/lib/tinyusb/src/portable/raspberrypi/rp2040/rp2040_usb.c.obj
 .text.hw_endpoint_xfer_start
                0x10004fd8       0x48 CMakeFiles/ex1_create_task.dir/D_/pico/pico-sdk/lib/tinyusb/src/portable/raspberrypi/rp2040/rp2040_usb.c.obj
                0x10004fd8                hw_endpoint_xfer_start
 .text.hw_endpoint_xfer_continue
                0x10005020       0x38 CMakeFiles/ex1_create_task.dir/D_/pico/pico-sdk/lib/tinyusb/src/portable/raspberrypi/rp2040/rp2040_usb.c.obj
                0x10005020                hw_endpoint_xfer_continue
 .text.configuration_reset
                0x10005058       0x84 CMakeFiles/ex1_create_task.dir/D_/pico/pico-sdk/lib/tinyusb/src/device/usbd.c.obj
 .text.usbd_reset
                0x100050dc        0xc CMakeFiles/ex1_create_task.dir/D_/pico/pico-sdk/lib/tinyusb/src/device/usbd.c.obj
 .text.invoke_class_control
                0x100050e8       0x1a CMakeFiles/ex1_create_task.dir/D_/pico/pico-sdk/lib/tinyusb/src/device/usbd.c.obj
 *fill*         0x10005102        0x2 
 .text.process_set_config
                0x10005104      0x1b0 CMakeFiles/ex1_create_task.dir/D_/pico/pico-sdk/lib/tinyusb/src/device/usbd.c.obj
 .text.process_get_descriptor
                0x100052b4       0xec CMakeFiles/ex1_create_task.dir/D_/pico/pico-sdk/lib/tinyusb/src/device/usbd.c.obj
 .text.tud_mounted
                0x100053a0       0x10 CMakeFiles/ex1_create_task.dir/D_/pico/pico-sdk/lib/tinyusb/src/device/usbd.c.obj
                0x100053a0                tud_mounted
 .text.tud_suspended
                0x100053b0       0x10 CMakeFiles/ex1_create_task.dir/D_/pico/pico-sdk/lib/tinyusb/src/device/usbd.c.obj
                0x100053b0                tud_suspended
 .text.tud_inited
                0x100053c0        0xc CMakeFiles/ex1_create_task.dir/D_/pico/pico-sdk/lib/tinyusb/src/device/usbd.c.obj
                0x100053c0                tud_inited
 .text.tud_init
                0x100053cc       0xcc CMakeFiles/ex1_create_task.dir/D_/pico/pico-sdk/lib/tinyusb/src/device/usbd.c.obj
                0x100053cc                tud_init
 .text.dcd_event_handler
                0x10005498      0x1e0 CMakeFiles/ex1_create_task.dir/D_/pico/pico-sdk/lib/tinyusb/src/device/usbd.c.obj
                0x10005498                dcd_event_handler
 .text.dcd_event_bus_signal
                0x10005678       0x26 CMakeFiles/ex1_create_task.dir/D_/pico/pico-sdk/lib/tinyusb/src/device/usbd.c.obj
                0x10005678                dcd_event_bus_signal
 .text.dcd_event_bus_reset
                0x1000569e       0x2a CMakeFiles/ex1_create_task.dir/D_/pico/pico-sdk/lib/tinyusb/src/device/usbd.c.obj
                0x1000569e                dcd_event_bus_reset
 .text.dcd_event_setup_received
                0x100056c8       0x34 CMakeFiles/ex1_create_task.dir/D_/pico/pico-sdk/lib/tinyusb/src/device/usbd.c.obj
                0x100056c8                dcd_event_setup_received
 .text.dcd_event_xfer_complete
                0x100056fc       0x44 CMakeFiles/ex1_create_task.dir/D_/pico/pico-sdk/lib/tinyusb/src/device/usbd.c.obj
                0x100056fc                dcd_event_xfer_complete
 .text.usbd_edpt_open
                0x10005740       0x58 CMakeFiles/ex1_create_task.dir/D_/pico/pico-sdk/lib/tinyusb/src/device/usbd.c.obj
                0x10005740                usbd_edpt_open
 .text.usbd_open_edpt_pair
                0x10005798       0x8c CMakeFiles/ex1_create_task.dir/D_/pico/pico-sdk/lib/tinyusb/src/device/usbd.c.obj
                0x10005798                usbd_open_edpt_pair
 .text.usbd_edpt_claim
                0x10005824       0x8c CMakeFiles/ex1_create_task.dir/D_/pico/pico-sdk/lib/tinyusb/src/device/usbd.c.obj
                0x10005824                usbd_edpt_claim
 .text.usbd_edpt_release
                0x100058b0       0x68 CMakeFiles/ex1_create_task.dir/D_/pico/pico-sdk/lib/tinyusb/src/device/usbd.c.obj
                0x100058b0                usbd_edpt_release
 .text.usbd_edpt_xfer
                0x10005918       0x80 CMakeFiles/ex1_create_task.dir/D_/pico/pico-sdk/lib/tinyusb/src/device/usbd.c.obj
                0x10005918                usbd_edpt_xfer
 .text.usbd_edpt_stall
                0x10005998       0x40 CMakeFiles/ex1_create_task.dir/D_/pico/pico-sdk/lib/tinyusb/src/device/usbd.c.obj
                0x10005998                usbd_edpt_stall
 .text.usbd_edpt_clear_stall
                0x100059d8       0x40 CMakeFiles/ex1_create_task.dir/D_/pico/pico-sdk/lib/tinyusb/src/device/usbd.c.obj
                0x100059d8                usbd_edpt_clear_stall
 .text.usbd_edpt_stalled
                0x10005a18       0x1c CMakeFiles/ex1_create_task.dir/D_/pico/pico-sdk/lib/tinyusb/src/device/usbd.c.obj
                0x10005a18                usbd_edpt_stalled
 .text.process_control_request
                0x10005a34      0x3b8 CMakeFiles/ex1_create_task.dir/D_/pico/pico-sdk/lib/tinyusb/src/device/usbd.c.obj
 .text.tud_task
                0x10005dec      0x218 CMakeFiles/ex1_create_task.dir/D_/pico/pico-sdk/lib/tinyusb/src/device/usbd.c.obj
                0x10005dec                tud_task
 .text._data_stage_xact
                0x10006004       0x58 CMakeFiles/ex1_create_task.dir/D_/pico/pico-sdk/lib/tinyusb/src/device/usbd_control.c.obj
 .text.tud_control_status
                0x1000605c       0x38 CMakeFiles/ex1_create_task.dir/D_/pico/pico-sdk/lib/tinyusb/src/device/usbd_control.c.obj
                0x1000605c                tud_control_status
 .text.tud_control_xfer
                0x10006094       0xa8 CMakeFiles/ex1_create_task.dir/D_/pico/pico-sdk/lib/tinyusb/src/device/usbd_control.c.obj
                0x10006094                tud_control_xfer
 .text.usbd_control_reset
                0x1000613c       0x14 CMakeFiles/ex1_create_task.dir/D_/pico/pico-sdk/lib/tinyusb/src/device/usbd_control.c.obj
                0x1000613c                usbd_control_reset
 .text.usbd_control_set_complete_callback
                0x10006150        0xc CMakeFiles/ex1_create_task.dir/D_/pico/pico-sdk/lib/tinyusb/src/device/usbd_control.c.obj
                0x10006150                usbd_control_set_complete_callback
 .text.usbd_control_set_request
                0x1000615c       0x1c CMakeFiles/ex1_create_task.dir/D_/pico/pico-sdk/lib/tinyusb/src/device/usbd_control.c.obj
                0x1000615c                usbd_control_set_request
 .text.usbd_control_xfer_cb
                0x10006178       0xfc CMakeFiles/ex1_create_task.dir/D_/pico/pico-sdk/lib/tinyusb/src/device/usbd_control.c.obj
                0x10006178                usbd_control_xfer_cb
 .text._prep_out_transaction
                0x10006274       0x46 CMakeFiles/ex1_create_task.dir/D_/pico/pico-sdk/lib/tinyusb/src/class/cdc/cdc_device.c.obj
 *fill*         0x100062ba        0x2 
 .text.tud_cdc_n_connected
                0x100062bc       0x44 CMakeFiles/ex1_create_task.dir/D_/pico/pico-sdk/lib/tinyusb/src/class/cdc/cdc_device.c.obj
                0x100062bc                tud_cdc_n_connected
 .text.tud_cdc_n_available
                0x10006300       0x18 CMakeFiles/ex1_create_task.dir/D_/pico/pico-sdk/lib/tinyusb/src/class/cdc/cdc_device.c.obj
                0x10006300                tud_cdc_n_available
 .text.tud_cdc_n_read
                0x10006318       0x28 CMakeFiles/ex1_create_task.dir/D_/pico/pico-sdk/lib/tinyusb/src/class/cdc/cdc_device.c.obj
                0x10006318                tud_cdc_n_read
 .text.tud_cdc_n_write_flush
                0x10006340       0xcc CMakeFiles/ex1_create_task.dir/D_/pico/pico-sdk/lib/tinyusb/src/class/cdc/cdc_device.c.obj
                0x10006340                tud_cdc_n_write_flush
 .text.tud_cdc_n_write
                0x1000640c       0x38 CMakeFiles/ex1_create_task.dir/D_/pico/pico-sdk/lib/tinyusb/src/class/cdc/cdc_device.c.obj
                0x1000640c                tud_cdc_n_write
 .text.tud_cdc_n_write_available
                0x10006444       0x1c CMakeFiles/ex1_create_task.dir/D_/pico/pico-sdk/lib/tinyusb/src/class/cdc/cdc_device.c.obj
                0x10006444                tud_cdc_n_write_available
 .text.cdcd_init
                0x10006460       0xbc CMakeFiles/ex1_create_task.dir/D_/pico/pico-sdk/lib/tinyusb/src/class/cdc/cdc_device.c.obj
                0x10006460                cdcd_init
 .text.cdcd_reset
                0x1000651c       0x44 CMakeFiles/ex1_create_task.dir/D_/pico/pico-sdk/lib/tinyusb/src/class/cdc/cdc_device.c.obj
                0x1000651c                cdcd_reset
 .text.cdcd_open
                0x10006560       0xf8 CMakeFiles/ex1_create_task.dir/D_/pico/pico-sdk/lib/tinyusb/src/class/cdc/cdc_device.c.obj
                0x10006560                cdcd_open
 .text.cdcd_control_xfer_cb
                0x10006658      0x134 CMakeFiles/ex1_create_task.dir/D_/pico/pico-sdk/lib/tinyusb/src/class/cdc/cdc_device.c.obj
                0x10006658                cdcd_control_xfer_cb
 .text.cdcd_xfer_cb
                0x1000678c      0x144 CMakeFiles/ex1_create_task.dir/D_/pico/pico-sdk/lib/tinyusb/src/class/cdc/cdc_device.c.obj
                0x1000678c                cdcd_xfer_cb
 .text.tusb_init
                0x100068d0       0x24 CMakeFiles/ex1_create_task.dir/D_/pico/pico-sdk/lib/tinyusb/src/tusb.c.obj
                0x100068d0                tusb_init
 .text.tusb_inited
                0x100068f4        0xe CMakeFiles/ex1_create_task.dir/D_/pico/pico-sdk/lib/tinyusb/src/tusb.c.obj
                0x100068f4                tusb_inited
 *fill*         0x10006902        0x2 
 .text.tu_edpt_validate
                0x10006904       0xa8 CMakeFiles/ex1_create_task.dir/D_/pico/pico-sdk/lib/tinyusb/src/tusb.c.obj
                0x10006904                tu_edpt_validate
 .text.tu_edpt_bind_driver
                0x100069ac       0x2a CMakeFiles/ex1_create_task.dir/D_/pico/pico-sdk/lib/tinyusb/src/tusb.c.obj
                0x100069ac                tu_edpt_bind_driver
 .text.advance_pointer
                0x100069d6       0x18 CMakeFiles/ex1_create_task.dir/D_/pico/pico-sdk/lib/tinyusb/src/common/tusb_fifo.c.obj
 .text.backward_pointer
                0x100069ee       0x1e CMakeFiles/ex1_create_task.dir/D_/pico/pico-sdk/lib/tinyusb/src/common/tusb_fifo.c.obj
 .text.get_relative_pointer
                0x10006a0c       0x10 CMakeFiles/ex1_create_task.dir/D_/pico/pico-sdk/lib/tinyusb/src/common/tusb_fifo.c.obj
 .text._tu_fifo_peek
                0x10006a1c       0x50 CMakeFiles/ex1_create_task.dir/D_/pico/pico-sdk/lib/tinyusb/src/common/tusb_fifo.c.obj
 .text._ff_pull_const_addr
                0x10006a6c       0x4c CMakeFiles/ex1_create_task.dir/D_/pico/pico-sdk/lib/tinyusb/src/common/tusb_fifo.c.obj
 .text._ff_pull_n
                0x10006ab8      0x10c CMakeFiles/ex1_create_task.dir/D_/pico/pico-sdk/lib/tinyusb/src/common/tusb_fifo.c.obj
 .text._tu_fifo_peek_n
                0x10006bc4       0x5e CMakeFiles/ex1_create_task.dir/D_/pico/pico-sdk/lib/tinyusb/src/common/tusb_fifo.c.obj
 .text._tu_fifo_read_n
                0x10006c22       0x4e CMakeFiles/ex1_create_task.dir/D_/pico/pico-sdk/lib/tinyusb/src/common/tusb_fifo.c.obj
 .text._ff_push_const_addr
                0x10006c70       0x40 CMakeFiles/ex1_create_task.dir/D_/pico/pico-sdk/lib/tinyusb/src/common/tusb_fifo.c.obj
 .text._ff_push_n
                0x10006cb0      0x108 CMakeFiles/ex1_create_task.dir/D_/pico/pico-sdk/lib/tinyusb/src/common/tusb_fifo.c.obj
 .text._tu_fifo_write_n
                0x10006db8       0x9e CMakeFiles/ex1_create_task.dir/D_/pico/pico-sdk/lib/tinyusb/src/common/tusb_fifo.c.obj
 .text.tu_fifo_config
                0x10006e56       0x72 CMakeFiles/ex1_create_task.dir/D_/pico/pico-sdk/lib/tinyusb/src/common/tusb_fifo.c.obj
                0x10006e56                tu_fifo_config
 .text.tu_fifo_count
                0x10006ec8       0x26 CMakeFiles/ex1_create_task.dir/D_/pico/pico-sdk/lib/tinyusb/src/common/tusb_fifo.c.obj
                0x10006ec8                tu_fifo_count
 .text.tu_fifo_empty
                0x10006eee       0x10 CMakeFiles/ex1_create_task.dir/D_/pico/pico-sdk/lib/tinyusb/src/common/tusb_fifo.c.obj
                0x10006eee                tu_fifo_empty
 .text.tu_fifo_remaining
                0x10006efe       0x20 CMakeFiles/ex1_create_task.dir/D_/pico/pico-sdk/lib/tinyusb/src/common/tusb_fifo.c.obj
                0x10006efe                tu_fifo_remaining
 .text.tu_fifo_read
                0x10006f1e       0x42 CMakeFiles/ex1_create_task.dir/D_/pico/pico-sdk/lib/tinyusb/src/common/tusb_fifo.c.obj
                0x10006f1e                tu_fifo_read
 .text.tu_fifo_read_n
                0x10006f60        0xa CMakeFiles/ex1_create_task.dir/D_/pico/pico-sdk/lib/tinyusb/src/common/tusb_fifo.c.obj
                0x10006f60                tu_fifo_read_n
 .text.tu_fifo_write
                0x10006f6a       0x6c CMakeFiles/ex1_create_task.dir/D_/pico/pico-sdk/lib/tinyusb/src/common/tusb_fifo.c.obj
                0x10006f6a                tu_fifo_write
 .text.tu_fifo_write_n
                0x10006fd6        0xa CMakeFiles/ex1_create_task.dir/D_/pico/pico-sdk/lib/tinyusb/src/common/tusb_fifo.c.obj
                0x10006fd6                tu_fifo_write_n
 .text.tu_fifo_clear
                0x10006fe0       0x4c CMakeFiles/ex1_create_task.dir/D_/pico/pico-sdk/lib/tinyusb/src/common/tusb_fifo.c.obj
                0x10006fe0                tu_fifo_clear
 .text.tu_fifo_set_overwritable
                0x1000702c       0x3c CMakeFiles/ex1_create_task.dir/D_/pico/pico-sdk/lib/tinyusb/src/common/tusb_fifo.c.obj
                0x1000702c                tu_fifo_set_overwritable
 .text._retrieve_unique_id_on_boot
                0x10007068       0x10 CMakeFiles/ex1_create_task.dir/D_/pico/pico-sdk/src/rp2_common/pico_unique_id/unique_id.c.obj
 .text.pico_get_unique_board_id_string
                0x10007078       0x60 CMakeFiles/ex1_create_task.dir/D_/pico/pico-sdk/src/rp2_common/pico_unique_id/unique_id.c.obj
                0x10007078                pico_get_unique_board_id_string
 .text.flash_get_unique_id
                0x100070d8       0x46 CMakeFiles/ex1_create_task.dir/D_/pico/pico-sdk/src/rp2_common/hardware_flash/flash.c.obj
                0x100070d8                flash_get_unique_id
 .text.vPortSVCHandler
                0x1000711e        0x2 CMakeFiles/ex1_create_task.dir/D_/pico/pico-FreeRTOS/Source/portable/ThirdParty/GCC/RP2040/port.c.obj
                0x1000711e                vPortSVCHandler
 .text.vPortStartFirstTask
                0x10007120       0x38 CMakeFiles/ex1_create_task.dir/D_/pico/pico-FreeRTOS/Source/portable/ThirdParty/GCC/RP2040/port.c.obj
 .text.prvFIFOInterruptHandler
                0x10007158       0x28 CMakeFiles/ex1_create_task.dir/D_/pico/pico-FreeRTOS/Source/portable/ThirdParty/GCC/RP2040/port.c.obj
 .text.xPortPendSVHandler
                0x10007180       0x78 CMakeFiles/ex1_create_task.dir/D_/pico/pico-FreeRTOS/Source/portable/ThirdParty/GCC/RP2040/port.c.obj
                0x10007180                xPortPendSVHandler
 .text.prvTaskExitError
                0x100071f8        0x6 CMakeFiles/ex1_create_task.dir/D_/pico/pico-FreeRTOS/Source/portable/ThirdParty/GCC/RP2040/port.c.obj
 *fill*         0x100071fe        0x2 
 .text.xPortSysTickHandler
                0x10007200       0x2c CMakeFiles/ex1_create_task.dir/D_/pico/pico-FreeRTOS/Source/portable/ThirdParty/GCC/RP2040/port.c.obj
                0x10007200                xPortSysTickHandler
 .text.prvGetTicksToWaitBefore
                0x1000722c       0x58 CMakeFiles/ex1_create_task.dir/D_/pico/pico-FreeRTOS/Source/portable/ThirdParty/GCC/RP2040/port.c.obj
 .text.pxPortInitialiseStack
                0x10007284       0x20 CMakeFiles/ex1_create_task.dir/D_/pico/pico-FreeRTOS/Source/portable/ThirdParty/GCC/RP2040/port.c.obj
                0x10007284                pxPortInitialiseStack
 .text.vPortYield
                0x100072a4       0x40 CMakeFiles/ex1_create_task.dir/D_/pico/pico-FreeRTOS/Source/portable/ThirdParty/GCC/RP2040/port.c.obj
                0x100072a4                vPortYield
 .text.vPortEnableInterrupts
                0x100072e4       0x28 CMakeFiles/ex1_create_task.dir/D_/pico/pico-FreeRTOS/Source/portable/ThirdParty/GCC/RP2040/port.c.obj
                0x100072e4                vPortEnableInterrupts
 .text.vYieldCore
                0x1000730c       0x30 CMakeFiles/ex1_create_task.dir/D_/pico/pico-FreeRTOS/Source/portable/ThirdParty/GCC/RP2040/port.c.obj
                0x1000730c                vYieldCore
 .text.vPortSetupTimerInterrupt
                0x1000733c       0x34 CMakeFiles/ex1_create_task.dir/D_/pico/pico-FreeRTOS/Source/portable/ThirdParty/GCC/RP2040/port.c.obj
                0x1000733c                vPortSetupTimerInterrupt
 .text.xPortStartSchedulerOnCore
                0x10007370       0xac CMakeFiles/ex1_create_task.dir/D_/pico/pico-FreeRTOS/Source/portable/ThirdParty/GCC/RP2040/port.c.obj
 .text.xPortStartScheduler
                0x1000741c       0x64 CMakeFiles/ex1_create_task.dir/D_/pico/pico-FreeRTOS/Source/portable/ThirdParty/GCC/RP2040/port.c.obj
                0x1000741c                xPortStartScheduler
 .text.prvDisableInterruptsAndPortStartSchedulerOnCore
                0x10007480        0xc CMakeFiles/ex1_create_task.dir/D_/pico/pico-FreeRTOS/Source/portable/ThirdParty/GCC/RP2040/port.c.obj
 .text.ulPortLockGetCurrentOwnerId
                0x1000748c       0x30 CMakeFiles/ex1_create_task.dir/D_/pico/pico-FreeRTOS/Source/portable/ThirdParty/GCC/RP2040/port.c.obj
                0x1000748c                ulPortLockGetCurrentOwnerId
 .text.vPortLockInternalSpinUnlockWithWait
                0x100074bc       0xd4 CMakeFiles/ex1_create_task.dir/D_/pico/pico-FreeRTOS/Source/portable/ThirdParty/GCC/RP2040/port.c.obj
                0x100074bc                vPortLockInternalSpinUnlockWithWait
 .text.vPortLockInternalSpinUnlockWithNotify
                0x10007590       0x88 CMakeFiles/ex1_create_task.dir/D_/pico/pico-FreeRTOS/Source/portable/ThirdParty/GCC/RP2040/port.c.obj
                0x10007590                vPortLockInternalSpinUnlockWithNotify
 .text.xPortLockInternalSpinUnlockWithBestEffortWaitOrTimeout
                0x10007618      0x12c CMakeFiles/ex1_create_task.dir/D_/pico/pico-FreeRTOS/Source/portable/ThirdParty/GCC/RP2040/port.c.obj
                0x10007618                xPortLockInternalSpinUnlockWithBestEffortWaitOrTimeout
 .text.prvRuntimeInitializer
                0x10007744       0x10 CMakeFiles/ex1_create_task.dir/D_/pico/pico-FreeRTOS/Source/portable/ThirdParty/GCC/RP2040/port.c.obj
 .text.prvTestWaitCondition
                0x10007754       0x1e CMakeFiles/ex1_create_task.dir/D_/pico/pico-FreeRTOS/Source/event_groups.c.obj
 .text.xEventGroupCreate
                0x10007772       0x18 CMakeFiles/ex1_create_task.dir/D_/pico/pico-FreeRTOS/Source/event_groups.c.obj
                0x10007772                xEventGroupCreate
 *fill*         0x1000778a        0x2 
 .text.xEventGroupWaitBits
                0x1000778c      0x124 CMakeFiles/ex1_create_task.dir/D_/pico/pico-FreeRTOS/Source/event_groups.c.obj
                0x1000778c                xEventGroupWaitBits
 .text.xEventGroupSetBits
                0x100078b0       0x98 CMakeFiles/ex1_create_task.dir/D_/pico/pico-FreeRTOS/Source/event_groups.c.obj
                0x100078b0                xEventGroupSetBits
 .text.vEventGroupSetBitsCallback
                0x10007948        0x8 CMakeFiles/ex1_create_task.dir/D_/pico/pico-FreeRTOS/Source/event_groups.c.obj
                0x10007948                vEventGroupSetBitsCallback
 .text.xEventGroupSetBitsFromISR
                0x10007950       0x14 CMakeFiles/ex1_create_task.dir/D_/pico/pico-FreeRTOS/Source/event_groups.c.obj
                0x10007950                xEventGroupSetBitsFromISR
 .text.vListInitialise
                0x10007964       0x16 CMakeFiles/ex1_create_task.dir/D_/pico/pico-FreeRTOS/Source/list.c.obj
                0x10007964                vListInitialise
 .text.vListInitialiseItem
                0x1000797a        0x6 CMakeFiles/ex1_create_task.dir/D_/pico/pico-FreeRTOS/Source/list.c.obj
                0x1000797a                vListInitialiseItem
 .text.vListInsertEnd
                0x10007980       0x16 CMakeFiles/ex1_create_task.dir/D_/pico/pico-FreeRTOS/Source/list.c.obj
                0x10007980                vListInsertEnd
 .text.vListInsert
                0x10007996       0x2e CMakeFiles/ex1_create_task.dir/D_/pico/pico-FreeRTOS/Source/list.c.obj
                0x10007996                vListInsert
 .text.uxListRemove
                0x100079c4       0x26 CMakeFiles/ex1_create_task.dir/D_/pico/pico-FreeRTOS/Source/list.c.obj
                0x100079c4                uxListRemove
 .text.prvIsQueueFull
                0x100079ea       0x1e CMakeFiles/ex1_create_task.dir/D_/pico/pico-FreeRTOS/Source/queue.c.obj
 .text.prvIsQueueEmpty
                0x10007a08       0x1c CMakeFiles/ex1_create_task.dir/D_/pico/pico-FreeRTOS/Source/queue.c.obj
 .text.prvCopyDataToQueue
                0x10007a24       0x82 CMakeFiles/ex1_create_task.dir/D_/pico/pico-FreeRTOS/Source/queue.c.obj
 *fill*         0x10007aa6        0x2 
 .text.prvNotifyQueueSetContainer
                0x10007aa8       0xa0 CMakeFiles/ex1_create_task.dir/D_/pico/pico-FreeRTOS/Source/queue.c.obj
 .text.prvCopyDataFromQueue
                0x10007b48       0x24 CMakeFiles/ex1_create_task.dir/D_/pico/pico-FreeRTOS/Source/queue.c.obj
 .text.prvUnlockQueue
                0x10007b6c       0x88 CMakeFiles/ex1_create_task.dir/D_/pico/pico-FreeRTOS/Source/queue.c.obj
 .text.xQueueGenericReset
                0x10007bf4       0x84 CMakeFiles/ex1_create_task.dir/D_/pico/pico-FreeRTOS/Source/queue.c.obj
                0x10007bf4                xQueueGenericReset
 .text.prvInitialiseNewQueue
                0x10007c78       0x26 CMakeFiles/ex1_create_task.dir/D_/pico/pico-FreeRTOS/Source/queue.c.obj
 *fill*         0x10007c9e        0x2 
 .text.xQueueGenericCreate
                0x10007ca0       0x88 CMakeFiles/ex1_create_task.dir/D_/pico/pico-FreeRTOS/Source/queue.c.obj
                0x10007ca0                xQueueGenericCreate
 .text.xQueueGenericSend
                0x10007d28      0x190 CMakeFiles/ex1_create_task.dir/D_/pico/pico-FreeRTOS/Source/queue.c.obj
                0x10007d28                xQueueGenericSend
 .text.xQueueGenericSendFromISR
                0x10007eb8      0x134 CMakeFiles/ex1_create_task.dir/D_/pico/pico-FreeRTOS/Source/queue.c.obj
                0x10007eb8                xQueueGenericSendFromISR
 .text.xQueueReceive
                0x10007fec      0x150 CMakeFiles/ex1_create_task.dir/D_/pico/pico-FreeRTOS/Source/queue.c.obj
                0x10007fec                xQueueReceive
 .text.vQueueAddToRegistry
                0x1000813c       0x5c CMakeFiles/ex1_create_task.dir/D_/pico/pico-FreeRTOS/Source/queue.c.obj
                0x1000813c                vQueueAddToRegistry
 .text.vQueueWaitForMessageRestricted
                0x10008198       0x50 CMakeFiles/ex1_create_task.dir/D_/pico/pico-FreeRTOS/Source/queue.c.obj
                0x10008198                vQueueWaitForMessageRestricted
 .text.prvGetCurrentYieldPending
                0x100081e8       0x1c CMakeFiles/ex1_create_task.dir/D_/pico/pico-FreeRTOS/Source/tasks.c.obj
 .text.prvResetNextTaskUnblockTime
                0x10008204       0x2c CMakeFiles/ex1_create_task.dir/D_/pico/pico-FreeRTOS/Source/tasks.c.obj
 .text.prvDeleteTCB
                0x10008230       0x12 CMakeFiles/ex1_create_task.dir/D_/pico/pico-FreeRTOS/Source/tasks.c.obj
 *fill*         0x10008242        0x2 
 .text.prvInitialiseNewTask
                0x10008244       0xf8 CMakeFiles/ex1_create_task.dir/D_/pico/pico-FreeRTOS/Source/tasks.c.obj
 .text.prvMinimalIdleTask
                0x1000833c       0x18 CMakeFiles/ex1_create_task.dir/D_/pico/pico-FreeRTOS/Source/tasks.c.obj
 .text.prvInitialiseTaskLists
                0x10008354       0x68 CMakeFiles/ex1_create_task.dir/D_/pico/pico-FreeRTOS/Source/tasks.c.obj
 .text.prvYieldCore
                0x100083bc       0x60 CMakeFiles/ex1_create_task.dir/D_/pico/pico-FreeRTOS/Source/tasks.c.obj
 .text.prvSelectHighestPriorityTask
                0x1000841c      0x1ac CMakeFiles/ex1_create_task.dir/D_/pico/pico-FreeRTOS/Source/tasks.c.obj
 .text.xTaskGetTickCount
                0x100085c8        0xc CMakeFiles/ex1_create_task.dir/D_/pico/pico-FreeRTOS/Source/tasks.c.obj
                0x100085c8                xTaskGetTickCount
 .text.vTaskInternalSetTimeOutState
                0x100085d4       0x18 CMakeFiles/ex1_create_task.dir/D_/pico/pico-FreeRTOS/Source/tasks.c.obj
                0x100085d4                vTaskInternalSetTimeOutState
 .text.vTaskMissedYield
                0x100085ec       0x14 CMakeFiles/ex1_create_task.dir/D_/pico/pico-FreeRTOS/Source/tasks.c.obj
                0x100085ec                vTaskMissedYield
 .text.xTaskGetCurrentTaskHandle
                0x10008600       0x1c CMakeFiles/ex1_create_task.dir/D_/pico/pico-FreeRTOS/Source/tasks.c.obj
                0x10008600                xTaskGetCurrentTaskHandle
 .text.prvYieldForTask
                0x1000861c      0x104 CMakeFiles/ex1_create_task.dir/D_/pico/pico-FreeRTOS/Source/tasks.c.obj
 .text.xTaskRemoveFromEventList
                0x10008720       0x98 CMakeFiles/ex1_create_task.dir/D_/pico/pico-FreeRTOS/Source/tasks.c.obj
                0x10008720                xTaskRemoveFromEventList
 .text.prvAddCurrentTaskToDelayedList
                0x100087b8       0x84 CMakeFiles/ex1_create_task.dir/D_/pico/pico-FreeRTOS/Source/tasks.c.obj
 .text.prvCheckForRunStateChange
                0x1000883c      0x30c CMakeFiles/ex1_create_task.dir/D_/pico/pico-FreeRTOS/Source/tasks.c.obj
 .text.vTaskSuspendAll
                0x10008b48      0x17c CMakeFiles/ex1_create_task.dir/D_/pico/pico-FreeRTOS/Source/tasks.c.obj
                0x10008b48                vTaskSuspendAll
 .text.vTaskSwitchContext
                0x10008cc4      0x230 CMakeFiles/ex1_create_task.dir/D_/pico/pico-FreeRTOS/Source/tasks.c.obj
                0x10008cc4                vTaskSwitchContext
 .text.vTaskPlaceOnEventList
                0x10008ef4       0x40 CMakeFiles/ex1_create_task.dir/D_/pico/pico-FreeRTOS/Source/tasks.c.obj
                0x10008ef4                vTaskPlaceOnEventList
 .text.vTaskPlaceOnUnorderedEventList
                0x10008f34       0x6c CMakeFiles/ex1_create_task.dir/D_/pico/pico-FreeRTOS/Source/tasks.c.obj
                0x10008f34                vTaskPlaceOnUnorderedEventList
 .text.vTaskPlaceOnEventListRestricted
                0x10008fa0       0x48 CMakeFiles/ex1_create_task.dir/D_/pico/pico-FreeRTOS/Source/tasks.c.obj
                0x10008fa0                vTaskPlaceOnEventListRestricted
 .text.xTaskPriorityDisinherit
                0x10008fe8       0x9c CMakeFiles/ex1_create_task.dir/D_/pico/pico-FreeRTOS/Source/tasks.c.obj
                0x10008fe8                xTaskPriorityDisinherit
 .text.vTaskYieldWithinAPI
                0x10009084       0x28 CMakeFiles/ex1_create_task.dir/D_/pico/pico-FreeRTOS/Source/tasks.c.obj
                0x10009084                vTaskYieldWithinAPI
 .text.vTaskEnterCritical
                0x100090ac      0x13c CMakeFiles/ex1_create_task.dir/D_/pico/pico-FreeRTOS/Source/tasks.c.obj
                0x100090ac                vTaskEnterCritical
 .text.vTaskExitCritical
                0x100091e8      0x128 CMakeFiles/ex1_create_task.dir/D_/pico/pico-FreeRTOS/Source/tasks.c.obj
                0x100091e8                vTaskExitCritical
 .text.prvCheckTasksWaitingTermination
                0x10009310       0x58 CMakeFiles/ex1_create_task.dir/D_/pico/pico-FreeRTOS/Source/tasks.c.obj
 .text.prvIdleTask
                0x10009368       0x1c CMakeFiles/ex1_create_task.dir/D_/pico/pico-FreeRTOS/Source/tasks.c.obj
 .text.prvAddNewTaskToReadyList
                0x10009384       0x9c CMakeFiles/ex1_create_task.dir/D_/pico/pico-FreeRTOS/Source/tasks.c.obj
 .text.xTaskCreate
                0x10009420       0x60 CMakeFiles/ex1_create_task.dir/D_/pico/pico-FreeRTOS/Source/tasks.c.obj
                0x10009420                xTaskCreate
 .text.prvCreateIdleTasks
                0x10009480       0x8c CMakeFiles/ex1_create_task.dir/D_/pico/pico-FreeRTOS/Source/tasks.c.obj
 .text.vTaskStartScheduler
                0x1000950c       0x64 CMakeFiles/ex1_create_task.dir/D_/pico/pico-FreeRTOS/Source/tasks.c.obj
                0x1000950c                vTaskStartScheduler
 .text.xTaskIncrementTick
                0x10009570      0x198 CMakeFiles/ex1_create_task.dir/D_/pico/pico-FreeRTOS/Source/tasks.c.obj
                0x10009570                xTaskIncrementTick
 .text.xTaskResumeAll
                0x10009708      0x168 CMakeFiles/ex1_create_task.dir/D_/pico/pico-FreeRTOS/Source/tasks.c.obj
                0x10009708                xTaskResumeAll
 .text.vTaskDelay
                0x10009870       0x48 CMakeFiles/ex1_create_task.dir/D_/pico/pico-FreeRTOS/Source/tasks.c.obj
                0x10009870                vTaskDelay
 .text.vTaskRemoveFromUnorderedEventList
                0x100098b8       0x90 CMakeFiles/ex1_create_task.dir/D_/pico/pico-FreeRTOS/Source/tasks.c.obj
                0x100098b8                vTaskRemoveFromUnorderedEventList
 .text.xTaskCheckForTimeOut
                0x10009948       0xbc CMakeFiles/ex1_create_task.dir/D_/pico/pico-FreeRTOS/Source/tasks.c.obj
                0x10009948                xTaskCheckForTimeOut
 .text.xTaskGetSchedulerState
                0x10009a04       0x30 CMakeFiles/ex1_create_task.dir/D_/pico/pico-FreeRTOS/Source/tasks.c.obj
                0x10009a04                xTaskGetSchedulerState
 .text.uxTaskResetEventItemValue
                0x10009a34       0x1c CMakeFiles/ex1_create_task.dir/D_/pico/pico-FreeRTOS/Source/tasks.c.obj
                0x10009a34                uxTaskResetEventItemValue
 .text.prvGetNextExpireTime
                0x10009a50       0x24 CMakeFiles/ex1_create_task.dir/D_/pico/pico-FreeRTOS/Source/timers.c.obj
 .text.prvInsertTimerInActiveList
                0x10009a74       0x48 CMakeFiles/ex1_create_task.dir/D_/pico/pico-FreeRTOS/Source/timers.c.obj
 .text.prvCheckForValidListAndQueue
                0x10009abc       0x60 CMakeFiles/ex1_create_task.dir/D_/pico/pico-FreeRTOS/Source/timers.c.obj
 .text.xTimerCreateTimerTask
                0x10009b1c       0x58 CMakeFiles/ex1_create_task.dir/D_/pico/pico-FreeRTOS/Source/timers.c.obj
                0x10009b1c                xTimerCreateTimerTask
 .text.xTimerGenericCommandFromTask
                0x10009b74       0x78 CMakeFiles/ex1_create_task.dir/D_/pico/pico-FreeRTOS/Source/timers.c.obj
                0x10009b74                xTimerGenericCommandFromTask
 .text.prvSwitchTimerLists
                0x10009bec       0x88 CMakeFiles/ex1_create_task.dir/D_/pico/pico-FreeRTOS/Source/timers.c.obj
 .text.prvSampleTimeNow
                0x10009c74       0x2c CMakeFiles/ex1_create_task.dir/D_/pico/pico-FreeRTOS/Source/timers.c.obj
 .text.prvProcessExpiredTimer
                0x10009ca0       0x74 CMakeFiles/ex1_create_task.dir/D_/pico/pico-FreeRTOS/Source/timers.c.obj
 .text.prvProcessTimerOrBlockTask
                0x10009d14       0x70 CMakeFiles/ex1_create_task.dir/D_/pico/pico-FreeRTOS/Source/timers.c.obj
 .text.prvProcessReceivedCommands
                0x10009d84      0x114 CMakeFiles/ex1_create_task.dir/D_/pico/pico-FreeRTOS/Source/timers.c.obj
 .text.prvTimerTask
                0x10009e98       0x16 CMakeFiles/ex1_create_task.dir/D_/pico/pico-FreeRTOS/Source/timers.c.obj
 *fill*         0x10009eae        0x2 
 .text.xTimerPendFunctionCallFromISR
                0x10009eb0       0x28 CMakeFiles/ex1_create_task.dir/D_/pico/pico-FreeRTOS/Source/timers.c.obj
                0x10009eb0                xTimerPendFunctionCallFromISR
 .text.exception_is_compile_time_default
                0x10009ed8       0x20 CMakeFiles/ex1_create_task.dir/D_/pico/pico-sdk/src/rp2_common/hardware_exception/exception.c.obj
 .text.set_raw_exception_handler_and_restore_interrupts
                0x10009ef8       0x18 CMakeFiles/ex1_create_task.dir/D_/pico/pico-sdk/src/rp2_common/hardware_exception/exception.c.obj
 .text.exception_get_vtable_handler
                0x10009f10       0x10 CMakeFiles/ex1_create_task.dir/D_/pico/pico-sdk/src/rp2_common/hardware_exception/exception.c.obj
                0x10009f10                exception_get_vtable_handler
 .text.exception_set_exclusive_handler
                0x10009f20       0x44 CMakeFiles/ex1_create_task.dir/D_/pico/pico-sdk/src/rp2_common/hardware_exception/exception.c.obj
                0x10009f20                exception_set_exclusive_handler
 .text.core1_trampoline
                0x10009f64        0x2 CMakeFiles/ex1_create_task.dir/D_/pico/pico-sdk/src/rp2_common/pico_multicore/multicore.c.obj
 .text.core1_wrapper
                0x10009f66        0xc CMakeFiles/ex1_create_task.dir/D_/pico/pico-sdk/src/rp2_common/pico_multicore/multicore.c.obj
                0x10009f66                core1_wrapper
 .text.multicore_fifo_push_blocking
                0x10009f72       0x14 CMakeFiles/ex1_create_task.dir/D_/pico/pico-sdk/src/rp2_common/pico_multicore/multicore.c.obj
                0x10009f72                multicore_fifo_push_blocking
 .text.multicore_fifo_pop_blocking
                0x10009f86       0x16 CMakeFiles/ex1_create_task.dir/D_/pico/pico-sdk/src/rp2_common/pico_multicore/multicore.c.obj
                0x10009f86                multicore_fifo_pop_blocking
 .text.multicore_launch_core1_raw
                0x10009f9c       0x6e CMakeFiles/ex1_create_task.dir/D_/pico/pico-sdk/src/rp2_common/pico_multicore/multicore.c.obj
                0x10009f9c                multicore_launch_core1_raw
 *fill*         0x1000a00a        0x2 
 .text.multicore_launch_core1_with_stack
                0x1000a00c       0x50 CMakeFiles/ex1_create_task.dir/D_/pico/pico-sdk/src/rp2_common/pico_multicore/multicore.c.obj
                0x1000a00c                multicore_launch_core1_with_stack
 .text.multicore_launch_core1
                0x1000a05c       0x24 CMakeFiles/ex1_create_task.dir/D_/pico/pico-sdk/src/rp2_common/pico_multicore/multicore.c.obj
                0x1000a05c                multicore_launch_core1
 .text.prvHeapInit
                0x1000a080       0x64 CMakeFiles/ex1_create_task.dir/D_/pico/pico-FreeRTOS/Source/portable/MemMang/heap_4.c.obj
 .text.prvInsertBlockIntoFreeList
                0x1000a0e4       0x54 CMakeFiles/ex1_create_task.dir/D_/pico/pico-FreeRTOS/Source/portable/MemMang/heap_4.c.obj
 .text.pvPortMalloc
                0x1000a138      0x128 CMakeFiles/ex1_create_task.dir/D_/pico/pico-FreeRTOS/Source/portable/MemMang/heap_4.c.obj
                0x1000a138                pvPortMalloc
 .text.vPortFree
                0x1000a260       0x84 CMakeFiles/ex1_create_task.dir/D_/pico/pico-FreeRTOS/Source/portable/MemMang/heap_4.c.obj
                0x1000a260                vPortFree
 .text.strlen   0x1000a2e4       0x5c d:/pico/armcc/10 2021.10/bin/../lib/gcc/arm-none-eabi/10.3.1/../../../../arm-none-eabi/lib/thumb/v6-m/nofp\libg.a(lib_a-strlen-stub.o)
                0x1000a2e4                strlen
 *(.fini)
 .fini          0x1000a340        0x4 d:/pico/armcc/10 2021.10/bin/../lib/gcc/arm-none-eabi/10.3.1/thumb/v6-m/nofp/crti.o
                0x1000a340                _fini
 *fill*         0x1000a344        0x4 
 .fini.__stub   0x1000a348       0x70 linker stubs
 *crtbegin.o(.ctors)
 *crtbegin?.o(.ctors)
 *(EXCLUDE_FILE(*crtend.o *crtend?.o) .ctors)
 *(SORT_BY_NAME(.ctors.*))
 *(.ctors)
 *crtbegin.o(.dtors)
 *crtbegin?.o(.dtors)
 *(EXCLUDE_FILE(*crtend.o *crtend?.o) .dtors)
 *(SORT_BY_NAME(.dtors.*))
 *(.dtors)
 *(.eh_frame*)
 .eh_frame      0x1000a3b8        0x0 d:/pico/armcc/10 2021.10/bin/../lib/gcc/arm-none-eabi/10.3.1/thumb/v6-m/nofp/crtbegin.o
                0x1000a3b8                . = ALIGN (0x4)

.glue_7         0x1000a3b8        0x0
 .glue_7        0x1000a3b8        0x0 linker stubs

.glue_7t        0x1000a3b8        0x0
 .glue_7t       0x1000a3b8        0x0 linker stubs

.vfp11_veneer   0x1000a3b8        0x0
 .vfp11_veneer  0x1000a3b8        0x0 linker stubs

.v4_bx          0x1000a3b8        0x0
 .v4_bx         0x1000a3b8        0x0 linker stubs

.iplt           0x1000a3b8        0x0
 .iplt          0x1000a3b8        0x0 d:/pico/armcc/10 2021.10/bin/../lib/gcc/arm-none-eabi/10.3.1/thumb/v6-m/nofp/crtbegin.o

.rodata         0x1000a3b8     0x281c
 *(EXCLUDE_FILE(*libm.a: *libc.a:*lib_a-mem*.o *libgcc.a:) .rodata*)
 .rodata.vTask1.str1.4
                0x1000a3b8        0x7 CMakeFiles/ex1_create_task.dir/main.c.obj
 *fill*         0x1000a3bf        0x1 
 .rodata.vTask2.str1.4
                0x1000a3c0        0x7 CMakeFiles/ex1_create_task.dir/main.c.obj
 *fill*         0x1000a3c7        0x1 
 .rodata.vApplicationMallocFailedHook.str1.4
                0x1000a3c8       0x56 CMakeFiles/ex1_create_task.dir/main.c.obj
 *fill*         0x1000a41e        0x2 
 .rodata.__func__.0
                0x1000a420       0x1e CMakeFiles/ex1_create_task.dir/main.c.obj
 *fill*         0x1000a43e        0x2 
 .rodata.__func__.1
                0x1000a440       0x1d CMakeFiles/ex1_create_task.dir/main.c.obj
 *fill*         0x1000a45d        0x3 
 .rodata.spin_lock_claim.str1.4
                0x1000a460       0x1f CMakeFiles/ex1_create_task.dir/D_/pico/pico-sdk/src/rp2_common/hardware_sync/sync.c.obj
 *fill*         0x1000a47f        0x1 
 .rodata.spin_lock_claim_unused.str1.4
                0x1000a480       0x1b CMakeFiles/ex1_create_task.dir/D_/pico/pico-sdk/src/rp2_common/hardware_sync/sync.c.obj
 *fill*         0x1000a49b        0x1 
 .rodata.make_branch.str1.4
                0x1000a49c       0x63 CMakeFiles/ex1_create_task.dir/D_/pico/pico-sdk/src/rp2_common/hardware_irq/irq.c.obj
 *fill*         0x1000a4ff        0x1 
 .rodata.insert_branch_and_link.str1.4
                0x1000a500       0x10 CMakeFiles/ex1_create_task.dir/D_/pico/pico-sdk/src/rp2_common/hardware_irq/irq.c.obj
 .rodata.irq_set_exclusive_handler.str1.4
                0x1000a510       0x36 CMakeFiles/ex1_create_task.dir/D_/pico/pico-sdk/src/rp2_common/hardware_irq/irq.c.obj
 *fill*         0x1000a546        0x2 
 .rodata.irq_add_shared_handler.str1.4
                0x1000a548       0xd9 CMakeFiles/ex1_create_task.dir/D_/pico/pico-sdk/src/rp2_common/hardware_irq/irq.c.obj
 *fill*         0x1000a621        0x3 
 .rodata.irq_remove_handler.str1.4
                0x1000a624       0x2a CMakeFiles/ex1_create_task.dir/D_/pico/pico-sdk/src/rp2_common/hardware_irq/irq.c.obj
 *fill*         0x1000a64e        0x2 
 .rodata.irq_add_tail_to_free_list.str1.4
                0x1000a650       0x3a CMakeFiles/ex1_create_task.dir/D_/pico/pico-sdk/src/rp2_common/hardware_irq/irq.c.obj
 *fill*         0x1000a68a        0x2 
 .rodata.user_irq_claim_unused.str1.4
                0x1000a68c       0x1b CMakeFiles/ex1_create_task.dir/D_/pico/pico-sdk/src/rp2_common/hardware_irq/irq.c.obj
 *fill*         0x1000a6a7        0x1 
 .rodata.__func__.0
                0x1000a6a8       0x1a CMakeFiles/ex1_create_task.dir/D_/pico/pico-sdk/src/rp2_common/hardware_irq/irq.c.obj
 *fill*         0x1000a6c2        0x2 
 .rodata.__func__.1
                0x1000a6c4       0x17 CMakeFiles/ex1_create_task.dir/D_/pico/pico-sdk/src/rp2_common/hardware_irq/irq.c.obj
 *fill*         0x1000a6db        0x1 
 .rodata.__func__.2
                0x1000a6dc       0x13 CMakeFiles/ex1_create_task.dir/D_/pico/pico-sdk/src/rp2_common/hardware_irq/irq.c.obj
 *fill*         0x1000a6ef        0x1 
 .rodata.__func__.3
                0x1000a6f0        0xc CMakeFiles/ex1_create_task.dir/D_/pico/pico-sdk/src/rp2_common/hardware_irq/irq.c.obj
 .rodata.__func__.4
                0x1000a6fc        0xf CMakeFiles/ex1_create_task.dir/D_/pico/pico-sdk/src/rp2_common/hardware_irq/irq.c.obj
 *fill*         0x1000a70b        0x1 
 .rodata.__func__.5
                0x1000a70c       0x17 CMakeFiles/ex1_create_task.dir/D_/pico/pico-sdk/src/rp2_common/hardware_irq/irq.c.obj
 *fill*         0x1000a723        0x1 
 .rodata.__func__.6
                0x1000a724       0x1a CMakeFiles/ex1_create_task.dir/D_/pico/pico-sdk/src/rp2_common/hardware_irq/irq.c.obj
 *fill*         0x1000a73e        0x2 
 .rodata.repeating_timer_callback.str1.4
                0x1000a740       0x41 CMakeFiles/ex1_create_task.dir/D_/pico/pico-sdk/src/common/pico_time/time.c.obj
 *fill*         0x1000a781        0x3 
 .rodata.alarm_pool_dump_key.str1.4
                0x1000a784       0x33 CMakeFiles/ex1_create_task.dir/D_/pico/pico-sdk/src/common/pico_time/time.c.obj
 *fill*         0x1000a7b7        0x1 
 .rodata.ph_add_child_node.str1.4
                0x1000a7b8       0x8a CMakeFiles/ex1_create_task.dir/D_/pico/pico-sdk/src/common/pico_time/time.c.obj
 *fill*         0x1000a842        0x2 
 .rodata.add_alarm_under_lock.str1.4
                0x1000a844       0x28 CMakeFiles/ex1_create_task.dir/D_/pico/pico-sdk/src/common/pico_time/time.c.obj
                                 0x2b (size before relaxing)
 .rodata.alarm_pool_alarm_callback.str1.4
                0x1000a86c       0xda CMakeFiles/ex1_create_task.dir/D_/pico/pico-sdk/src/common/pico_time/time.c.obj
 *fill*         0x1000a946        0x2 
 .rodata.alarm_pool_get_default.str1.4
                0x1000a948       0x21 CMakeFiles/ex1_create_task.dir/D_/pico/pico-sdk/src/common/pico_time/time.c.obj
 *fill*         0x1000a969        0x3 
 .rodata.alarm_pool_cancel_alarm.str1.4
                0x1000a96c       0x27 CMakeFiles/ex1_create_task.dir/D_/pico/pico-sdk/src/common/pico_time/time.c.obj
 *fill*         0x1000a993        0x1 
 .rodata.__func__.1
                0x1000a994       0x18 CMakeFiles/ex1_create_task.dir/D_/pico/pico-sdk/src/common/pico_time/time.c.obj
 .rodata.__func__.10
                0x1000a9ac       0x15 CMakeFiles/ex1_create_task.dir/D_/pico/pico-sdk/src/common/pico_time/time.c.obj
 *fill*         0x1000a9c1        0x3 
 .rodata.__func__.11
                0x1000a9c4       0x1a CMakeFiles/ex1_create_task.dir/D_/pico/pico-sdk/src/common/pico_time/time.c.obj
 *fill*         0x1000a9de        0x2 
 .rodata.__func__.12
                0x1000a9e0        0xa CMakeFiles/ex1_create_task.dir/D_/pico/pico-sdk/src/common/pico_time/time.c.obj
 *fill*         0x1000a9ea        0x2 
 .rodata.__func__.3
                0x1000a9ec       0x17 CMakeFiles/ex1_create_task.dir/D_/pico/pico-sdk/src/common/pico_time/time.c.obj
 *fill*         0x1000aa03        0x1 
 .rodata.__func__.4
                0x1000aa04       0x12 CMakeFiles/ex1_create_task.dir/D_/pico/pico-sdk/src/common/pico_time/time.c.obj
 *fill*         0x1000aa16        0x2 
 .rodata.__func__.5
                0x1000aa18        0xd CMakeFiles/ex1_create_task.dir/D_/pico/pico-sdk/src/common/pico_time/time.c.obj
 *fill*         0x1000aa25        0x3 
 .rodata.__func__.6
                0x1000aa28       0x12 CMakeFiles/ex1_create_task.dir/D_/pico/pico-sdk/src/common/pico_time/time.c.obj
 *fill*         0x1000aa3a        0x2 
 .rodata.__func__.7
                0x1000aa3c        0xf CMakeFiles/ex1_create_task.dir/D_/pico/pico-sdk/src/common/pico_time/time.c.obj
 *fill*         0x1000aa4b        0x1 
 .rodata.__func__.8
                0x1000aa4c        0xc CMakeFiles/ex1_create_task.dir/D_/pico/pico-sdk/src/common/pico_time/time.c.obj
 .rodata.__func__.9
                0x1000aa58       0x15 CMakeFiles/ex1_create_task.dir/D_/pico/pico-sdk/src/common/pico_time/time.c.obj
 *fill*         0x1000aa6d        0x3 
 .rodata.hardware_alarm_claim.str1.4
                0x1000aa70       0x22 CMakeFiles/ex1_create_task.dir/D_/pico/pico-sdk/src/rp2_common/hardware_timer/timer.c.obj
 *fill*         0x1000aa92        0x2 
 .rodata.hardware_alarm_set_target.str1.4
                0x1000aa94       0x5b CMakeFiles/ex1_create_task.dir/D_/pico/pico-sdk/src/rp2_common/hardware_timer/timer.c.obj
 *fill*         0x1000aaef        0x1 
 .rodata.__func__.0
                0x1000aaf0       0x1a CMakeFiles/ex1_create_task.dir/D_/pico/pico-sdk/src/rp2_common/hardware_timer/timer.c.obj
 .rodata.ph_add_child_node.str1.4
                0x1000ab0a       0x8a CMakeFiles/ex1_create_task.dir/D_/pico/pico-sdk/src/common/pico_util/pheap.c.obj
 *fill*         0x1000ab0a        0x2 
 .rodata.ph_remove_any_head.str1.4
                0x1000ab0c       0x84 CMakeFiles/ex1_create_task.dir/D_/pico/pico-sdk/src/common/pico_util/pheap.c.obj
 .rodata.ph_remove_and_free_node.str1.4
                0x1000ab90       0x1e CMakeFiles/ex1_create_task.dir/D_/pico/pico-sdk/src/common/pico_util/pheap.c.obj
                                 0x26 (size before relaxing)
 *fill*         0x1000abae        0x2 
 .rodata.__func__.0
                0x1000abb0       0x18 CMakeFiles/ex1_create_task.dir/D_/pico/pico-sdk/src/common/pico_util/pheap.c.obj
 .rodata.__func__.1
                0x1000abc8       0x13 CMakeFiles/ex1_create_task.dir/D_/pico/pico-sdk/src/common/pico_util/pheap.c.obj
 *fill*         0x1000abdb        0x1 
 .rodata.__func__.2
                0x1000abdc       0x12 CMakeFiles/ex1_create_task.dir/D_/pico/pico-sdk/src/common/pico_util/pheap.c.obj
 *fill*         0x1000abee        0x2 
 .rodata.__func__.3
                0x1000abf0        0xc CMakeFiles/ex1_create_task.dir/D_/pico/pico-sdk/src/common/pico_util/pheap.c.obj
 .rodata.str1.4
                0x1000abfc       0x81 CMakeFiles/ex1_create_task.dir/D_/pico/pico-sdk/src/common/pico_sync/mutex.c.obj
                                 0xd9 (size before relaxing)
 *fill*         0x1000ac7d        0x3 
 .rodata.__func__.1
                0x1000ac80        0xb CMakeFiles/ex1_create_task.dir/D_/pico/pico-sdk/src/common/pico_sync/mutex.c.obj
 *fill*         0x1000ac8b        0x1 
 .rodata.__func__.3
                0x1000ac8c       0x18 CMakeFiles/ex1_create_task.dir/D_/pico/pico-sdk/src/common/pico_sync/mutex.c.obj
 .rodata.__func__.4
                0x1000aca4       0x15 CMakeFiles/ex1_create_task.dir/D_/pico/pico-sdk/src/common/pico_sync/mutex.c.obj
 *fill*         0x1000acb9        0x3 
 .rodata.__assert_func.str1.4
                0x1000acbc       0x3f CMakeFiles/ex1_create_task.dir/D_/pico/pico-sdk/src/rp2_common/pico_runtime/runtime.c.obj
                                 0x43 (size before relaxing)
 *fill*         0x1000acfb        0x1 
 .rodata.runtime_init.str1.4
                0x1000acfc       0x57 CMakeFiles/ex1_create_task.dir/D_/pico/pico-sdk/src/rp2_common/pico_runtime/runtime.c.obj
 *fill*         0x1000ad53        0x1 
 .rodata.panic.str1.4
                0x1000ad54       0x12 CMakeFiles/ex1_create_task.dir/D_/pico/pico-sdk/src/rp2_common/pico_runtime/runtime.c.obj
 *fill*         0x1000ad66        0x2 
 .rodata.panic_unsupported.str1.4
                0x1000ad68        0xe CMakeFiles/ex1_create_task.dir/D_/pico/pico-sdk/src/rp2_common/pico_runtime/runtime.c.obj
 *fill*         0x1000ad76        0x2 
 .rodata.__func__.1
                0x1000ad78        0xd CMakeFiles/ex1_create_task.dir/D_/pico/pico-sdk/src/rp2_common/pico_runtime/runtime.c.obj
 *fill*         0x1000ad85        0x3 
 .rodata.clock_configure.str1.4
                0x1000ad88       0x4d CMakeFiles/ex1_create_task.dir/D_/pico/pico-sdk/src/rp2_common/hardware_clocks/clocks.c.obj
 *fill*         0x1000add5        0x3 
 .rodata.__func__.1
                0x1000add8       0x10 CMakeFiles/ex1_create_task.dir/D_/pico/pico-sdk/src/rp2_common/hardware_clocks/clocks.c.obj
 .rodata.pll_init.str1.4
                0x1000ade8      0x12f CMakeFiles/ex1_create_task.dir/D_/pico/pico-sdk/src/rp2_common/hardware_pll/pll.c.obj
 *fill*         0x1000af17        0x1 
 .rodata.__func__.0
                0x1000af18        0x9 CMakeFiles/ex1_create_task.dir/D_/pico/pico-sdk/src/rp2_common/hardware_pll/pll.c.obj
 *fill*         0x1000af21        0x3 
 .rodata._ftoa.str1.4
                0x1000af24       0x15 CMakeFiles/ex1_create_task.dir/D_/pico/pico-sdk/src/rp2_common/pico_printf/printf.c.obj
 *fill*         0x1000af39        0x3 
 .rodata._vsnprintf
                0x1000af3c      0x1e0 CMakeFiles/ex1_create_task.dir/D_/pico/pico-sdk/src/rp2_common/pico_printf/printf.c.obj
 *fill*         0x1000b11c        0x4 
 .rodata.pow10.0
                0x1000b120       0x50 CMakeFiles/ex1_create_task.dir/D_/pico/pico-sdk/src/rp2_common/pico_printf/printf.c.obj
 .rodata.__aeabi_double_init.str1.4
                0x1000b170       0x9e CMakeFiles/ex1_create_task.dir/D_/pico/pico-sdk/src/rp2_common/pico_double/double_init_rom.c.obj
 *fill*         0x1000b20e        0x2 
 .rodata.__func__.0
                0x1000b210       0x14 CMakeFiles/ex1_create_task.dir/D_/pico/pico-sdk/src/rp2_common/pico_double/double_init_rom.c.obj
 .rodata.__aeabi_float_init.str1.4
                0x1000b224       0x70 CMakeFiles/ex1_create_task.dir/D_/pico/pico-sdk/src/rp2_common/pico_float/float_init_rom.c.obj
                                 0x74 (size before relaxing)
 .rodata.__func__.0
                0x1000b294       0x13 CMakeFiles/ex1_create_task.dir/D_/pico/pico-sdk/src/rp2_common/pico_float/float_init_rom.c.obj
 *fill*         0x1000b2a7        0x1 
 .rodata.str1.4
                0x1000b2a8       0x44 CMakeFiles/ex1_create_task.dir/D_/pico/pico-sdk/src/rp2_common/pico_standard_link/binary_info.c.obj
 .rodata.__bi_44
                0x1000b2ec        0xc CMakeFiles/ex1_create_task.dir/D_/pico/pico-sdk/src/rp2_common/pico_standard_link/binary_info.c.obj
 .rodata.__bi_75
                0x1000b2f8        0xc CMakeFiles/ex1_create_task.dir/D_/pico/pico-sdk/src/rp2_common/pico_standard_link/binary_info.c.obj
 .rodata.__bi_81
                0x1000b304        0xc CMakeFiles/ex1_create_task.dir/D_/pico/pico-sdk/src/rp2_common/pico_standard_link/binary_info.c.obj
 .rodata.crlf_str.3
                0x1000b310        0x2 CMakeFiles/ex1_create_task.dir/D_/pico/pico-sdk/src/rp2_common/pico_stdio/stdio.c.obj
 *fill*         0x1000b312        0x2 
 .rodata._resetd_driver
                0x1000b314       0x18 CMakeFiles/ex1_create_task.dir/D_/pico/pico-sdk/src/rp2_common/pico_stdio_usb/reset_interface.c.obj
 .rodata.timer_task.str1.4
                0x1000b32c       0x63 CMakeFiles/ex1_create_task.dir/D_/pico/pico-sdk/src/rp2_common/pico_stdio_usb/stdio_usb.c.obj
 .rodata.stdio_usb_init.str1.4
                0x1000b38f       0x57 CMakeFiles/ex1_create_task.dir/D_/pico/pico-sdk/src/rp2_common/pico_stdio_usb/stdio_usb.c.obj
 *fill*         0x1000b38f        0x1 
 .rodata.str1.4
                0x1000b390       0x13 CMakeFiles/ex1_create_task.dir/D_/pico/pico-sdk/src/rp2_common/pico_stdio_usb/stdio_usb.c.obj
 *fill*         0x1000b3a3        0x1 
 .rodata.__bi_118.2
                0x1000b3a4        0xc CMakeFiles/ex1_create_task.dir/D_/pico/pico-sdk/src/rp2_common/pico_stdio_usb/stdio_usb.c.obj
 .rodata.__func__.0
                0x1000b3b0       0x15 CMakeFiles/ex1_create_task.dir/D_/pico/pico-sdk/src/rp2_common/pico_stdio_usb/stdio_usb.c.obj
 *fill*         0x1000b3c5        0x3 
 .rodata.__func__.1
                0x1000b3c8        0xb CMakeFiles/ex1_create_task.dir/D_/pico/pico-sdk/src/rp2_common/pico_stdio_usb/stdio_usb.c.obj
 *fill*         0x1000b3d3        0x1 
 .rodata.str1.4
                0x1000b3d4       0x2a CMakeFiles/ex1_create_task.dir/D_/pico/pico-sdk/src/rp2_common/pico_stdio_usb/stdio_usb_descriptors.c.obj
 *fill*         0x1000b3fe        0x2 
 .rodata.usbd_desc_cfg
                0x1000b400       0x54 CMakeFiles/ex1_create_task.dir/D_/pico/pico-sdk/src/rp2_common/pico_stdio_usb/stdio_usb_descriptors.c.obj
 .rodata.usbd_desc_device
                0x1000b454       0x12 CMakeFiles/ex1_create_task.dir/D_/pico/pico-sdk/src/rp2_common/pico_stdio_usb/stdio_usb_descriptors.c.obj
 *fill*         0x1000b466        0x2 
 .rodata.usbd_desc_str