Archive member included to satisfy reference by file (symbol)

d:/pico/armcc/10 2021.10/bin/../lib/gcc/arm-none-eabi/10.3.1/thumb/v6-m/nofp\libgcc.a(_dvmd_tls.o)
                              CMakeFiles/example1.dir/D_/pico/pico-sdk/src/rp2_common/pico_divider/divider.S.obj (__aeabi_idiv0)
d:/pico/armcc/10 2021.10/bin/../lib/gcc/arm-none-eabi/10.3.1/../../../../arm-none-eabi/lib/thumb/v6-m/nofp\libg.a(lib_a-calloc.o)
                              CMakeFiles/example1.dir/D_/pico/pico-sdk/src/rp2_common/pico_malloc/pico_malloc.c.obj (calloc)
d:/pico/armcc/10 2021.10/bin/../lib/gcc/arm-none-eabi/10.3.1/../../../../arm-none-eabi/lib/thumb/v6-m/nofp\libg.a(lib_a-callocr.o)
                              d:/pico/armcc/10 2021.10/bin/../lib/gcc/arm-none-eabi/10.3.1/../../../../arm-none-eabi/lib/thumb/v6-m/nofp\libg.a(lib_a-calloc.o) (_calloc_r)
d:/pico/armcc/10 2021.10/bin/../lib/gcc/arm-none-eabi/10.3.1/../../../../arm-none-eabi/lib/thumb/v6-m/nofp\libg.a(lib_a-ctype_.o)
                              CMakeFiles/example1.dir/D_/pico/pico-sdk/lib/tinyusb/src/tusb.c.obj (_ctype_)
d:/pico/armcc/10 2021.10/bin/../lib/gcc/arm-none-eabi/10.3.1/../../../../arm-none-eabi/lib/thumb/v6-m/nofp\libg.a(lib_a-errno.o)
                              d:/pico/armcc/10 2021.10/bin/../lib/gcc/arm-none-eabi/10.3.1/../../../../arm-none-eabi/lib/thumb/v6-m/nofp\libg.a(lib_a-callocr.o) (__errno)
d:/pico/armcc/10 2021.10/bin/../lib/gcc/arm-none-eabi/10.3.1/../../../../arm-none-eabi/lib/thumb/v6-m/nofp\libg.a(lib_a-impure.o)
                              d:/pico/armcc/10 2021.10/bin/../lib/gcc/arm-none-eabi/10.3.1/../../../../arm-none-eabi/lib/thumb/v6-m/nofp\libg.a(lib_a-calloc.o) (_impure_ptr)
d:/pico/armcc/10 2021.10/bin/../lib/gcc/arm-none-eabi/10.3.1/../../../../arm-none-eabi/lib/thumb/v6-m/nofp\libg.a(lib_a-init.o)
                              d:/pico/armcc/10 2021.10/bin/../lib/gcc/arm-none-eabi/10.3.1/../../../../arm-none-eabi/lib/thumb/v6-m/nofp/crt0.o (__libc_init_array)
d:/pico/armcc/10 2021.10/bin/../lib/gcc/arm-none-eabi/10.3.1/../../../../arm-none-eabi/lib/thumb/v6-m/nofp\libg.a(lib_a-malloc.o)
                              CMakeFiles/example1.dir/D_/pico/pico-sdk/src/rp2_common/pico_malloc/pico_malloc.c.obj (malloc)
d:/pico/armcc/10 2021.10/bin/../lib/gcc/arm-none-eabi/10.3.1/../../../../arm-none-eabi/lib/thumb/v6-m/nofp\libg.a(lib_a-mallocr.o)
                              d:/pico/armcc/10 2021.10/bin/../lib/gcc/arm-none-eabi/10.3.1/../../../../arm-none-eabi/lib/thumb/v6-m/nofp\libg.a(lib_a-callocr.o) (_malloc_r)
d:/pico/armcc/10 2021.10/bin/../lib/gcc/arm-none-eabi/10.3.1/../../../../arm-none-eabi/lib/thumb/v6-m/nofp\libg.a(lib_a-mlock.o)
                              d:/pico/armcc/10 2021.10/bin/../lib/gcc/arm-none-eabi/10.3.1/../../../../arm-none-eabi/lib/thumb/v6-m/nofp\libg.a(lib_a-mallocr.o) (__malloc_lock)
d:/pico/armcc/10 2021.10/bin/../lib/gcc/arm-none-eabi/10.3.1/../../../../arm-none-eabi/lib/thumb/v6-m/nofp\libg.a(lib_a-realloc.o)
                              CMakeFiles/example1.dir/D_/pico/pico-sdk/src/rp2_common/pico_malloc/pico_malloc.c.obj (realloc)
d:/pico/armcc/10 2021.10/bin/../lib/gcc/arm-none-eabi/10.3.1/../../../../arm-none-eabi/lib/thumb/v6-m/nofp\libg.a(lib_a-reallocr.o)
                              d:/pico/armcc/10 2021.10/bin/../lib/gcc/arm-none-eabi/10.3.1/../../../../arm-none-eabi/lib/thumb/v6-m/nofp\libg.a(lib_a-realloc.o) (_realloc_r)
d:/pico/armcc/10 2021.10/bin/../lib/gcc/arm-none-eabi/10.3.1/../../../../arm-none-eabi/lib/thumb/v6-m/nofp\libg.a(lib_a-sbrkr.o)
                              d:/pico/armcc/10 2021.10/bin/../lib/gcc/arm-none-eabi/10.3.1/../../../../arm-none-eabi/lib/thumb/v6-m/nofp\libg.a(lib_a-mallocr.o) (_sbrk_r)
d:/pico/armcc/10 2021.10/bin/../lib/gcc/arm-none-eabi/10.3.1/../../../../arm-none-eabi/lib/thumb/v6-m/nofp\libg.a(lib_a-strlen-stub.o)
                              CMakeFiles/example1.dir/D_/pico/pico-sdk/src/rp2_common/pico_stdio/stdio.c.obj (strlen)
d:/pico/armcc/10 2021.10/bin/../lib/gcc/arm-none-eabi/10.3.1/../../../../arm-none-eabi/lib/thumb/v6-m/nofp\libg.a(lib_a-freer.o)
                              d:/pico/armcc/10 2021.10/bin/../lib/gcc/arm-none-eabi/10.3.1/../../../../arm-none-eabi/lib/thumb/v6-m/nofp\libg.a(lib_a-malloc.o) (_free_r)
d:/pico/armcc/10 2021.10/bin/../lib/gcc/arm-none-eabi/10.3.1/../../../../arm-none-eabi/lib/thumb/v6-m/nofp\libg.a(lib_a-lock.o)
                              d:/pico/armcc/10 2021.10/bin/../lib/gcc/arm-none-eabi/10.3.1/../../../../arm-none-eabi/lib/thumb/v6-m/nofp\libg.a(lib_a-mlock.o) (__retarget_lock_acquire_recursive)
d:/pico/armcc/10 2021.10/bin/../lib/gcc/arm-none-eabi/10.3.1/../../../../arm-none-eabi/lib/thumb/v6-m/nofp\libg.a(lib_a-memmove.o)
                              d:/pico/armcc/10 2021.10/bin/../lib/gcc/arm-none-eabi/10.3.1/../../../../arm-none-eabi/lib/thumb/v6-m/nofp\libg.a(lib_a-reallocr.o) (memmove)
[...]
Memory Configuration

Name             Origin             Length             Attributes
FLASH            0x10000000         0x00200000         xr
RAM              0x20000000         0x00040000         xrw
SCRATCH_X        0x20040000         0x00001000         xrw
SCRATCH_Y        0x20041000         0x00001000         xrw
*default*        0x00000000         0xffffffff

Linker script and memory map

LOAD d:/pico/armcc/10 2021.10/bin/../lib/gcc/arm-none-eabi/10.3.1/thumb/v6-m/nofp/crti.o
LOAD d:/pico/armcc/10 2021.10/bin/../lib/gcc/arm-none-eabi/10.3.1/thumb/v6-m/nofp/crtbegin.o
LOAD d:/pico/armcc/10 2021.10/bin/../lib/gcc/arm-none-eabi/10.3.1/../../../../arm-none-eabi/lib/thumb/v6-m/nofp/crt0.o

.flash_begin    0x10000000        0x0
                0x10000000                __flash_binary_start = .

.boot2          0x10000000      0x100
                0x10000000                __boot2_start__ = .
 *(.boot2)
 .boot2         0x10000000      0x100 C:\Users\ployy\AppData\Local\Temp\ccQVgsae.o
                0x10000100                __boot2_end__ = .
                0x00000001                ASSERT (((__boot2_end__ - __boot2_start__) == 0x100), ERROR: Pico second stage bootloader must be 256 bytes in size)

.text           0x10000100     0xa0a8
                0x10000100                __logical_binary_start = .
 *(.vectors)
 .vectors       0x10000100       0xd4 CMakeFiles/example1.dir/D_/pico/pico-sdk/src/rp2_common/pico_standard_link/crt0.S.obj
                0x10000100                __VECTOR_TABLE
                0x10000100                __vectors
                0x100001c0                isr_invalid
                0x100001c0                __default_isrs_start
                0x100001c2                isr_nmi
                0x100001c4                isr_hardfault
                0x100001c6                isr_svcall
                0x100001c8                isr_pendsv
                0x100001ca                isr_systick
                0x100001cc                isr_irq23
                0x100001cc                isr_irq18
                0x100001cc                isr_irq11
                0x100001cc                isr_irq28
                0x100001cc                isr_irq19
                0x100001cc                isr_irq0
                0x100001cc                isr_irq6
                0x100001cc                isr_irq5
                0x100001cc                isr_irq12
                0x100001cc                isr_irq22
                0x100001cc                isr_irq31
                0x100001cc                isr_irq17
                0x100001cc                isr_irq27
                0x100001cc                isr_irq30
                0x100001cc                isr_irq2
                0x100001cc                isr_irq10
                0x100001cc                isr_irq8
                0x100001cc                isr_irq24
                0x100001cc                isr_irq1
                0x100001cc                isr_irq7
                0x100001cc                isr_irq21
                0x100001cc                isr_irq20
                0x100001cc                isr_irq15
                0x100001cc                isr_irq25
                0x100001cc                isr_irq13
                0x100001cc                __unhandled_user_irq
                0x100001cc                isr_irq4
                0x100001cc                isr_irq16
                0x100001cc                isr_irq29
                0x100001cc                isr_irq26
                0x100001cc                __default_isrs_end
                0x100001cc                isr_irq3
                0x100001cc                isr_irq14
                0x100001cc                isr_irq9
                0x100001d2                unhandled_user_irq_num_in_r0
 *(.binary_info_header)
 .binary_info_header
                0x100001d4       0x14 CMakeFiles/example1.dir/D_/pico/pico-sdk/src/rp2_common/pico_standard_link/crt0.S.obj
                0x100001e8                __binary_info_header_end = .
 *(.reset)
 .reset         0x100001e8       0xa8 CMakeFiles/example1.dir/D_/pico/pico-sdk/src/rp2_common/pico_standard_link/crt0.S.obj
                0x100001e8                _entry_point
                0x10000266                __get_current_exception
 .reset         0x10000290       0x30 CMakeFiles/example1.dir/D_/pico/pico-sdk/src/rp2_common/pico_standard_link/binary_info.c.obj
 *(.init)
 .init          0x100002c0        0x4 d:/pico/armcc/10 2021.10/bin/../lib/gcc/arm-none-eabi/10.3.1/thumb/v6-m/nofp/crti.o
                0x100002c0                _init
 *(EXCLUDE_FILE(*libm.a: *libc.a:*lib_a-mem*.o *libgcc.a:) .text*)
 .text          0x100002c4       0x48 d:/pico/armcc/10 2021.10/bin/../lib/gcc/arm-none-eabi/10.3.1/thumb/v6-m/nofp/crtbegin.o
 .text.prvSetupHardware
                0x1000030c        0x8 CMakeFiles/example1.dir/main.c.obj
 .text.vLaunch  0x10000314        0x8 CMakeFiles/example1.dir/main.c.obj
                0x10000314                vLaunch
 .text.main     0x1000031c        0xe CMakeFiles/example1.dir/main.c.obj
                0x1000031c                main
 *fill*         0x1000032a        0x2 
 .text.vApplicationMallocFailedHook
                0x1000032c       0x1c CMakeFiles/example1.dir/main.c.obj
                0x1000032c                vApplicationMallocFailedHook
 .text.vApplicationStackOverflowHook
                0x10000348       0x1c CMakeFiles/example1.dir/main.c.obj
                0x10000348                vApplicationStackOverflowHook
 .text.vApplicationTickHook
                0x10000364        0x2 CMakeFiles/example1.dir/main.c.obj
                0x10000364                vApplicationTickHook
 *fill*         0x10000366        0x2 
 .text.vTask1   0x10000368       0x1c CMakeFiles/example1.dir/ex1_create_task.c.obj
                0x10000368                vTask1
 .text.vTask2   0x10000384       0x1c CMakeFiles/example1.dir/ex1_create_task.c.obj
                0x10000384                vTask2
 .text.create_task
                0x100003a0       0x44 CMakeFiles/example1.dir/ex1_create_task.c.obj
                0x100003a0                create_task
 .text.hw_claim_lock
                0x100003e4       0x18 CMakeFiles/example1.dir/D_/pico/pico-sdk/src/rp2_common/hardware_claim/claim.c.obj
                0x100003e4                hw_claim_lock
 .text.hw_claim_unlock
                0x100003fc       0x14 CMakeFiles/example1.dir/D_/pico/pico-sdk/src/rp2_common/hardware_claim/claim.c.obj
                0x100003fc                hw_claim_unlock
 .text.hw_claim_or_assert
                0x10000410       0x32 CMakeFiles/example1.dir/D_/pico/pico-sdk/src/rp2_common/hardware_claim/claim.c.obj
                0x10000410                hw_claim_or_assert
 .text.hw_claim_unused_from_range
                0x10000442       0x50 CMakeFiles/example1.dir/D_/pico/pico-sdk/src/rp2_common/hardware_claim/claim.c.obj
                0x10000442                hw_claim_unused_from_range
 *fill*         0x10000492        0x2 
 .text.running_on_fpga
                0x10000494       0x14 CMakeFiles/example1.dir/D_/pico/pico-sdk/src/rp2_common/pico_platform/platform.c.obj
                0x10000494                running_on_fpga
 .text.spin_locks_reset
                0x100004a8       0x20 CMakeFiles/example1.dir/D_/pico/pico-sdk/src/rp2_common/hardware_sync/sync.c.obj
                0x100004a8                spin_locks_reset
 .text.next_striped_spin_lock_num
                0x100004c8       0x1c CMakeFiles/example1.dir/D_/pico/pico-sdk/src/rp2_common/hardware_sync/sync.c.obj
                0x100004c8                next_striped_spin_lock_num
 .text.spin_lock_claim
                0x100004e4       0x18 CMakeFiles/example1.dir/D_/pico/pico-sdk/src/rp2_common/hardware_sync/sync.c.obj
                0x100004e4                spin_lock_claim
 .text.spin_lock_claim_unused
                0x100004fc       0x20 CMakeFiles/example1.dir/D_/pico/pico-sdk/src/rp2_common/hardware_sync/sync.c.obj
                0x100004fc                spin_lock_claim_unused
 .text.set_raw_irq_handler_and_unlock
                0x1000051c       0x28 CMakeFiles/example1.dir/D_/pico/pico-sdk/src/rp2_common/hardware_irq/irq.c.obj
 .text.make_branch
                0x10000544       0x48 CMakeFiles/example1.dir/D_/pico/pico-sdk/src/rp2_common/hardware_irq/irq.c.obj
 .text.insert_branch_and_link
                0x1000058c       0x40 CMakeFiles/example1.dir/D_/pico/pico-sdk/src/rp2_common/hardware_irq/irq.c.obj
 .text.irq_is_enabled
                0x100005cc       0x18 CMakeFiles/example1.dir/D_/pico/pico-sdk/src/rp2_common/hardware_irq/irq.c.obj
                0x100005cc                irq_is_enabled
 .text.irq_set_mask_enabled
                0x100005e4       0x20 CMakeFiles/example1.dir/D_/pico/pico-sdk/src/rp2_common/hardware_irq/irq.c.obj
                0x100005e4                irq_set_mask_enabled
 .text.irq_set_enabled
                0x10000604        0xe CMakeFiles/example1.dir/D_/pico/pico-sdk/src/rp2_common/hardware_irq/irq.c.obj
                0x10000604                irq_set_enabled
 *fill*         0x10000612        0x2 
 .text.irq_set_pending
                0x10000614       0x10 CMakeFiles/example1.dir/D_/pico/pico-sdk/src/rp2_common/hardware_irq/irq.c.obj
                0x10000614                irq_set_pending
 .text.irq_get_vtable_handler
                0x10000624       0x10 CMakeFiles/example1.dir/D_/pico/pico-sdk/src/rp2_common/hardware_irq/irq.c.obj
                0x10000624                irq_get_vtable_handler
 .text.irq_has_shared_handler
                0x10000634       0x24 CMakeFiles/example1.dir/D_/pico/pico-sdk/src/rp2_common/hardware_irq/irq.c.obj
                0x10000634                irq_has_shared_handler
 .text.irq_set_exclusive_handler
                0x10000658       0x54 CMakeFiles/example1.dir/D_/pico/pico-sdk/src/rp2_common/hardware_irq/irq.c.obj
                0x10000658                irq_set_exclusive_handler
 .text.irq_add_shared_handler
                0x100006ac      0x230 CMakeFiles/example1.dir/D_/pico/pico-sdk/src/rp2_common/hardware_irq/irq.c.obj
                0x100006ac                irq_add_shared_handler
 .text.irq_remove_handler
                0x100008dc      0x1a8 CMakeFiles/example1.dir/D_/pico/pico-sdk/src/rp2_common/hardware_irq/irq.c.obj
                0x100008dc                irq_remove_handler
 .text.irq_set_priority
                0x10000a84       0x28 CMakeFiles/example1.dir/D_/pico/pico-sdk/src/rp2_common/hardware_irq/irq.c.obj
                0x10000a84                irq_set_priority
 .text.irq_add_tail_to_free_list
                0x10000aac       0xf0 CMakeFiles/example1.dir/D_/pico/pico-sdk/src/rp2_common/hardware_irq/irq.c.obj
                0x10000aac                irq_add_tail_to_free_list
 .text.irq_init_priorities
                0x10000b9c       0x1c CMakeFiles/example1.dir/D_/pico/pico-sdk/src/rp2_common/hardware_irq/irq.c.obj
                0x10000b9c                irq_init_priorities
 .text.user_irq_claim_unused
                0x10000bb8       0x30 CMakeFiles/example1.dir/D_/pico/pico-sdk/src/rp2_common/hardware_irq/irq.c.obj
                0x10000bb8                user_irq_claim_unused
 .text.lock_init
                0x10000be8       0x10 CMakeFiles/example1.dir/D_/pico/pico-sdk/src/common/pico_sync/lock_core.c.obj
                0x10000be8                lock_init
 .text.alarm_pool_post_alloc_init
                0x10000bf8       0x40 CMakeFiles/example1.dir/D_/pico/pico-sdk/src/common/pico_time/time.c.obj
 .text.sleep_until_callback
                0x10000c38       0x28 CMakeFiles/example1.dir/D_/pico/pico-sdk/src/common/pico_time/time.c.obj
 .text.timer_pool_entry_comparator
                0x10000c60       0x7c CMakeFiles/example1.dir/D_/pico/pico-sdk/src/common/pico_time/time.c.obj
                0x10000c60                timer_pool_entry_comparator
 .text.ph_add_child_node
                0x10000cdc       0xa4 CMakeFiles/example1.dir/D_/pico/pico-sdk/src/common/pico_time/time.c.obj
 .text.ph_merge_nodes
                0x10000d80       0x3e CMakeFiles/example1.dir/D_/pico/pico-sdk/src/common/pico_time/time.c.obj
 *fill*         0x10000dbe        0x2 
 .text.add_alarm_under_lock
                0x10000dc0      0x174 CMakeFiles/example1.dir/D_/pico/pico-sdk/src/common/pico_time/time.c.obj
 .text.alarm_pool_alarm_callback
                0x10000f34      0x328 CMakeFiles/example1.dir/D_/pico/pico-sdk/src/common/pico_time/time.c.obj
 .text.alarm_pool_init_default
                0x1000125c       0x38 CMakeFiles/example1.dir/D_/pico/pico-sdk/src/common/pico_time/time.c.obj
                0x1000125c                alarm_pool_init_default
 .text.alarm_pool_get_default
                0x10001294       0x2c CMakeFiles/example1.dir/D_/pico/pico-sdk/src/common/pico_time/time.c.obj
                0x10001294                alarm_pool_get_default
 .text.alarm_pool_add_alarm_at
                0x100012c0      0x170 CMakeFiles/example1.dir/D_/pico/pico-sdk/src/common/pico_time/time.c.obj
                0x100012c0                alarm_pool_add_alarm_at
 .text.alarm_pool_cancel_alarm
                0x10001430       0xf0 CMakeFiles/example1.dir/D_/pico/pico-sdk/src/common/pico_time/time.c.obj
                0x10001430                alarm_pool_cancel_alarm
 .text.best_effort_wfe_or_timeout
                0x10001520       0x80 CMakeFiles/example1.dir/D_/pico/pico-sdk/src/common/pico_time/time.c.obj
                0x10001520                best_effort_wfe_or_timeout
 .text.hardware_alarm_irq_handler
                0x100015a0       0x8c CMakeFiles/example1.dir/D_/pico/pico-sdk/src/rp2_common/hardware_timer/timer.c.obj
 .text.hardware_alarm_claim
                0x1000162c       0x18 CMakeFiles/example1.dir/D_/pico/pico-sdk/src/rp2_common/hardware_timer/timer.c.obj
                0x1000162c                hardware_alarm_claim
 .text.time_us_64
                0x10001644       0x18 CMakeFiles/example1.dir/D_/pico/pico-sdk/src/rp2_common/hardware_timer/timer.c.obj
                0x10001644                time_us_64
 .text.hardware_alarm_set_callback
                0x1000165c       0x90 CMakeFiles/example1.dir/D_/pico/pico-sdk/src/rp2_common/hardware_timer/timer.c.obj
                0x1000165c                hardware_alarm_set_callback
 .text.hardware_alarm_set_target
                0x100016ec       0xe8 CMakeFiles/example1.dir/D_/pico/pico-sdk/src/rp2_common/hardware_timer/timer.c.obj
                0x100016ec                hardware_alarm_set_target
 .text.hardware_alarm_cancel
                0x100017d4       0x40 CMakeFiles/example1.dir/D_/pico/pico-sdk/src/rp2_common/hardware_timer/timer.c.obj
                0x100017d4                hardware_alarm_cancel
 .text.ph_add_child_node
                0x10001814       0xa4 CMakeFiles/example1.dir/D_/pico/pico-sdk/src/common/pico_util/pheap.c.obj
 .text.ph_merge_nodes
                0x100018b8       0x3e CMakeFiles/example1.dir/D_/pico/pico-sdk/src/common/pico_util/pheap.c.obj
 *fill*         0x100018f6        0x2 
 .text.ph_clear
                0x100018f8       0x70 CMakeFiles/example1.dir/D_/pico/pico-sdk/src/common/pico_util/pheap.c.obj
                0x100018f8                ph_clear
 .text.ph_post_alloc_init
                0x10001968        0xe CMakeFiles/example1.dir/D_/pico/pico-sdk/src/common/pico_util/pheap.c.obj
                0x10001968                ph_post_alloc_init
 *fill*         0x10001976        0x2 
 .text.ph_merge_two_pass
                0x10001978       0xa8 CMakeFiles/example1.dir/D_/pico/pico-sdk/src/common/pico_util/pheap.c.obj
                0x10001978                ph_merge_two_pass
 .text.ph_remove_any_head
                0x10001a20      0x108 CMakeFiles/example1.dir/D_/pico/pico-sdk/src/common/pico_util/pheap.c.obj
 .text.ph_remove_head
                0x10001b28       0x14 CMakeFiles/example1.dir/D_/pico/pico-sdk/src/common/pico_util/pheap.c.obj
                0x10001b28                ph_remove_head
 .text.ph_remove_and_free_node
                0x10001b3c       0xf8 CMakeFiles/example1.dir/D_/pico/pico-sdk/src/common/pico_util/pheap.c.obj
                0x10001b3c                ph_remove_and_free_node
 .text.mutex_init
                0x10001c34       0x1c CMakeFiles/example1.dir/D_/pico/pico-sdk/src/common/pico_sync/mutex.c.obj
                0x10001c34                mutex_init
 .text.recursive_mutex_init
                0x10001c50       0x20 CMakeFiles/example1.dir/D_/pico/pico-sdk/src/common/pico_sync/mutex.c.obj
                0x10001c50                recursive_mutex_init
 .text.critical_section_init_with_lock_num
                0x10001c70       0x14 CMakeFiles/example1.dir/D_/pico/pico-sdk/src/common/pico_sync/critical_section.c.obj
                0x10001c70                critical_section_init_with_lock_num
 .text.critical_section_init
                0x10001c84       0x14 CMakeFiles/example1.dir/D_/pico/pico-sdk/src/common/pico_sync/critical_section.c.obj
                0x10001c84                critical_section_init
 .text._exit    0x10001c98        0x4 CMakeFiles/example1.dir/D_/pico/pico-sdk/src/rp2_common/pico_runtime/runtime.c.obj
                0x10001c98                _exit
 .text.exit     0x10001c9c        0x6 CMakeFiles/example1.dir/D_/pico/pico-sdk/src/rp2_common/pico_runtime/runtime.c.obj
                0x10001c9c                exit
 *fill*         0x10001ca2        0x2 
 .text.__assert_func
                0x10001ca4       0x3c CMakeFiles/example1.dir/D_/pico/pico-sdk/src/rp2_common/pico_runtime/runtime.c.obj
                0x10001ca4                __assert_func
 .text.runtime_init
                0x10001ce0       0xf8 CMakeFiles/example1.dir/D_/pico/pico-sdk/src/rp2_common/pico_runtime/runtime.c.obj
                0x10001ce0                runtime_init
 .text.panic    0x10001dd8       0x30 CMakeFiles/example1.dir/D_/pico/pico-sdk/src/rp2_common/pico_runtime/runtime.c.obj
                0x10001dd8                panic
 .text.panic_unsupported
                0x10001e08        0xc CMakeFiles/example1.dir/D_/pico/pico-sdk/src/rp2_common/pico_runtime/runtime.c.obj
                0x10001e08                panic_unsupported
 .text.clock_configure
                0x10001e14      0x104 CMakeFiles/example1.dir/D_/pico/pico-sdk/src/rp2_common/hardware_clocks/clocks.c.obj
                0x10001e14                clock_configure
 .text.clocks_init
                0x10001f18      0x100 CMakeFiles/example1.dir/D_/pico/pico-sdk/src/rp2_common/hardware_clocks/clocks.c.obj
                0x10001f18                clocks_init
 .text.clock_get_hz
                0x10002018        0xc CMakeFiles/example1.dir/D_/pico/pico-sdk/src/rp2_common/hardware_clocks/clocks.c.obj
                0x10002018                clock_get_hz
 .text.pll_init
                0x10002024      0x140 CMakeFiles/example1.dir/D_/pico/pico-sdk/src/rp2_common/hardware_pll/pll.c.obj
                0x10002024                pll_init
 .text.watchdog_start_tick
                0x10002164       0x10 CMakeFiles/example1.dir/D_/pico/pico-sdk/src/rp2_common/hardware_watchdog/watchdog.c.obj
                0x10002164                watchdog_start_tick
 .text.watchdog_update
                0x10002174       0x14 CMakeFiles/example1.dir/D_/pico/pico-sdk/src/rp2_common/hardware_watchdog/watchdog.c.obj
                0x10002174                watchdog_update
 .text._watchdog_enable
                0x10002188       0x78 CMakeFiles/example1.dir/D_/pico/pico-sdk/src/rp2_common/hardware_watchdog/watchdog.c.obj
                0x10002188                _watchdog_enable
 .text.watchdog_reboot
                0x10002200       0x48 CMakeFiles/example1.dir/D_/pico/pico-sdk/src/rp2_common/hardware_watchdog/watchdog.c.obj
                0x10002200                watchdog_reboot
 .text.xosc_init
                0x10002248       0x28 CMakeFiles/example1.dir/D_/pico/pico-sdk/src/rp2_common/hardware_xosc/xosc.c.obj
                0x10002248                xosc_init
 .text._out_null
                0x10002270        0x2 CMakeFiles/example1.dir/D_/pico/pico-sdk/src/rp2_common/pico_printf/printf.c.obj
 .text._out_fct
                0x10002272        0xe CMakeFiles/example1.dir/D_/pico/pico-sdk/src/rp2_common/pico_printf/printf.c.obj
 .text._atoi    0x10002280       0x24 CMakeFiles/example1.dir/D_/pico/pico-sdk/src/rp2_common/pico_printf/printf.c.obj
 .text._out_rev
                0x100022a4       0xae CMakeFiles/example1.dir/D_/pico/pico-sdk/src/rp2_common/pico_printf/printf.c.obj
 .text._ntoa_format
                0x10002352      0x112 CMakeFiles/example1.dir/D_/pico/pico-sdk/src/rp2_common/pico_printf/printf.c.obj
 .text._ntoa_long
                0x10002464       0xbc CMakeFiles/example1.dir/D_/pico/pico-sdk/src/rp2_common/pico_printf/printf.c.obj
 .text._ntoa_long_long
                0x10002520       0xe2 CMakeFiles/example1.dir/D_/pico/pico-sdk/src/rp2_common/pico_printf/printf.c.obj
 *fill*         0x10002602        0x2 
 .text._etoa    0x10002604      0x414 CMakeFiles/example1.dir/D_/pico/pico-sdk/src/rp2_common/pico_printf/printf.c.obj
 .text._ftoa    0x10002a18      0x354 CMakeFiles/example1.dir/D_/pico/pico-sdk/src/rp2_common/pico_printf/printf.c.obj
 .text._vsnprintf
                0x10002d6c      0x624 CMakeFiles/example1.dir/D_/pico/pico-sdk/src/rp2_common/pico_printf/printf.c.obj
 .text.vfctprintf
                0x10003390       0x20 CMakeFiles/example1.dir/D_/pico/pico-sdk/src/rp2_common/pico_printf/printf.c.obj
                0x10003390                vfctprintf
 .text          0x100033b0       0x10 CMakeFiles/example1.dir/D_/pico/pico-sdk/src/rp2_common/pico_bit_ops/bit_ops_aeabi.S.obj
 .text.rom_func_lookup
                0x100033c0       0x10 CMakeFiles/example1.dir/D_/pico/pico-sdk/src/rp2_common/pico_bootrom/bootrom.c.obj
                0x100033c0                rom_func_lookup
 .text.rom_data_lookup
                0x100033d0       0x10 CMakeFiles/example1.dir/D_/pico/pico-sdk/src/rp2_common/pico_bootrom/bootrom.c.obj
                0x100033d0                rom_data_lookup
 .text.rom_funcs_lookup
                0x100033e0       0x36 CMakeFiles/example1.dir/D_/pico/pico-sdk/src/rp2_common/pico_bootrom/bootrom.c.obj
                0x100033e0                rom_funcs_lookup
 *fill*         0x10003416        0x2 
 .text.__wrap___aeabi_idiv
                0x10003418       0x50 CMakeFiles/example1.dir/D_/pico/pico-sdk/src/rp2_common/pico_divider/divider.S.obj
                0x10003418                __wrap___aeabi_idivmod
                0x10003418                divmod_s32s32
                0x10003418                div_s32s32
                0x10003418                __wrap___aeabi_idiv
                0x10003420                divmod_s32s32_unsafe
                0x1000344c                divmod_s32s32_savestate
 .text.__wrap___aeabi_uidiv
                0x10003468       0x4c CMakeFiles/example1.dir/D_/pico/pico-sdk/src/rp2_common/pico_divider/divider.S.obj
                0x10003468                __wrap___aeabi_uidiv
                0x10003468                __wrap___aeabi_uidivmod
                0x10003468                div_u32u32
                0x10003468                divmod_u32u32
                0x10003470                divmod_u32u32_unsafe
                0x10003498                divmod_u32u32_savestate
 .text.__wrap___aeabi_ldiv
                0x100034b4      0x434 CMakeFiles/example1.dir/D_/pico/pico-sdk/src/rp2_common/pico_divider/divider.S.obj
                0x100034b4                div_s64s64
                0x100034b4                divmod_s64s64
                0x100034b4                __wrap___aeabi_ldivmod
                0x100034ec                divmod_u64u64
                0x100034ec                div_u64u64
                0x100034ec                __wrap___aeabi_uldivmod
                0x100034fc                divmod_u64u64_savestate
                0x10003524                divmod_s64s64_unsafe
                0x100035ac                divmod_u64u64_unsafe
 .text.__wrap___aeabi_darithmetic
                0x100038e8       0x80 CMakeFiles/example1.dir/D_/pico/pico-sdk/src/rp2_common/pico_double/double_aeabi.S.obj
                0x100038e8                __wrap___aeabi_drsub
                0x100038ee                __wrap___aeabi_dsub
                0x10003900                __wrap___aeabi_dadd
                0x10003912                __wrap___aeabi_ddiv
                0x1000394e                __wrap___aeabi_dmul
 .text.__wrap___aeabi_cdcmple
                0x10003968       0x6c CMakeFiles/example1.dir/D_/pico/pico-sdk/src/rp2_common/pico_double/double_aeabi.S.obj
                0x10003968                __wrap___aeabi_cdrcmple
                0x10003978                __wrap___aeabi_cdcmpeq
                0x10003978                __wrap___aeabi_cdcmple
 .text.__wrap___aeabi_dcmplt
                0x100039d4        0xc CMakeFiles/example1.dir/D_/pico/pico-sdk/src/rp2_common/pico_double/double_aeabi.S.obj
                0x100039d4                __wrap___aeabi_dcmplt
 .text.__wrap___aeabi_dcmple
                0x100039e0       0x10 CMakeFiles/example1.dir/D_/pico/pico-sdk/src/rp2_common/pico_double/double_aeabi.S.obj
                0x100039e0                __wrap___aeabi_dcmple
 .text.__wrap___aeabi_dcmpge
                0x100039f0       0x10 CMakeFiles/example1.dir/D_/pico/pico-sdk/src/rp2_common/pico_double/double_aeabi.S.obj
                0x100039f0                __wrap___aeabi_dcmpge
 .text.__wrap___aeabi_dcmpgt
                0x10003a00        0xa CMakeFiles/example1.dir/D_/pico/pico-sdk/src/rp2_common/pico_double/double_aeabi.S.obj
                0x10003a00                __wrap___aeabi_dcmpgt
 .text.__wrap___aeabi_dcmpun
                0x10003a0a       0x1c CMakeFiles/example1.dir/D_/pico/pico-sdk/src/rp2_common/pico_double/double_aeabi.S.obj
                0x10003a0a                __wrap___aeabi_dcmpun
 *fill*         0x10003a26        0x2 
 .text.__wrap___aeabi_i2d
                0x10003a28       0x38 CMakeFiles/example1.dir/D_/pico/pico-sdk/src/rp2_common/pico_double/double_aeabi.S.obj
                0x10003a28                __wrap___aeabi_ui2d
                0x10003a30                __wrap___aeabi_i2d
 .text.__wrap___aeabi_d2iz
                0x10003a60       0x48 CMakeFiles/example1.dir/D_/pico/pico-sdk/src/rp2_common/pico_double/double_aeabi.S.obj
                0x10003a60                double2int_z
                0x10003a60                __wrap___aeabi_d2iz
 .text.__wrap___aeabi_d2uiz
                0x10003aa8       0x18 CMakeFiles/example1.dir/D_/pico/pico-sdk/src/rp2_common/pico_double/double_aeabi.S.obj
                0x10003aa8                __wrap___aeabi_d2uiz
                0x10003aa8                double2uint
 .text.__aeabi_double_init
                0x10003ac0       0xc8 CMakeFiles/example1.dir/D_/pico/pico-sdk/src/rp2_common/pico_double/double_init_rom.c.obj
                0x10003ac0                __aeabi_double_init
 .text.double_table_shim_on_use_helper
                0x10003b88       0x34 CMakeFiles/example1.dir/D_/pico/pico-sdk/src/rp2_common/pico_double/double_v1_rom_shim.S.obj
                0x10003b88                double_table_shim_on_use_helper
 .text.__wrap___aeabi_dsub
                0x10003bbc       0x10 CMakeFiles/example1.dir/D_/pico/pico-sdk/src/rp2_common/pico_double/double_v1_rom_shim.S.obj
                0x10003bbc                drsub_shim
                0x10003bc2                dsub_shim
 .text.dadd_shim
                0x10003bcc      0x15c CMakeFiles/example1.dir/D_/pico/pico-sdk/src/rp2_common/pico_double/double_v1_rom_shim.S.obj
                0x10003bcc                dadd_shim
 .text.dmul_shim
                0x10003d28      0x15c CMakeFiles/example1.dir/D_/pico/pico-sdk/src/rp2_common/pico_double/double_v1_rom_shim.S.obj
                0x10003d28                dmul_shim
 .text.ddiv_shim
                0x10003e84      0x1b0 CMakeFiles/example1.dir/D_/pico/pico-sdk/src/rp2_common/pico_double/double_v1_rom_shim.S.obj
                0x10003e84                ddiv_shim
 .text.double2uint_shim
                0x10004034        0xe CMakeFiles/example1.dir/D_/pico/pico-sdk/src/rp2_common/pico_double/double_v1_rom_shim.S.obj
                0x10004034                double2uint_shim
                0x10004036                double2ufix_shim
 *fill*         0x10004042        0x2 
 .text.double2uint64_shim
                0x10004044       0x70 CMakeFiles/example1.dir/D_/pico/pico-sdk/src/rp2_common/pico_double/double_v1_rom_shim.S.obj
                0x10004044                double2uint64_shim
                0x10004046                double2ufix64_shim
                0x10004066                d2fix_a
 .text.dunpacks
                0x100040b4       0x3c CMakeFiles/example1.dir/D_/pico/pico-sdk/src/rp2_common/pico_double/double_v1_rom_shim.S.obj
                0x100040b4                dunpacks
 .text.__aeabi_lmul
                0x100040f0       0x32 CMakeFiles/example1.dir/D_/pico/pico-sdk/src/rp2_common/pico_int64_ops/pico_int64_ops_aeabi.S.obj
                0x100040f0                __wrap___aeabi_lmul
 *fill*         0x10004122        0x2 
 .text.__aeabi_float_init
                0x10004124       0xfc CMakeFiles/example1.dir/D_/pico/pico-sdk/src/rp2_common/pico_float/float_init_rom.c.obj
                0x10004124                __aeabi_float_init
 .text.float_table_shim_on_use_helper
                0x10004220       0x34 CMakeFiles/example1.dir/D_/pico/pico-sdk/src/rp2_common/pico_float/float_v1_rom_shim.S.obj
                0x10004220                float_table_shim_on_use_helper
 .text          0x10004254       0x10 CMakeFiles/example1.dir/D_/pico/pico-sdk/src/rp2_common/pico_mem_ops/mem_ops_aeabi.S.obj
                0x10004254                __aeabi_mem_init
 .text.memset   0x10004264        0xc CMakeFiles/example1.dir/D_/pico/pico-sdk/src/rp2_common/pico_mem_ops/mem_ops_aeabi.S.obj
                0x10004264                __wrap_memset
 .text.memcpy   0x10004270        0xc CMakeFiles/example1.dir/D_/pico/pico-sdk/src/rp2_common/pico_mem_ops/mem_ops_aeabi.S.obj
                0x10004270                __wrap_memcpy
                0x10004270                __wrap___aeabi_memcpy
 .text.stdio_out_chars_no_crlf
                0x1000427c        0xe CMakeFiles/example1.dir/D_/pico/pico-sdk/src/rp2_common/pico_stdio/stdio.c.obj
 *fill*         0x1000428a        0x2 
 .text.stdio_out_chars_crlf
                0x1000428c       0x80 CMakeFiles/example1.dir/D_/pico/pico-sdk/src/rp2_common/pico_stdio/stdio.c.obj
 .text.stdio_stack_buffer_flush
                0x1000430c       0x44 CMakeFiles/example1.dir/D_/pico/pico-sdk/src/rp2_common/pico_stdio/stdio.c.obj
 .text.stdio_buffered_printer
                0x10004350       0x20 CMakeFiles/example1.dir/D_/pico/pico-sdk/src/rp2_common/pico_stdio/stdio.c.obj
 .text.stdout_serialize_begin
                0x10004370       0x2c CMakeFiles/example1.dir/D_/pico/pico-sdk/src/rp2_common/pico_stdio/stdio.c.obj
                0x10004370                stdout_serialize_begin
 .text.stdout_serialize_end
                0x1000439c       0x10 CMakeFiles/example1.dir/D_/pico/pico-sdk/src/rp2_common/pico_stdio/stdio.c.obj
                0x1000439c                stdout_serialize_end
 .text.stdio_put_string
                0x100043ac       0x98 CMakeFiles/example1.dir/D_/pico/pico-sdk/src/rp2_common/pico_stdio/stdio.c.obj
 .text.stdio_set_driver_enabled
                0x10004444       0x2c CMakeFiles/example1.dir/D_/pico/pico-sdk/src/rp2_common/pico_stdio/stdio.c.obj
                0x10004444                stdio_set_driver_enabled
 .text.stdio_flush
                0x10004470       0x20 CMakeFiles/example1.dir/D_/pico/pico-sdk/src/rp2_common/pico_stdio/stdio.c.obj
                0x10004470                stdio_flush
 .text.__wrap_puts
                0x10004490       0x1e CMakeFiles/example1.dir/D_/pico/pico-sdk/src/rp2_common/pico_stdio/stdio.c.obj
                0x10004490                __wrap_puts
 *fill*         0x100044ae        0x2 
 .text.__wrap_vprintf
                0x100044b0       0x44 CMakeFiles/example1.dir/D_/pico/pico-sdk/src/rp2_common/pico_stdio/stdio.c.obj
                0x100044b0                __wrap_vprintf
 .text.__wrap_printf
                0x100044f4       0x18 CMakeFiles/example1.dir/D_/pico/pico-sdk/src/rp2_common/pico_stdio/stdio.c.obj
                0x100044f4                __wrap_printf
 .text.stdio_init_all
                0x1000450c        0x8 CMakeFiles/example1.dir/D_/pico/pico-sdk/src/rp2_common/pico_stdio/stdio.c.obj
                0x1000450c                stdio_init_all
 .text.resetd_init
                0x10004514        0x2 CMakeFiles/example1.dir/D_/pico/pico-sdk/src/rp2_common/pico_stdio_usb/reset_interface.c.obj
 *fill*         0x10004516        0x2 
 .text.resetd_reset
                0x10004518        0xc CMakeFiles/example1.dir/D_/pico/pico-sdk/src/rp2_common/pico_stdio_usb/reset_interface.c.obj
 .text.resetd_open
                0x10004524       0x34 CMakeFiles/example1.dir/D_/pico/pico-sdk/src/rp2_common/pico_stdio_usb/reset_interface.c.obj
 .text.resetd_xfer_cb
                0x10004558        0x4 CMakeFiles/example1.dir/D_/pico/pico-sdk/src/rp2_common/pico_stdio_usb/reset_interface.c.obj
 .text.reset_usb_boot
                0x1000455c       0x18 CMakeFiles/example1.dir/D_/pico/pico-sdk/src/rp2_common/pico_stdio_usb/reset_interface.c.obj
 .text.resetd_control_xfer_cb
                0x10004574       0x5c CMakeFiles/example1.dir/D_/pico/pico-sdk/src/rp2_common/pico_stdio_usb/reset_interface.c.obj
 .text.usbd_app_driver_get_cb
                0x100045d0        0xc CMakeFiles/example1.dir/D_/pico/pico-sdk/src/rp2_common/pico_stdio_usb/reset_interface.c.obj
                0x100045d0                usbd_app_driver_get_cb
 .text.tud_cdc_line_coding_cb
                0x100045dc       0x28 CMakeFiles/example1.dir/D_/pico/pico-sdk/src/rp2_common/pico_stdio_usb/reset_interface.c.obj
                0x100045dc                tud_cdc_line_coding_cb
 .text.stdio_usb_in_chars
                0x10004604       0x70 CMakeFiles/example1.dir/D_/pico/pico-sdk/src/rp2_common/pico_stdio_usb/stdio_usb.c.obj
                0x10004604                stdio_usb_in_chars
 .text.low_priority_worker_irq
                0x10004674       0x20 CMakeFiles/example1.dir/D_/pico/pico-sdk/src/rp2_common/pico_stdio_usb/stdio_usb.c.obj
 .text.stdio_usb_out_chars
                0x10004694       0xd4 CMakeFiles/example1.dir/D_/pico/pico-sdk/src/rp2_common/pico_stdio_usb/stdio_usb.c.obj
 .text.timer_task
                0x10004768       0x40 CMakeFiles/example1.dir/D_/pico/pico-sdk/src/rp2_common/pico_stdio_usb/stdio_usb.c.obj
 .text.usb_irq  0x100047a8       0x10 CMakeFiles/example1.dir/D_/pico/pico-sdk/src/rp2_common/pico_stdio_usb/stdio_usb.c.obj
 .text.stdio_usb_init
                0x100047b8       0xec CMakeFiles/example1.dir/D_/pico/pico-sdk/src/rp2_common/pico_stdio_usb/stdio_usb.c.obj
                0x100047b8                stdio_usb_init
 .text.tud_descriptor_device_cb
                0x100048a4        0x8 CMakeFiles/example1.dir/D_/pico/pico-sdk/src/rp2_common/pico_stdio_usb/stdio_usb_descriptors.c.obj
                0x100048a4                tud_descriptor_device_cb
 .text.tud_descriptor_configuration_cb
                0x100048ac        0x8 CMakeFiles/example1.dir/D_/pico/pico-sdk/src/rp2_common/pico_stdio_usb/stdio_usb_descriptors.c.obj
                0x100048ac                tud_descriptor_configuration_cb
 .text.tud_descriptor_string_cb
                0x100048b4       0x6c CMakeFiles/example1.dir/D_/pico/pico-sdk/src/rp2_common/pico_stdio_usb/stdio_usb_descriptors.c.obj
                0x100048b4                tud_descriptor_string_cb
 .text.hw_endpoint_get_by_addr
                0x10004920       0x18 CMakeFiles/example1.dir/D_/pico/pico-sdk/lib/tinyusb/src/portable/raspberrypi/rp2040/dcd_rp2040.c.obj
 .text.reset_ep0_pid
                0x10004938       0x28 CMakeFiles/example1.dir/D_/pico/pico-sdk/lib/tinyusb/src/portable/raspberrypi/rp2040/dcd_rp2040.c.obj
 .text._hw_endpoint_alloc
                0x10004960       0x70 CMakeFiles/example1.dir/D_/pico/pico-sdk/lib/tinyusb/src/portable/raspberrypi/rp2040/dcd_rp2040.c.obj
 .text.hw_endpoint_init
                0x100049d0       0x88 CMakeFiles/example1.dir/D_/pico/pico-sdk/lib/tinyusb/src/portable/raspberrypi/rp2040/dcd_rp2040.c.obj
 .text.reset_non_control_endpoints
                0x10004a58       0x40 CMakeFiles/example1.dir/D_/pico/pico-sdk/lib/tinyusb/src/portable/raspberrypi/rp2040/dcd_rp2040.c.obj
 .text.hw_handle_buff_status
                0x10004a98       0x8c CMakeFiles/example1.dir/D_/pico/pico-sdk/lib/tinyusb/src/portable/raspberrypi/rp2040/dcd_rp2040.c.obj
 .text.dcd_rp2040_irq
                0x10004b24       0xc0 CMakeFiles/example1.dir/D_/pico/pico-sdk/lib/tinyusb/src/portable/raspberrypi/rp2040/dcd_rp2040.c.obj
 .text.hw_endpoint_xfer
                0x10004be4       0x14 CMakeFiles/example1.dir/D_/pico/pico-sdk/lib/tinyusb/src/portable/raspberrypi/rp2040/dcd_rp2040.c.obj
 .text.dcd_int_enable
                0x10004bf8       0x2c CMakeFiles/example1.dir/D_/pico/pico-sdk/lib/tinyusb/src/portable/raspberrypi/rp2040/dcd_rp2040.c.obj
                0x10004bf8                dcd_int_enable
 .text.dcd_set_address
                0x10004c24       0x2c CMakeFiles/example1.dir/D_/pico/pico-sdk/lib/tinyusb/src/portable/raspberrypi/rp2040/dcd_rp2040.c.obj
                0x10004c24                dcd_set_address
 .text.dcd_connect
                0x10004c50       0x10 CMakeFiles/example1.dir/D_/pico/pico-sdk/lib/tinyusb/src/portable/raspberrypi/rp2040/dcd_rp2040.c.obj
                0x10004c50                dcd_connect
 .text.dcd_init
                0x10004c60       0x7c CMakeFiles/example1.dir/D_/pico/pico-sdk/lib/tinyusb/src/portable/raspberrypi/rp2040/dcd_rp2040.c.obj
                0x10004c60                dcd_init
 .text.dcd_edpt0_status_complete
                0x10004cdc       0x1c CMakeFiles/example1.dir/D_/pico/pico-sdk/lib/tinyusb/src/portable/raspberrypi/rp2040/dcd_rp2040.c.obj
                0x10004cdc                dcd_edpt0_status_complete
 .text.dcd_edpt_open
                0x10004cf8       0x40 CMakeFiles/example1.dir/D_/pico/pico-sdk/lib/tinyusb/src/portable/raspberrypi/rp2040/dcd_rp2040.c.obj
                0x10004cf8                dcd_edpt_open
 .text.dcd_edpt_close_all
                0x10004d38        0x8 CMakeFiles/example1.dir/D_/pico/pico-sdk/lib/tinyusb/src/portable/raspberrypi/rp2040/dcd_rp2040.c.obj
                0x10004d38                dcd_edpt_close_all
 .text.dcd_edpt_xfer
                0x10004d40       0x30 CMakeFiles/example1.dir/D_/pico/pico-sdk/lib/tinyusb/src/portable/raspberrypi/rp2040/dcd_rp2040.c.obj
                0x10004d40                dcd_edpt_xfer
 .text.dcd_edpt_stall
                0x10004d70       0x2c CMakeFiles/example1.dir/D_/pico/pico-sdk/lib/tinyusb/src/portable/raspberrypi/rp2040/dcd_rp2040.c.obj
                0x10004d70                dcd_edpt_stall
 .text.dcd_edpt_clear_stall
                0x10004d9c       0x20 CMakeFiles/example1.dir/D_/pico/pico-sdk/lib/tinyusb/src/portable/raspberrypi/rp2040/dcd_rp2040.c.obj
                0x10004d9c                dcd_edpt_clear_stall
 .text.prepare_ep_buffer
                0x10004dbc       0x70 CMakeFiles/example1.dir/D_/pico/pico-sdk/lib/tinyusb/src/portable/raspberrypi/rp2040/rp2040_usb.c.obj
 .text.sync_ep_buffer
                0x10004e2c       0x7c CMakeFiles/example1.dir/D_/pico/pico-sdk/lib/tinyusb/src/portable/raspberrypi/rp2040/rp2040_usb.c.obj
 .text._hw_endpoint_xfer_sync
                0x10004ea8       0x28 CMakeFiles/example1.dir/D_/pico/pico-sdk/lib/tinyusb/src/portable/raspberrypi/rp2040/rp2040_usb.c.obj
 .text.rp2040_usb_init
                0x10004ed0       0x4c CMakeFiles/example1.dir/D_/pico/pico-sdk/lib/tinyusb/src/portable/raspberrypi/rp2040/rp2040_usb.c.obj
                0x10004ed0                rp2040_usb_init
 .text.hw_endpoint_reset_transfer
                0x10004f1c        0xc CMakeFiles/example1.dir/D_/pico/pico-sdk/lib/tinyusb/src/portable/raspberrypi/rp2040/rp2040_usb.c.obj
                0x10004f1c                hw_endpoint_reset_transfer
 .text._hw_endpoint_buffer_control_update32
                0x10004f28       0x58 CMakeFiles/example1.dir/D_/pico/pico-sdk/lib/tinyusb/src/portable/raspberrypi/rp2040/rp2040_usb.c.obj
                0x10004f28                _hw_endpoint_buffer_control_update32
 .text._hw_endpoint_start_next_buffer
                0x10004f80       0x74 CMakeFiles/example1.dir/D_/pico/pico-sdk/lib/tinyusb/src/portable/raspberrypi/rp2040/rp2040_usb.c.obj
 .text.hw_endpoint_xfer_start
                0x10004ff4       0x48 CMakeFiles/example1.dir/D_/pico/pico-sdk/lib/tinyusb/src/portable/raspberrypi/rp2040/rp2040_usb.c.obj
                0x10004ff4                hw_endpoint_xfer_start
 .text.hw_endpoint_xfer_continue
                0x1000503c       0x38 CMakeFiles/example1.dir/D_/pico/pico-sdk/lib/tinyusb/src/portable/raspberrypi/rp2040/rp2040_usb.c.obj
                0x1000503c                hw_endpoint_xfer_continue
 .text.configuration_reset
                0x10005074       0x84 CMakeFiles/example1.dir/D_/pico/pico-sdk/lib/tinyusb/src/device/usbd.c.obj
 .text.usbd_reset
                0x100050f8        0xc CMakeFiles/example1.dir/D_/pico/pico-sdk/lib/tinyusb/src/device/usbd.c.obj
 .text.invoke_class_control
                0x10005104       0x1a CMakeFiles/example1.dir/D_/pico/pico-sdk/lib/tinyusb/src/device/usbd.c.obj
 *fill*         0x1000511e        0x2 
 .text.process_set_config
                0x10005120      0x1b0 CMakeFiles/example1.dir/D_/pico/pico-sdk/lib/tinyusb/src/device/usbd.c.obj
 .text.process_get_descriptor
                0x100052d0       0xec CMakeFiles/example1.dir/D_/pico/pico-sdk/lib/tinyusb/src/device/usbd.c.obj
 .text.tud_mounted
                0x100053bc       0x10 CMakeFiles/example1.dir/D_/pico/pico-sdk/lib/tinyusb/src/device/usbd.c.obj
                0x100053bc                tud_mounted
 .text.tud_suspended
                0x100053cc       0x10 CMakeFiles/example1.dir/D_/pico/pico-sdk/lib/tinyusb/src/device/usbd.c.obj
                0x100053cc                tud_suspended
 .text.tud_inited
                0x100053dc        0xc CMakeFiles/example1.dir/D_/pico/pico-sdk/lib/tinyusb/src/device/usbd.c.obj
                0x100053dc                tud_inited
 .text.tud_init
                0x100053e8       0xcc CMakeFiles/example1.dir/D_/pico/pico-sdk/lib/tinyusb/src/device/usbd.c.obj
                0x100053e8                tud_init
 .text.dcd_event_handler
                0x100054b4      0x1e0 CMakeFiles/example1.dir/D_/pico/pico-sdk/lib/tinyusb/src/device/usbd.c.obj
                0x100054b4                dcd_event_handler
 .text.dcd_event_bus_signal
                0x10005694       0x26 CMakeFiles/example1.dir/D_/pico/pico-sdk/lib/tinyusb/src/device/usbd.c.obj
                0x10005694                dcd_event_bus_signal
 .text.dcd_event_bus_reset
                0x100056ba       0x2a CMakeFiles/example1.dir/D_/pico/pico-sdk/lib/tinyusb/src/device/usbd.c.obj
                0x100056ba                dcd_event_bus_reset
 .text.dcd_event_setup_received
                0x100056e4       0x34 CMakeFiles/example1.dir/D_/pico/pico-sdk/lib/tinyusb/src/device/usbd.c.obj
                0x100056e4                dcd_event_setup_received
 .text.dcd_event_xfer_complete
                0x10005718       0x44 CMakeFiles/example1.dir/D_/pico/pico-sdk/lib/tinyusb/src/device/usbd.c.obj
                0x10005718                dcd_event_xfer_complete
 .text.usbd_edpt_open
                0x1000575c       0x58 CMakeFiles/example1.dir/D_/pico/pico-sdk/lib/tinyusb/src/device/usbd.c.obj
                0x1000575c                usbd_edpt_open
 .text.usbd_open_edpt_pair
                0x100057b4       0x8c CMakeFiles/example1.dir/D_/pico/pico-sdk/lib/tinyusb/src/device/usbd.c.obj
                0x100057b4                usbd_open_edpt_pair
 .text.usbd_edpt_claim
                0x10005840       0x8c CMakeFiles/example1.dir/D_/pico/pico-sdk/lib/tinyusb/src/device/usbd.c.obj
                0x10005840                usbd_edpt_claim
 .text.usbd_edpt_release
                0x100058cc       0x68 CMakeFiles/example1.dir/D_/pico/pico-sdk/lib/tinyusb/src/device/usbd.c.obj
                0x100058cc                usbd_edpt_release
 .text.usbd_edpt_xfer
                0x10005934       0x80 CMakeFiles/example1.dir/D_/pico/pico-sdk/lib/tinyusb/src/device/usbd.c.obj
                0x10005934                usbd_edpt_xfer
 .text.usbd_edpt_stall
                0x100059b4       0x40 CMakeFiles/example1.dir/D_/pico/pico-sdk/lib/tinyusb/src/device/usbd.c.obj
                0x100059b4                usbd_edpt_stall
 .text.usbd_edpt_clear_stall
                0x100059f4       0x40 CMakeFiles/example1.dir/D_/pico/pico-sdk/lib/tinyusb/src/device/usbd.c.obj
                0x100059f4                usbd_edpt_clear_stall
 .text.usbd_edpt_stalled
                0x10005a34       0x1c CMakeFiles/example1.dir/D_/pico/pico-sdk/lib/tinyusb/src/device/usbd.c.obj
                0x10005a34                usbd_edpt_stalled
 .text.process_control_request
                0x10005a50      0x3b8 CMakeFiles/example1.dir/D_/pico/pico-sdk/lib/tinyusb/src/device/usbd.c.obj
 .text.tud_task
                0x10005e08      0x218 CMakeFiles/example1.dir/D_/pico/pico-sdk/lib/tinyusb/src/device/usbd.c.obj
                0x10005e08                tud_task
 .text._data_stage_xact
                0x10006020       0x58 CMakeFiles/example1.dir/D_/pico/pico-sdk/lib/tinyusb/src/device/usbd_control.c.obj
 .text.tud_control_status
                0x10006078       0x38 CMakeFiles/example1.dir/D_/pico/pico-sdk/lib/tinyusb/src/device/usbd_control.c.obj
                0x10006078                tud_control_status
 .text.tud_control_xfer
                0x100060b0       0xa8 CMakeFiles/example1.dir/D_/pico/pico-sdk/lib/tinyusb/src/device/usbd_control.c.obj
                0x100060b0                tud_control_xfer
 .text.usbd_control_reset
                0x10006158       0x14 CMakeFiles/example1.dir/D_/pico/pico-sdk/lib/tinyusb/src/device/usbd_control.c.obj
                0x10006158                usbd_control_reset
 .text.usbd_control_set_complete_callback
                0x1000616c        0xc CMakeFiles/example1.dir/D_/pico/pico-sdk/lib/tinyusb/src/device/usbd_control.c.obj
                0x1000616c                usbd_control_set_complete_callback
 .text.usbd_control_set_request
                0x10006178       0x1c CMakeFiles/example1.dir/D_/pico/pico-sdk/lib/tinyusb/src/device/usbd_control.c.obj
                0x10006178                usbd_control_set_request
 .text.usbd_control_xfer_cb
                0x10006194       0xfc CMakeFiles/example1.dir/D_/pico/pico-sdk/lib/tinyusb/src/device/usbd_control.c.obj
                0x10006194                usbd_control_xfer_cb
 .text._prep_out_transaction
                0x10006290       0x46 CMakeFiles/example1.dir/D_/pico/pico-sdk/lib/tinyusb/src/class/cdc/cdc_device.c.obj
 *fill*         0x100062d6        0x2 
 .text.tud_cdc_n_connected
                0x100062d8       0x44 CMakeFiles/example1.dir/D_/pico/pico-sdk/lib/tinyusb/src/class/cdc/cdc_device.c.obj
                0x100062d8                tud_cdc_n_connected
 .text.tud_cdc_n_available
                0x1000631c       0x18 CMakeFiles/example1.dir/D_/pico/pico-sdk/lib/tinyusb/src/class/cdc/cdc_device.c.obj
                0x1000631c                tud_cdc_n_available
 .text.tud_cdc_n_read
                0x10006334       0x28 CMakeFiles/example1.dir/D_/pico/pico-sdk/lib/tinyusb/src/class/cdc/cdc_device.c.obj
                0x10006334                tud_cdc_n_read
 .text.tud_cdc_n_write_flush
                0x1000635c       0xcc CMakeFiles/example1.dir/D_/pico/pico-sdk/lib/tinyusb/src/class/cdc/cdc_device.c.obj
                0x1000635c                tud_cdc_n_write_flush
 .text.tud_cdc_n_write
                0x10006428       0x38 CMakeFiles/example1.dir/D_/pico/pico-sdk/lib/tinyusb/src/class/cdc/cdc_device.c.obj
                0x10006428                tud_cdc_n_write
 .text.tud_cdc_n_write_available
                0x10006460       0x1c CMakeFiles/example1.dir/D_/pico/pico-sdk/lib/tinyusb/src/class/cdc/cdc_device.c.obj
                0x10006460                tud_cdc_n_write_available
 .text.cdcd_init
                0x1000647c       0xbc CMakeFiles/example1.dir/D_/pico/pico-sdk/lib/tinyusb/src/class/cdc/cdc_device.c.obj
                0x1000647c                cdcd_init
 .text.cdcd_reset
                0x10006538       0x44 CMakeFiles/example1.dir/D_/pico/pico-sdk/lib/tinyusb/src/class/cdc/cdc_device.c.obj
                0x10006538                cdcd_reset
 .text.cdcd_open
                0x1000657c       0xf8 CMakeFiles/example1.dir/D_/pico/pico-sdk/lib/tinyusb/src/class/cdc/cdc_device.c.obj
                0x1000657c                cdcd_open
 .text.cdcd_control_xfer_cb
                0x10006674      0x134 CMakeFiles/example1.dir/D_/pico/pico-sdk/lib/tinyusb/src/class/cdc/cdc_device.c.obj
                0x10006674                cdcd_control_xfer_cb
 .text.cdcd_xfer_cb
                0x100067a8      0x144 CMakeFiles/example1.dir/D_/pico/pico-sdk/lib/tinyusb/src/class/cdc/cdc_device.c.obj
                0x100067a8                cdcd_xfer_cb
 .text.tusb_init
                0x100068ec       0x24 CMakeFiles/example1.dir/D_/pico/pico-sdk/lib/tinyusb/src/tusb.c.obj
                0x100068ec                tusb_init
 .text.tusb_inited
                0x10006910        0xe CMakeFiles/example1.dir/D_/pico/pico-sdk/lib/tinyusb/src/tusb.c.obj
                0x10006910                tusb_inited
 *fill*         0x1000691e        0x2 
 .text.tu_edpt_validate
                0x10006920       0xa8 CMakeFiles/example1.dir/D_/pico/pico-sdk/lib/tinyusb/src/tusb.c.obj
                0x10006920                tu_edpt_validate
 .text.tu_edpt_bind_driver
                0x100069c8       0x2a CMakeFiles/example1.dir/D_/pico/pico-sdk/lib/tinyusb/src/tusb.c.obj
                0x100069c8                tu_edpt_bind_driver
 .text.advance_pointer
                0x100069f2       0x18 CMakeFiles/example1.dir/D_/pico/pico-sdk/lib/tinyusb/src/common/tusb_fifo.c.obj
 .text.backward_pointer
                0x10006a0a       0x1e CMakeFiles/example1.dir/D_/pico/pico-sdk/lib/tinyusb/src/common/tusb_fifo.c.obj
 .text.get_relative_pointer
                0x10006a28       0x10 CMakeFiles/example1.dir/D_/pico/pico-sdk/lib/tinyusb/src/common/tusb_fifo.c.obj
 .text._tu_fifo_peek
                0x10006a38       0x50 CMakeFiles/example1.dir/D_/pico/pico-sdk/lib/tinyusb/src/common/tusb_fifo.c.obj
 .text._ff_pull_const_addr
                0x10006a88       0x4c CMakeFiles/example1.dir/D_/pico/pico-sdk/lib/tinyusb/src/common/tusb_fifo.c.obj
 .text._ff_pull_n
                0x10006ad4      0x10c CMakeFiles/example1.dir/D_/pico/pico-sdk/lib/tinyusb/src/common/tusb_fifo.c.obj
 .text._tu_fifo_peek_n
                0x10006be0       0x5e CMakeFiles/example1.dir/D_/pico/pico-sdk/lib/tinyusb/src/common/tusb_fifo.c.obj
 .text._tu_fifo_read_n
                0x10006c3e       0x4e CMakeFiles/example1.dir/D_/pico/pico-sdk/lib/tinyusb/src/common/tusb_fifo.c.obj
 .text._ff_push_const_addr
                0x10006c8c       0x40 CMakeFiles/example1.dir/D_/pico/pico-sdk/lib/tinyusb/src/common/tusb_fifo.c.obj
 .text._ff_push_n
                0x10006ccc      0x108 CMakeFiles/example1.dir/D_/pico/pico-sdk/lib/tinyusb/src/common/tusb_fifo.c.obj
 .text._tu_fifo_write_n
                0x10006dd4       0x9e CMakeFiles/example1.dir/D_/pico/pico-sdk/lib/tinyusb/src/common/tusb_fifo.c.obj
 .text.tu_fifo_config
                0x10006e72       0x72 CMakeFiles/example1.dir/D_/pico/pico-sdk/lib/tinyusb/src/common/tusb_fifo.c.obj
                0x10006e72                tu_fifo_config
 .text.tu_fifo_count
                0x10006ee4       0x26 CMakeFiles/example1.dir/D_/pico/pico-sdk/lib/tinyusb/src/common/tusb_fifo.c.obj
                0x10006ee4                tu_fifo_count
 .text.tu_fifo_empty
                0x10006f0a       0x10 CMakeFiles/example1.dir/D_/pico/pico-sdk/lib/tinyusb/src/common/tusb_fifo.c.obj
                0x10006f0a                tu_fifo_empty
 .text.tu_fifo_remaining
                0x10006f1a       0x20 CMakeFiles/example1.dir/D_/pico/pico-sdk/lib/tinyusb/src/common/tusb_fifo.c.obj
                0x10006f1a                tu_fifo_remaining
 .text.tu_fifo_read
                0x10006f3a       0x42 CMakeFiles/example1.dir/D_/pico/pico-sdk/lib/tinyusb/src/common/tusb_fifo.c.obj
                0x10006f3a                tu_fifo_read
 .text.tu_fifo_read_n
                0x10006f7c        0xa CMakeFiles/example1.dir/D_/pico/pico-sdk/lib/tinyusb/src/common/tusb_fifo.c.obj
                0x10006f7c                tu_fifo_read_n
 .text.tu_fifo_write
                0x10006f86       0x6c CMakeFiles/example1.dir/D_/pico/pico-sdk/lib/tinyusb/src/common/tusb_fifo.c.obj
                0x10006f86                tu_fifo_write
 .text.tu_fifo_write_n
                0x10006ff2        0xa CMakeFiles/example1.dir/D_/pico/pico-sdk/lib/tinyusb/src/common/tusb_fifo.c.obj
                0x10006ff2                tu_fifo_write_n
 .text.tu_fifo_clear
                0x10006ffc       0x4c CMakeFiles/example1.dir/D_/pico/pico-sdk/lib/tinyusb/src/common/tusb_fifo.c.obj
                0x10006ffc                tu_fifo_clear
 .text.tu_fifo_set_overwritable
                0x10007048       0x3c CMakeFiles/example1.dir/D_/pico/pico-sdk/lib/tinyusb/src/common/tusb_fifo.c.obj
                0x10007048                tu_fifo_set_overwritable
 .text._retrieve_unique_id_on_boot
                0x10007084       0x10 CMakeFiles/example1.dir/D_/pico/pico-sdk/src/rp2_common/pico_unique_id/unique_id.c.obj
 .text.pico_get_unique_board_id_string
                0x10007094       0x60 CMakeFiles/example1.dir/D_/pico/pico-sdk/src/rp2_common/pico_unique_id/unique_id.c.obj
                0x10007094                pico_get_unique_board_id_string
 .text.flash_get_unique_id
                0x100070f4       0x46 CMakeFiles/example1.dir/D_/pico/pico-sdk/src/rp2_common/hardware_flash/flash.c.obj
                0x100070f4                flash_get_unique_id
 .text.vPortSVCHandler
                0x1000713a        0x2 CMakeFiles/example1.dir/D_/pico/pico-FreeRTOS-SMP/Source/portable/ThirdParty/GCC/RP2040/port.c.obj
                0x1000713a                vPortSVCHandler
 .text.vPortStartFirstTask
                0x1000713c       0x28 CMakeFiles/example1.dir/D_/pico/pico-FreeRTOS-SMP/Source/portable/ThirdParty/GCC/RP2040/port.c.obj
 *fill*         0x10007164        0xc 
 .text.xPortPendSVHandler
                0x10007170       0x68 CMakeFiles/example1.dir/D_/pico/pico-FreeRTOS-SMP/Source/portable/ThirdParty/GCC/RP2040/port.c.obj
                0x10007170                xPortPendSVHandler
 .text.prvTaskExitError
                0x100071d8        0x6 CMakeFiles/example1.dir/D_/pico/pico-FreeRTOS-SMP/Source/portable/ThirdParty/GCC/RP2040/port.c.obj
 *fill*         0x100071de        0x2 
 .text.prvFIFOInterruptHandler
                0x100071e0       0x78 CMakeFiles/example1.dir/D_/pico/pico-FreeRTOS-SMP/Source/portable/ThirdParty/GCC/RP2040/port.c.obj
 .text.xPortSysTickHandler
                0x10007258       0x2c CMakeFiles/example1.dir/D_/pico/pico-FreeRTOS-SMP/Source/portable/ThirdParty/GCC/RP2040/port.c.obj
                0x10007258                xPortSysTickHandler
 .text.prvGetTicksToWaitBefore
                0x10007284       0x58 CMakeFiles/example1.dir/D_/pico/pico-FreeRTOS-SMP/Source/portable/ThirdParty/GCC/RP2040/port.c.obj
 .text.pxPortInitialiseStack
                0x100072dc       0x20 CMakeFiles/example1.dir/D_/pico/pico-FreeRTOS-SMP/Source/portable/ThirdParty/GCC/RP2040/port.c.obj
                0x100072dc                pxPortInitialiseStack
 .text.vPortYield
                0x100072fc       0x40 CMakeFiles/example1.dir/D_/pico/pico-FreeRTOS-SMP/Source/portable/ThirdParty/GCC/RP2040/port.c.obj
                0x100072fc                vPortYield
 .text.vPortEnableInterrupts
                0x1000733c       0x28 CMakeFiles/example1.dir/D_/pico/pico-FreeRTOS-SMP/Source/portable/ThirdParty/GCC/RP2040/port.c.obj
                0x1000733c                vPortEnableInterrupts
 .text.vYieldCore
                0x10007364       0x24 CMakeFiles/example1.dir/D_/pico/pico-FreeRTOS-SMP/Source/portable/ThirdParty/GCC/RP2040/port.c.obj
                0x10007364                vYieldCore
 .text.vPortSetupTimerInterrupt
                0x10007388       0x34 CMakeFiles/example1.dir/D_/pico/pico-FreeRTOS-SMP/Source/portable/ThirdParty/GCC/RP2040/port.c.obj
                0x10007388                vPortSetupTimerInterrupt
 .text.xPortStartSchedulerOnCore
                0x100073bc       0xac CMakeFiles/example1.dir/D_/pico/pico-FreeRTOS-SMP/Source/portable/ThirdParty/GCC/RP2040/port.c.obj
 .text.xPortStartScheduler
                0x10007468       0x44 CMakeFiles/example1.dir/D_/pico/pico-FreeRTOS-SMP/Source/portable/ThirdParty/GCC/RP2040/port.c.obj
                0x10007468                xPortStartScheduler
 .text.ulPortLockGetCurrentOwnerId
                0x100074ac       0x30 CMakeFiles/example1.dir/D_/pico/pico-FreeRTOS-SMP/Source/portable/ThirdParty/GCC/RP2040/port.c.obj
                0x100074ac                ulPortLockGetCurrentOwnerId
 .text.vPortLockInternalSpinUnlockWithWait
                0x100074dc       0xd8 CMakeFiles/example1.dir/D_/pico/pico-FreeRTOS-SMP/Source/portable/ThirdParty/GCC/RP2040/port.c.obj
                0x100074dc                vPortLockInternalSpinUnlockWithWait
 .text.vPortLockInternalSpinUnlockWithNotify
                0x100075b4       0xd0 CMakeFiles/example1.dir/D_/pico/pico-FreeRTOS-SMP/Source/portable/ThirdParty/GCC/RP2040/port.c.obj
                0x100075b4                vPortLockInternalSpinUnlockWithNotify
 .text.xPortLockInternalSpinUnlockWithBestEffortWaitOrTimeout
                0x10007684      0x130 CMakeFiles/example1.dir/D_/pico/pico-FreeRTOS-SMP/Source/portable/ThirdParty/GCC/RP2040/port.c.obj
                0x10007684                xPortLockInternalSpinUnlockWithBestEffortWaitOrTimeout
 .text.prvRuntimeInitializer
                0x100077b4       0x28 CMakeFiles/example1.dir/D_/pico/pico-FreeRTOS-SMP/Source/portable/ThirdParty/GCC/RP2040/port.c.obj
 .text.prvTestWaitCondition
                0x100077dc       0x1e CMakeFiles/example1.dir/D_/pico/pico-FreeRTOS-SMP/Source/event_groups.c.obj
 .text.xEventGroupCreate
                0x100077fa       0x18 CMakeFiles/example1.dir/D_/pico/pico-FreeRTOS-SMP/Source/event_groups.c.obj
                0x100077fa                xEventGroupCreate
 *fill*         0x10007812        0x2 
 .text.xEventGroupWaitBits
                0x10007814      0x124 CMakeFiles/example1.dir/D_/pico/pico-FreeRTOS-SMP/Source/event_groups.c.obj
                0x10007814                xEventGroupWaitBits
 .text.xEventGroupSetBits
                0x10007938       0x98 CMakeFiles/example1.dir/D_/pico/pico-FreeRTOS-SMP/Source/event_groups.c.obj
                0x10007938                xEventGroupSetBits
 .text.vEventGroupSetBitsCallback
                0x100079d0        0x8 CMakeFiles/example1.dir/D_/pico/pico-FreeRTOS-SMP/Source/event_groups.c.obj
                0x100079d0                vEventGroupSetBitsCallback
 .text.xEventGroupSetBitsFromISR
                0x100079d8       0x14 CMakeFiles/example1.dir/D_/pico/pico-FreeRTOS-SMP/Source/event_groups.c.obj
                0x100079d8                xEventGroupSetBitsFromISR
 .text.vListInitialise
                0x100079ec       0x16 CMakeFiles/example1.dir/D_/pico/pico-FreeRTOS-SMP/Source/list.c.obj
                0x100079ec                vListInitialise
 .text.vListInitialiseItem
                0x10007a02        0x6 CMakeFiles/example1.dir/D_/pico/pico-FreeRTOS-SMP/Source/list.c.obj
                0x10007a02                vListInitialiseItem
 .text.vListInsertEnd
                0x10007a08       0x16 CMakeFiles/example1.dir/D_/pico/pico-FreeRTOS-SMP/Source/list.c.obj
                0x10007a08                vListInsertEnd
 .text.vListInsert
                0x10007a1e       0x2e CMakeFiles/example1.dir/D_/pico/pico-FreeRTOS-SMP/Source/list.c.obj
                0x10007a1e                vListInsert
 .text.uxListRemove
                0x10007a4c       0x26 CMakeFiles/example1.dir/D_/pico/pico-FreeRTOS-SMP/Source/list.c.obj
                0x10007a4c                uxListRemove
 .text.prvIsQueueFull
                0x10007a72       0x1e CMakeFiles/example1.dir/D_/pico/pico-FreeRTOS-SMP/Source/queue.c.obj
 .text.prvIsQueueEmpty
                0x10007a90       0x1c CMakeFiles/example1.dir/D_/pico/pico-FreeRTOS-SMP/Source/queue.c.obj
 .text.prvCopyDataToQueue
                0x10007aac       0x82 CMakeFiles/example1.dir/D_/pico/pico-FreeRTOS-SMP/Source/queue.c.obj
 *fill*         0x10007b2e        0x2 
 .text.prvNotifyQueueSetContainer
                0x10007b30       0xa0 CMakeFiles/example1.dir/D_/pico/pico-FreeRTOS-SMP/Source/queue.c.obj
 .text.prvCopyDataFromQueue
                0x10007bd0       0x24 CMakeFiles/example1.dir/D_/pico/pico-FreeRTOS-SMP/Source/queue.c.obj
 .text.prvUnlockQueue
                0x10007bf4       0x88 CMakeFiles/example1.dir/D_/pico/pico-FreeRTOS-SMP/Source/queue.c.obj
 .text.xQueueGenericReset
                0x10007c7c       0x84 CMakeFiles/example1.dir/D_/pico/pico-FreeRTOS-SMP/Source/queue.c.obj
                0x10007c7c                xQueueGenericReset
 .text.prvInitialiseNewQueue
                0x10007d00       0x26 CMakeFiles/example1.dir/D_/pico/pico-FreeRTOS-SMP/Source/queue.c.obj
 *fill*         0x10007d26        0x2 
 .text.xQueueGenericCreate
                0x10007d28       0x88 CMakeFiles/example1.dir/D_/pico/pico-FreeRTOS-SMP/Source/queue.c.obj
                0x10007d28                xQueueGenericCreate
 .text.xQueueGenericSend
                0x10007db0      0x190 CMakeFiles/example1.dir/D_/pico/pico-FreeRTOS-SMP/Source/queue.c.obj
                0x10007db0                xQueueGenericSend
 .text.xQueueGenericSendFromISR
                0x10007f40      0x134 CMakeFiles/example1.dir/D_/pico/pico-FreeRTOS-SMP/Source/queue.c.obj
                0x10007f40                xQueueGenericSendFromISR
 .text.xQueueReceive
                0x10008074      0x150 CMakeFiles/example1.dir/D_/pico/pico-FreeRTOS-SMP/Source/queue.c.obj
                0x10008074                xQueueReceive
 .text.vQueueAddToRegistry
                0x100081c4       0x5c CMakeFiles/example1.dir/D_/pico/pico-FreeRTOS-SMP/Source/queue.c.obj
                0x100081c4                vQueueAddToRegistry
 .text.vQueueWaitForMessageRestricted
                0x10008220       0x50 CMakeFiles/example1.dir/D_/pico/pico-FreeRTOS-SMP/Source/queue.c.obj
                0x10008220                vQueueWaitForMessageRestricted
 .text.prvGetCurrentYieldPending
                0x10008270       0x14 CMakeFiles/example1.dir/D_/pico/pico-FreeRTOS-SMP/Source/tasks.c.obj
 .text.prvResetNextTaskUnblockTime
                0x10008284       0x2c CMakeFiles/example1.dir/D_/pico/pico-FreeRTOS-SMP/Source/tasks.c.obj
 .text.prvDeleteTCB
                0x100082b0       0x12 CMakeFiles/example1.dir/D_/pico/pico-FreeRTOS-SMP/Source/tasks.c.obj
 *fill*         0x100082c2        0x2 
 .text.prvInitialiseNewTask
                0x100082c4       0xe4 CMakeFiles/example1.dir/D_/pico/pico-FreeRTOS-SMP/Source/tasks.c.obj
 .text.prvSelectHighestPriorityTask
                0x100083a8      0x150 CMakeFiles/example1.dir/D_/pico/pico-FreeRTOS-SMP/Source/tasks.c.obj
 .text.prvInitialiseTaskLists
                0x100084f8       0x68 CMakeFiles/example1.dir/D_/pico/pico-FreeRTOS-SMP/Source/tasks.c.obj
 .text.prvYieldCore
                0x10008560       0x54 CMakeFiles/example1.dir/D_/pico/pico-FreeRTOS-SMP/Source/tasks.c.obj
 .text.xTaskGetTickCount
                0x100085b4        0xc CMakeFiles/example1.dir/D_/pico/pico-FreeRTOS-SMP/Source/tasks.c.obj
                0x100085b4                xTaskGetTickCount
 .text.vTaskInternalSetTimeOutState
                0x100085c0       0x18 CMakeFiles/example1.dir/D_/pico/pico-FreeRTOS-SMP/Source/tasks.c.obj
                0x100085c0                vTaskInternalSetTimeOutState
 .text.vTaskMissedYield
                0x100085d8        0xc CMakeFiles/example1.dir/D_/pico/pico-FreeRTOS-SMP/Source/tasks.c.obj
                0x100085d8                vTaskMissedYield
 .text.xTaskGetCurrentTaskHandle
                0x100085e4       0x14 CMakeFiles/example1.dir/D_/pico/pico-FreeRTOS-SMP/Source/tasks.c.obj
                0x100085e4                xTaskGetCurrentTaskHandle
 .text.prvYieldForTask
                0x100085f8       0x7c CMakeFiles/example1.dir/D_/pico/pico-FreeRTOS-SMP/Source/tasks.c.obj
 .text.xTaskRemoveFromEventList
                0x10008674       0x90 CMakeFiles/example1.dir/D_/pico/pico-FreeRTOS-SMP/Source/tasks.c.obj
                0x10008674                xTaskRemoveFromEventList
 .text.prvAddCurrentTaskToDelayedList
                0x10008704       0x84 CMakeFiles/example1.dir/D_/pico/pico-FreeRTOS-SMP/Source/tasks.c.obj
 .text.prvCheckForRunStateChange
                0x10008788      0x304 CMakeFiles/example1.dir/D_/pico/pico-FreeRTOS-SMP/Source/tasks.c.obj
 .text.vTaskSuspendAll
                0x10008a8c      0x17c CMakeFiles/example1.dir/D_/pico/pico-FreeRTOS-SMP/Source/tasks.c.obj
                0x10008a8c                vTaskSuspendAll
 .text.vTaskSwitchContext
                0x10008c08      0x230 CMakeFiles/example1.dir/D_/pico/pico-FreeRTOS-SMP/Source/tasks.c.obj
                0x10008c08                vTaskSwitchContext
 .text.vTaskPlaceOnEventList
                0x10008e38       0x40 CMakeFiles/example1.dir/D_/pico/pico-FreeRTOS-SMP/Source/tasks.c.obj
                0x10008e38                vTaskPlaceOnEventList
 .text.vTaskPlaceOnUnorderedEventList
                0x10008e78       0x6c CMakeFiles/example1.dir/D_/pico/pico-FreeRTOS-SMP/Source/tasks.c.obj
                0x10008e78                vTaskPlaceOnUnorderedEventList
 .text.vTaskPlaceOnEventListRestricted
                0x10008ee4       0x48 CMakeFiles/example1.dir/D_/pico/pico-FreeRTOS-SMP/Source/tasks.c.obj
                0x10008ee4                vTaskPlaceOnEventListRestricted
 .text.xTaskPriorityDisinherit
                0x10008f2c       0x9c CMakeFiles/example1.dir/D_/pico/pico-FreeRTOS-SMP/Source/tasks.c.obj
                0x10008f2c                xTaskPriorityDisinherit
 .text.vTaskYieldWithinAPI
                0x10008fc8       0x20 CMakeFiles/example1.dir/D_/pico/pico-FreeRTOS-SMP/Source/tasks.c.obj
                0x10008fc8                vTaskYieldWithinAPI
 .text.vTaskEnterCritical
                0x10008fe8      0x13c CMakeFiles/example1.dir/D_/pico/pico-FreeRTOS-SMP/Source/tasks.c.obj
                0x10008fe8                vTaskEnterCritical
 .text.vTaskExitCritical
                0x10009124      0x128 CMakeFiles/example1.dir/D_/pico/pico-FreeRTOS-SMP/Source/tasks.c.obj
                0x10009124                vTaskExitCritical
 .text.prvCheckTasksWaitingTermination
                0x1000924c       0x58 CMakeFiles/example1.dir/D_/pico/pico-FreeRTOS-SMP/Source/tasks.c.obj
 .text.prvIdleTask
                0x100092a4       0x1c CMakeFiles/example1.dir/D_/pico/pico-FreeRTOS-SMP/Source/tasks.c.obj
 .text.prvAddNewTaskToReadyList
                0x100092c0       0x9c CMakeFiles/example1.dir/D_/pico/pico-FreeRTOS-SMP/Source/tasks.c.obj
 .text.xTaskCreate
                0x1000935c       0x60 CMakeFiles/example1.dir/D_/pico/pico-FreeRTOS-SMP/Source/tasks.c.obj
                0x1000935c                xTaskCreate
 .text.prvCreateIdleTasks
                0x100093bc       0x70 CMakeFiles/example1.dir/D_/pico/pico-FreeRTOS-SMP/Source/tasks.c.obj
 .text.vTaskStartScheduler
                0x1000942c       0x64 CMakeFiles/example1.dir/D_/pico/pico-FreeRTOS-SMP/Source/tasks.c.obj
                0x1000942c                vTaskStartScheduler
 .text.xTaskIncrementTick
                0x10009490      0x190 CMakeFiles/example1.dir/D_/pico/pico-FreeRTOS-SMP/Source/tasks.c.obj
                0x10009490                xTaskIncrementTick
 .text.xTaskResumeAll
                0x10009620      0x160 CMakeFiles/example1.dir/D_/pico/pico-FreeRTOS-SMP/Source/tasks.c.obj
                0x10009620                xTaskResumeAll
 .text.vTaskDelay
                0x10009780       0x48 CMakeFiles/example1.dir/D_/pico/pico-FreeRTOS-SMP/Source/tasks.c.obj
                0x10009780                vTaskDelay
 .text.vTaskRemoveFromUnorderedEventList
                0x100097c8       0x90 CMakeFiles/example1.dir/D_/pico/pico-FreeRTOS-SMP/Source/tasks.c.obj
                0x100097c8                vTaskRemoveFromUnorderedEventList
 .text.xTaskCheckForTimeOut
                0x10009858       0xbc CMakeFiles/example1.dir/D_/pico/pico-FreeRTOS-SMP/Source/tasks.c.obj
                0x10009858                xTaskCheckForTimeOut
 .text.xTaskGetSchedulerState
                0x10009914       0x30 CMakeFiles/example1.dir/D_/pico/pico-FreeRTOS-SMP/Source/tasks.c.obj
                0x10009914                xTaskGetSchedulerState
 .text.uxTaskResetEventItemValue
                0x10009944       0x1c CMakeFiles/example1.dir/D_/pico/pico-FreeRTOS-SMP/Source/tasks.c.obj
                0x10009944                uxTaskResetEventItemValue
 .text.prvGetNextExpireTime
                0x10009960       0x24 CMakeFiles/example1.dir/D_/pico/pico-FreeRTOS-SMP/Source/timers.c.obj
 .text.prvInsertTimerInActiveList
                0x10009984       0x48 CMakeFiles/example1.dir/D_/pico/pico-FreeRTOS-SMP/Source/timers.c.obj
 .text.prvCheckForValidListAndQueue
                0x100099cc       0x60 CMakeFiles/example1.dir/D_/pico/pico-FreeRTOS-SMP/Source/timers.c.obj
 .text.xTimerCreateTimerTask
                0x10009a2c       0x58 CMakeFiles/example1.dir/D_/pico/pico-FreeRTOS-SMP/Source/timers.c.obj
                0x10009a2c                xTimerCreateTimerTask
 .text.xTimerGenericCommandFromTask
                0x10009a84       0x78 CMakeFiles/example1.dir/D_/pico/pico-FreeRTOS-SMP/Source/timers.c.obj
                0x10009a84                xTimerGenericCommandFromTask
 .text.prvSwitchTimerLists
                0x10009afc       0x88 CMakeFiles/example1.dir/D_/pico/pico-FreeRTOS-SMP/Source/timers.c.obj
 .text.prvSampleTimeNow
                0x10009b84       0x2c CMakeFiles/example1.dir/D_/pico/pico-FreeRTOS-SMP/Source/timers.c.obj
 .text.prvProcessExpiredTimer
                0x10009bb0       0x74 CMakeFiles/example1.dir/D_/pico/pico-FreeRTOS-SMP/Source/timers.c.obj
 .text.prvProcessTimerOrBlockTask
                0x10009c24       0x70 CMakeFiles/example1.dir/D_/pico/pico-FreeRTOS-SMP/Source/timers.c.obj
 .text.prvProcessReceivedCommands
                0x10009c94      0x114 CMakeFiles/example1.dir/D_/pico/pico-FreeRTOS-SMP/Source/timers.c.obj
 .text.prvTimerTask
                0x10009da8       0x16 CMakeFiles/example1.dir/D_/pico/pico-FreeRTOS-SMP/Source/timers.c.obj
 *fill*         0x10009dbe        0x2 
 .text.xTimerPendFunctionCallFromISR
                0x10009dc0       0x28 CMakeFiles/example1.dir/D_/pico/pico-FreeRTOS-SMP/Source/timers.c.obj
                0x10009dc0                xTimerPendFunctionCallFromISR
 .text.exception_is_compile_time_default
                0x10009de8       0x20 CMakeFiles/example1.dir/D_/pico/pico-sdk/src/rp2_common/hardware_exception/exception.c.obj
 .text.set_raw_exception_handler_and_restore_interrupts
                0x10009e08       0x18 CMakeFiles/example1.dir/D_/pico/pico-sdk/src/rp2_common/hardware_exception/exception.c.obj
 .text.exception_get_vtable_handler
                0x10009e20       0x10 CMakeFiles/example1.dir/D_/pico/pico-sdk/src/rp2_common/hardware_exception/exception.c.obj
                0x10009e20                exception_get_vtable_handler
 .text.exception_set_exclusive_handler
                0x10009e30       0x44 CMakeFiles/example1.dir/D_/pico/pico-sdk/src/rp2_common/hardware_exception/exception.c.obj
                0x10009e30                exception_set_exclusive_handler
 .text.prvHeapInit
                0x10009e74       0x64 CMakeFiles/example1.dir/D_/pico/pico-FreeRTOS-SMP/Source/portable/MemMang/heap_4.c.obj
 .text.prvInsertBlockIntoFreeList
                0x10009ed8       0x54 CMakeFiles/example1.dir/D_/pico/pico-FreeRTOS-SMP/Source/portable/MemMang/heap_4.c.obj
 .text.pvPortMalloc
                0x10009f2c      0x128 CMakeFiles/example1.dir/D_/pico/pico-FreeRTOS-SMP/Source/portable/MemMang/heap_4.c.obj
                0x10009f2c                pvPortMalloc
 .text.vPortFree
                0x1000a054       0x84 CMakeFiles/example1.dir/D_/pico/pico-FreeRTOS-SMP/Source/portable/MemMang/heap_4.c.obj
                0x1000a054                vPortFree
 .text.strlen   0x1000a0d8       0x5c d:/pico/armcc/10 2021.10/bin/../lib/gcc/arm-none-eabi/10.3.1/../../../../arm-none-eabi/lib/thumb/v6-m/nofp\libg.a(lib_a-strlen-stub.o)
                0x1000a0d8                strlen
 *(.fini)
 .fini          0x1000a134        0x4 d:/pico/armcc/10 2021.10/bin/../lib/gcc/arm-none-eabi/10.3.1/thumb/v6-m/nofp/crti.o
                0x1000a134                _fini
 .fini.__stub   0x1000a138       0x70 linker stubs
 *crtbegin.o(.ctors)
 *crtbegin?.o(.ctors)
 *(EXCLUDE_FILE(*crtend.o *crtend?.o) .ctors)
 *(SORT_BY_NAME(.ctors.*))
 *(.ctors)
 *crtbegin.o(.dtors)
 *crtbegin?.o(.dtors)
 *(EXCLUDE_FILE(*crtend.o *crtend?.o) .dtors)
 *(SORT_BY_NAME(.dtors.*))
 *(.dtors)
 *(.eh_frame*)
 .eh_frame      0x1000a1a8        0x0 d:/pico/armcc/10 2021.10/bin/../lib/gcc/arm-none-eabi/10.3.1/thumb/v6-m/nofp/crtbegin.o
                0x1000a1a8                . = ALIGN (0x4)

.glue_7         0x1000a1a8        0x0
 .glue_7        0x1000a1a8        0x0 linker stubs

.glue_7t        0x1000a1a8        0x0
 .glue_7t       0x1000a1a8        0x0 linker stubs

.vfp11_veneer   0x1000a1a8        0x0
 .vfp11_veneer  0x1000a1a8        0x0 linker stubs

.v4_bx          0x1000a1a8        0x0
 .v4_bx         0x1000a1a8        0x0 linker stubs

.iplt           0x1000a1a8        0x0
 .iplt          0x1000a1a8        0x0 d:/pico/armcc/10 2021.10/bin/../lib/gcc/arm-none-eabi/10.3.1/thumb/v6-m/nofp/crtbegin.o

.rodata         0x1000a1a8     0x26e4
 *(EXCLUDE_FILE(*libm.a: *libc.a:*lib_a-mem*.o *libgcc.a:) .rodata*)
 .rodata.vApplicationMallocFailedHook.str1.4
                0x1000a1a8       0x5a CMakeFiles/example1.dir/main.c.obj
 *fill*         0x1000a202        0x2 
 .rodata.__func__.0
                0x1000a204       0x1e CMakeFiles/example1.dir/main.c.obj
 *fill*         0x1000a222        0x2 
 .rodata.__func__.1
                0x1000a224       0x1d CMakeFiles/example1.dir/main.c.obj
 *fill*         0x1000a241        0x3 
 .rodata.vTask1.str1.4
                0x1000a244       0x15 CMakeFiles/example1.dir/ex1_create_task.c.obj
 *fill*         0x1000a259        0x3 
 .rodata.vTask2.str1.4
                0x1000a25c       0x15 CMakeFiles/example1.dir/ex1_create_task.c.obj
 *fill*         0x1000a271        0x3 
 .rodata.create_task.str1.4
                0x1000a274        0xf CMakeFiles/example1.dir/ex1_create_task.c.obj
 *fill*         0x1000a283        0x1 
 .rodata.spin_lock_claim.str1.4
                0x1000a284       0x1f CMakeFiles/example1.dir/D_/pico/pico-sdk/src/rp2_common/hardware_sync/sync.c.obj
 *fill*         0x1000a2a3        0x1 
 .rodata.spin_lock_claim_unused.str1.4
                0x1000a2a4       0x1b CMakeFiles/example1.dir/D_/pico/pico-sdk/src/rp2_common/hardware_sync/sync.c.obj
 *fill*         0x1000a2bf        0x1 
 .rodata.make_branch.str1.4
                0x1000a2c0       0x63 CMakeFiles/example1.dir/D_/pico/pico-sdk/src/rp2_common/hardware_irq/irq.c.obj
 *fill*         0x1000a323        0x1 
 .rodata.insert_branch_and_link.str1.4
                0x1000a324       0x10 CMakeFiles/example1.dir/D_/pico/pico-sdk/src/rp2_common/hardware_irq/irq.c.obj
 .rodata.irq_set_exclusive_handler.str1.4
                0x1000a334       0x36 CMakeFiles/example1.dir/D_/pico/pico-sdk/src/rp2_common/hardware_irq/irq.c.obj
 *fill*         0x1000a36a        0x2 
 .rodata.irq_add_shared_handler.str1.4
                0x1000a36c       0xd9 CMakeFiles/example1.dir/D_/pico/pico-sdk/src/rp2_common/hardware_irq/irq.c.obj
 *fill*         0x1000a445        0x3 
 .rodata.irq_remove_handler.str1.4
                0x1000a448       0x2a CMakeFiles/example1.dir/D_/pico/pico-sdk/src/rp2_common/hardware_irq/irq.c.obj
 *fill*         0x1000a472        0x2 
 .rodata.irq_add_tail_to_free_list.str1.4
                0x1000a474       0x3a CMakeFiles/example1.dir/D_/pico/pico-sdk/src/rp2_common/hardware_irq/irq.c.obj
 *fill*         0x1000a4ae        0x2 
 .rodata.user_irq_claim_unused.str1.4
                0x1000a4b0       0x1b CMakeFiles/example1.dir/D_/pico/pico-sdk/src/rp2_common/hardware_irq/irq.c.obj
 *fill*         0x1000a4cb        0x1 
 .rodata.__func__.0
                0x1000a4cc       0x1a CMakeFiles/example1.dir/D_/pico/pico-sdk/src/rp2_common/hardware_irq/irq.c.obj
 *fill*         0x1000a4e6        0x2 
 .rodata.__func__.1
                0x1000a4e8       0x17 CMakeFiles/example1.dir/D_/pico/pico-sdk/src/rp2_common/hardware_irq/irq.c.obj
 *fill*         0x1000a4ff        0x1 
 .rodata.__func__.2
                0x1000a500       0x13 CMakeFiles/example1.dir/D_/pico/pico-sdk/src/rp2_common/hardware_irq/irq.c.obj
 *fill*         0x1000a513        0x1 
 .rodata.__func__.3
                0x1000a514        0xc CMakeFiles/example1.dir/D_/pico/pico-sdk/src/rp2_common/hardware_irq/irq.c.obj
 .rodata.__func__.4
                0x1000a520        0xf CMakeFiles/example1.dir/D_/pico/pico-sdk/src/rp2_common/hardware_irq/irq.c.obj
 *fill*         0x1000a52f        0x1 
 .rodata.__func__.5
                0x1000a530       0x17 CMakeFiles/example1.dir/D_/pico/pico-sdk/src/rp2_common/hardware_irq/irq.c.obj
 *fill*         0x1000a547        0x1 
 .rodata.__func__.6
                0x1000a548       0x1a CMakeFiles/example1.dir/D_/pico/pico-sdk/src/rp2_common/hardware_irq/irq.c.obj
 *fill*         0x1000a562        0x2 
 .rodata.repeating_timer_callback.str1.4
                0x1000a564       0x41 CMakeFiles/example1.dir/D_/pico/pico-sdk/src/common/pico_time/time.c.obj
 *fill*         0x1000a5a5        0x3 
 .rodata.alarm_pool_dump_key.str1.4
                0x1000a5a8       0x33 CMakeFiles/example1.dir/D_/pico/pico-sdk/src/common/pico_time/time.c.obj
 *fill*         0x1000a5db        0x1 
 .rodata.ph_add_child_node.str1.4
                0x1000a5dc       0x8a CMakeFiles/example1.dir/D_/pico/pico-sdk/src/common/pico_time/time.c.obj
 *fill*         0x1000a666        0x2 
 .rodata.add_alarm_under_lock.str1.4
                0x1000a668       0x28 CMakeFiles/example1.dir/D_/pico/pico-sdk/src/common/pico_time/time.c.obj
                                 0x2b (size before relaxing)
 .rodata.alarm_pool_alarm_callback.str1.4
                0x1000a690       0xda CMakeFiles/example1.dir/D_/pico/pico-sdk/src/common/pico_time/time.c.obj
 *fill*         0x1000a76a        0x2 
 .rodata.alarm_pool_get_default.str1.4
                0x1000a76c       0x21 CMakeFiles/example1.dir/D_/pico/pico-sdk/src/common/pico_time/time.c.obj
 *fill*         0x1000a78d        0x3 
 .rodata.alarm_pool_cancel_alarm.str1.4
                0x1000a790       0x27 CMakeFiles/example1.dir/D_/pico/pico-sdk/src/common/pico_time/time.c.obj
 *fill*         0x1000a7b7        0x1 
 .rodata.__func__.1
                0x1000a7b8       0x18 CMakeFiles/example1.dir/D_/pico/pico-sdk/src/common/pico_time/time.c.obj
 .rodata.__func__.10
                0x1000a7d0       0x15 CMakeFiles/example1.dir/D_/pico/pico-sdk/src/common/pico_time/time.c.obj
 *fill*         0x1000a7e5        0x3 
 .rodata.__func__.11
                0x1000a7e8       0x1a CMakeFiles/example1.dir/D_/pico/pico-sdk/src/common/pico_time/time.c.obj
 *fill*         0x1000a802        0x2 
 .rodata.__func__.12
                0x1000a804        0xa CMakeFiles/example1.dir/D_/pico/pico-sdk/src/common/pico_time/time.c.obj
 *fill*         0x1000a80e        0x2 
 .rodata.__func__.3
                0x1000a810       0x17 CMakeFiles/example1.dir/D_/pico/pico-sdk/src/common/pico_time/time.c.obj
 *fill*         0x1000a827        0x1 
 .rodata.__func__.4
                0x1000a828       0x12 CMakeFiles/example1.dir/D_/pico/pico-sdk/src/common/pico_time/time.c.obj
 *fill*         0x1000a83a        0x2 
 .rodata.__func__.5
                0x1000a83c        0xd CMakeFiles/example1.dir/D_/pico/pico-sdk/src/common/pico_time/time.c.obj
 *fill*         0x1000a849        0x3 
 .rodata.__func__.6
                0x1000a84c       0x12 CMakeFiles/example1.dir/D_/pico/pico-sdk/src/common/pico_time/time.c.obj
 *fill*         0x1000a85e        0x2 
 .rodata.__func__.7
                0x1000a860        0xf CMakeFiles/example1.dir/D_/pico/pico-sdk/src/common/pico_time/time.c.obj
 *fill*         0x1000a86f        0x1 
 .rodata.__func__.8
                0x1000a870        0xc CMakeFiles/example1.dir/D_/pico/pico-sdk/src/common/pico_time/time.c.obj
 .rodata.__func__.9
                0x1000a87c       0x15 CMakeFiles/example1.dir/D_/pico/pico-sdk/src/common/pico_time/time.c.obj
 *fill*         0x1000a891        0x3 
 .rodata.hardware_alarm_claim.str1.4
                0x1000a894       0x22 CMakeFiles/example1.dir/D_/pico/pico-sdk/src/rp2_common/hardware_timer/timer.c.obj
 *fill*         0x1000a8b6        0x2 
 .rodata.hardware_alarm_set_target.str1.4
                0x1000a8b8       0x5b CMakeFiles/example1.dir/D_/pico/pico-sdk/src/rp2_common/hardware_timer/timer.c.obj
 *fill*         0x1000a913        0x1 
 .rodata.__func__.0
                0x1000a914       0x1a CMakeFiles/example1.dir/D_/pico/pico-sdk/src/rp2_common/hardware_timer/timer.c.obj
 .rodata.ph_add_child_node.str1.4
                0x1000a92e       0x8a CMakeFiles/example1.dir/D_/pico/pico-sdk/src/common/pico_util/pheap.c.obj
 *fill*         0x1000a92e        0x2 
 .rodata.ph_remove_any_head.str1.4
                0x1000a930       0x84 CMakeFiles/example1.dir/D_/pico/pico-sdk/src/common/pico_util/pheap.c.obj
 .rodata.ph_remove_and_free_node.str1.4
                0x1000a9b4       0x1e CMakeFiles/example1.dir/D_/pico/pico-sdk/src/common/pico_util/pheap.c.obj
                                 0x26 (size before relaxing)
 *fill*         0x1000a9d2        0x2 
 .rodata.__func__.0
                0x1000a9d4       0x18 CMakeFiles/example1.dir/D_/pico/pico-sdk/src/common/pico_util/pheap.c.obj
 .rodata.__func__.1
                0x1000a9ec       0x13 CMakeFiles/example1.dir/D_/pico/pico-sdk/src/common/pico_util/pheap.c.obj
 *fill*         0x1000a9ff        0x1 
 .rodata.__func__.2
                0x1000aa00       0x12 CMakeFiles/example1.dir/D_/pico/pico-sdk/src/common/pico_util/pheap.c.obj
 *fill*         0x1000aa12        0x2 
 .rodata.__func__.3
                0x1000aa14        0xc CMakeFiles/example1.dir/D_/pico/pico-sdk/src/common/pico_util/pheap.c.obj
 .rodata.str1.4
                0x1000aa20       0x81 CMakeFiles/example1.dir/D_/pico/pico-sdk/src/common/pico_sync/mutex.c.obj
                                 0xd9 (size before relaxing)
 *fill*         0x1000aaa1        0x3 
 .rodata.__func__.1
                0x1000aaa4        0xb CMakeFiles/example1.dir/D_/pico/pico-sdk/src/common/pico_sync/mutex.c.obj
 *fill*         0x1000aaaf        0x1 
 .rodata.__func__.3
                0x1000aab0       0x18 CMakeFiles/example1.dir/D_/pico/pico-sdk/src/common/pico_sync/mutex.c.obj
 .rodata.__func__.4
                0x1000aac8       0x15 CMakeFiles/example1.dir/D_/pico/pico-sdk/src/common/pico_sync/mutex.c.obj
 *fill*         0x1000aadd        0x3 
 .rodata.__assert_func.str1.4
                0x1000aae0       0x3f CMakeFiles/example1.dir/D_/pico/pico-sdk/src/rp2_common/pico_runtime/runtime.c.obj
                                 0x43 (size before relaxing)
 *fill*         0x1000ab1f        0x1 
 .rodata.runtime_init.str1.4
                0x1000ab20       0x57 CMakeFiles/example1.dir/D_/pico/pico-sdk/src/rp2_common/pico_runtime/runtime.c.obj
 *fill*         0x1000ab77        0x1 
 .rodata.panic.str1.4
                0x1000ab78       0x12 CMakeFiles/example1.dir/D_/pico/pico-sdk/src/rp2_common/pico_runtime/runtime.c.obj
 *fill*         0x1000ab8a        0x2 
 .rodata.panic_unsupported.str1.4
                0x1000ab8c        0xe CMakeFiles/example1.dir/D_/pico/pico-sdk/src/rp2_common/pico_runtime/runtime.c.obj
 *fill*         0x1000ab9a        0x2 
 .rodata.__func__.1
                0x1000ab9c        0xd CMakeFiles/example1.dir/D_/pico/pico-sdk/src/rp2_common/pico_runtime/runtime.c.obj
 *fill*         0x1000aba9        0x3 
 .rodata.clock_configure.str1.4
                0x1000abac       0x4d CMakeFiles/example1.dir/D_/pico/pico-sdk/src/rp2_common/hardware_clocks/clocks.c.obj
 *fill*         0x1000abf9        0x3 
 .rodata.__func__.1
                0x1000abfc       0x10 CMakeFiles/example1.dir/D_/pico/pico-sdk/src/rp2_common/hardware_clocks/clocks.c.obj
 .rodata.pll_init.str1.4
                0x1000ac0c      0x12f CMakeFiles/example1.dir/D_/pico/pico-sdk/src/rp2_common/hardware_pll/pll.c.obj
 *fill*         0x1000ad3b        0x1 
 .rodata.__func__.0
                0x1000ad3c        0x9 CMakeFiles/example1.dir/D_/pico/pico-sdk/src/rp2_common/hardware_pll/pll.c.obj
 *fill*         0x1000ad45        0x3 
 .rodata._ftoa.str1.4
                0x1000ad48       0x15 CMakeFiles/example1.dir/D_/pico/pico-sdk/src/rp2_common/pico_printf/printf.c.obj
 *fill*         0x1000ad5d        0x3 
 .rodata._vsnprintf
                0x1000ad60      0x1e0 CMakeFiles/example1.dir/D_/pico/pico-sdk/src/rp2_common/pico_printf/printf.c.obj
 .rodata.pow10.0
                0x1000af40       0x50 CMakeFiles/example1.dir/D_/pico/pico-sdk/src/rp2_common/pico_printf/printf.c.obj
 .rodata.__aeabi_double_init.str1.4
                0x1000af90       0x9e CMakeFiles/example1.dir/D_/pico/pico-sdk/src/rp2_common/pico_double/double_init_rom.c.obj
 *fill*         0x1000b02e        0x2 
 .rodata.__func__.0
                0x1000b030       0x14 CMakeFiles/example1.dir/D_/pico/pico-sdk/src/rp2_common/pico_double/double_init_rom.c.obj
 .rodata.__aeabi_float_init.str1.4
                0x1000b044       0x70 CMakeFiles/example1.dir/D_/pico/pico-sdk/src/rp2_common/pico_float/float_init_rom.c.obj
                                 0x74 (size before relaxing)
 .rodata.__func__.0
                0x1000b0b4       0x13 CMakeFiles/example1.dir/D_/pico/pico-sdk/src/rp2_common/pico_float/float_init_rom.c.obj
 *fill*         0x1000b0c7        0x1 
 .rodata.str1.4
                0x1000b0c8       0x40 CMakeFiles/example1.dir/D_/pico/pico-sdk/src/rp2_common/pico_standard_link/binary_info.c.obj
 .rodata.__bi_44
                0x1000b108        0xc CMakeFiles/example1.dir/D_/pico/pico-sdk/src/rp2_common/pico_standard_link/binary_info.c.obj
 .rodata.__bi_75
                0x1000b114        0xc CMakeFiles/example1.dir/D_/pico/pico-sdk/src/rp2_common/pico_standard_link/binary_info.c.obj
 .rodata.__bi_81
                0x1000b120        0xc CMakeFiles/example1.dir/D_/pico/pico-sdk/src/rp2_common/pico_standard_link/binary_info.c.obj
 .rodata.crlf_str.3
                0x1000b12c        0x2 CMakeFiles/example1.dir/D_/pico/pico-sdk/src/rp2_common/pico_stdio/stdio.c.obj
 *fill*         0x1000b12e        0x2 
 .rodata._resetd_driver
                0x1000b130       0x18 CMakeFiles/example1.dir/D_/pico/pico-sdk/src/rp2_common/pico_stdio_usb/reset_interface.c.obj
 .rodata.timer_task.str1.4
                0x1000b148       0x63 CMakeFiles/example1.dir/D_/pico/pico-sdk/src/rp2_common/pico_stdio_usb/stdio_usb.c.obj
 .rodata.stdio_usb_init.str1.4
                0x1000b1ab       0x57 CMakeFiles/example1.dir/D_/pico/pico-sdk/src/rp2_common/pico_stdio_usb/stdio_usb.c.obj
 *fill*         0x1000b1ab        0x1 
 .rodata.str1.4
                0x1000b1ac       0x13 CMakeFiles/example1.dir/D_/pico/pico-sdk/src/rp2_common/pico_stdio_usb/stdio_usb.c.obj
 *fill*         0x1000b1bf        0x1 
 .rodata.__bi_118.2
                0x1000b1c0        0xc CMakeFiles/example1.dir/D_/pico/pico-sdk/src/rp2_common/pico_stdio_usb/stdio_usb.c.obj
 .rodata.__func__.0
                0x1000b1cc       0x15 CMakeFiles/example1.dir/D_/pico/pico-sdk/src/rp2_common/pico_stdio_usb/stdio_usb.c.obj
 *fill*         0x1000b1e1        0x3 
 .rodata.__func__.1
                0x1000b1e4        0xb CMakeFiles/example1.dir/D_/pico/pico-sdk/src/rp2_common/pico_stdio_usb/stdio_usb.c.obj
 *fill*         0x1000b1ef        0x1 
 .rodata.str1.4
                0x1000b1f0       0x2a CMakeFiles/example1.dir/D_/pico/pico-sdk/src/rp2_common/pico_stdio_usb/stdio_usb_descriptors.c.obj
 *fill*         0x1000b21a        0x2 
 .rodata.usbd_desc_cfg
                0x1000b21c       0x54 CMakeFiles/example1.dir/D_/pico/pico-sdk/src/rp2_common/pico_stdio_usb/stdio_usb_descriptors.c.obj
 .rodata.usbd_desc_device
                0x1000b270       0x12 CMakeFiles/example1.dir/D_/pico/pico-sdk/src/rp2_common/pico_stdio_usb/stdio_usb_descriptors.c.obj
 *fill*         0x1000b282        0x2 
 .rodata.usbd_desc_str
                0x1000b284       0x18 CMakeFiles/example1.dir/D_/pico/pico-sdk/src/rp2_common/pico_stdio_usb/stdio_usb_descriptors.c.obj
 .rodata._hw_endpoint_alloc.str1.4
                0x1000b29c       0xad CMakeFiles/example1.dir/D_/pico/pico-sdk/lib/tinyusb/src/portable/raspberrypi/rp2040/dcd_rp2040.c.obj
 *fill*         0x1000b349        0x3 
 .rodata.dcd_rp2040_irq.str1.4
                0x1000b34c       0x14 CMakeFiles/example1.dir/D_/pico/pico-sdk/lib/tinyusb/src/portable/raspberrypi/rp2040/dcd_rp2040.c.obj
 .rodata.dcd_int_enable.str1.4
                0x1000b360        0xc CMakeFiles/example1.dir/D_/pico/pico-sdk/lib/tinyusb/src/portable/raspberrypi/rp2040/dcd_rp2040.c.obj
 .rodata.__func__.0
                0x1000b36c        0xe CMakeFiles/example1.dir/D_/pico/pico-sdk/lib/tinyusb/src/portable/raspberrypi/rp2040/dcd_rp2040.c.obj
 *fill*         0x1000b37a        0x2 
 .rodata.__func__.1
                0x1000b37c        0xe CMakeFiles/example1.dir/D_/pico/pico-sdk/lib/tinyusb/src/portable/raspberrypi/rp2040/dcd_rp2040.c.obj
 *fill*         0x1000b38a        0x2 
 .rodata.__func__.3
                0x1000b38c       0x10 CMakeFiles/example1.dir/D_/pico/pico-sdk/lib/tinyusb/src/portable/raspberrypi/rp2040/dcd_rp2040.c.obj
 .rodata.__func__.5
                0x1000b39c        0xf CMakeFiles/example1.dir/D_/pico/pico-sdk/lib/tinyusb/src/portable/raspberrypi/rp2040/dcd_rp2040.c.obj
 *fill*         0x1000b3ab        0x1 
 .rodata.__func__.6
                0x1000b3ac       0x13 CMakeFiles/example1.dir/D_/pico/pico-sdk/lib/tinyusb/src/portable/raspberrypi/rp2040/dcd_rp2040.c.obj
 *fill*         0x1000b3bf        0x1 
 .rodata.__func__.7
                0x1000b3c0        0x9 CMakeFiles/example1.dir/D_/pico/pico-sdk/lib/tinyusb/src/portable/raspberrypi/rp2040/dcd_rp2040.c.obj
 *fill*         0x1000b3c9        0x3 
 .rodata.sync_ep_buffer.str1.4
                0x1000b3cc       0x89 CMakeFiles/example1.dir/D_/pico/pico-sdk/lib/tinyusb/src/portable/raspberrypi/rp2040/rp2040_usb.c.obj
 *fill*         0x1000b455        0x3 
 .rodata._hw_endpoint_buffer_control_update32.str1.4
                0x1000b458       0x1f CMakeFiles/example1.dir/D_/pico/pico-sdk/lib/tinyusb/src/portable/raspberrypi/rp2040/rp2040_usb.c.obj
 *fill*         0x1000b477        0x1 
 .rodata.hw_endpoint_xfer_start.str1.4
                0x1000b478       0x38 CMakeFiles/example1.dir/D_/pico/pico-sdk/lib/tinyusb/src/portable/raspberrypi/rp2040/rp2040_usb.c.obj
 .rodata.hw_endpoint_xfer_continue.str1.4
                0x1000b4b0       0x29 CMakeFiles/example1.dir/D_/pico/pico-sdk/lib/tinyusb/src/portable/raspberrypi/rp2040/rp2040_usb.c.obj
 *fill*         0x1000b4d9        0x3 
 .rodata.str1.4
                0x1000b4dc        0x7 CMakeFiles/example1.dir/D_/pico/pico-sdk/lib/tinyusb/src/portable/raspberrypi/rp2040/rp2040_usb.c.obj
 *fill*         0x1000b4e3        0x1 
 .rodata.__func__.0
                0x1000b4e4        0xf CMakeFiles/example1.dir/D_/pico/pico-sdk/lib/tinyusb/src/portable/raspberrypi/rp2040/rp2040_usb.c.obj
 *fill*         0x1000b4f3        0x1 
 .rodata.process_set_config.str1.4
                0x1000b4f4       0x17 CMakeFiles/example1.dir/D_/pico/pico-sdk/lib/tinyusb/src/device/usbd.c.obj
 *fill*         0x1000b50b        0x1 
 .rodata.process_get_descriptor
                0x1000b50c       0x40 CMakeFiles/example1.dir/D_/pico/pico-sdk/lib/tinyusb/src/device/usbd.c.obj
 .rodata.process_control_request
                0x1000b54c       0x28 CMakeFiles/example1.dir/D_/pico/pico-sdk/lib/tinyusb/src/device/usbd.c.obj
 .rodata.tud_task
                0x1000b574       0x24 CMakeFiles/example1.dir/D_/pico/pico-sdk/lib/tinyusb/src/device/usbd.c.obj
 .rodata.__func__.2
                0x1000b598        0xf CMakeFiles/example1.dir/D_/pico/pico-sdk/lib/tinyusb/src/device/usbd.c.obj
 *fill*         0x1000b5a7        0x1 
 .rodata.__func__.3
                0x1000b5a8        0xf CMakeFiles/example1.dir/D_/pico/pico-sdk/lib/tinyusb/src/device/usbd.c.obj
 *fill*         0x1000b5b7        0x1 
 .rodata.__func__.4